Archive member included to satisfy reference by file (symbol)

/home/tree/toolchain/xpack-arm-none-eabi-gcc-14.2.1-1.1/bin/../lib/gcc/arm-none-eabi/14.2.1/thumb/v7e-m+fp/hard/libgcc.a(_arm_muldf3.o)
                              CMakeFiles/Omnitrix.dir/User/device/power.c.obj (__aeabi_dmul)
/home/tree/toolchain/xpack-arm-none-eabi-gcc-14.2.1-1.1/bin/../lib/gcc/arm-none-eabi/14.2.1/thumb/v7e-m+fp/hard/libgcc.a(_arm_addsubdf3.o)
                              CMakeFiles/Omnitrix.dir/User/device/power.c.obj (__aeabi_ui2d)
/home/tree/toolchain/xpack-arm-none-eabi-gcc-14.2.1-1.1/bin/../lib/gcc/arm-none-eabi/14.2.1/thumb/v7e-m+fp/hard/libgcc.a(_arm_cmpdf2.o)
                              CMakeFiles/Omnitrix.dir/User/device/power.c.obj (__aeabi_dcmplt)
/home/tree/toolchain/xpack-arm-none-eabi-gcc-14.2.1-1.1/bin/../lib/gcc/arm-none-eabi/14.2.1/thumb/v7e-m+fp/hard/libgcc.a(_arm_truncdfsf2.o)
                              CMakeFiles/Omnitrix.dir/User/device/power.c.obj (__aeabi_d2f)
/home/tree/toolchain/xpack-arm-none-eabi-gcc-14.2.1-1.1/bin/../lib/gcc/arm-none-eabi/14.2.1/thumb/v7e-m+fp/hard/libgcc.a(_aeabi_uldivmod.o)
                              CMakeFiles/Omnitrix.dir/Drivers/STM32F4xx_HAL_Driver/Src/stm32f4xx_hal_rcc.c.obj (__aeabi_uldivmod)
/home/tree/toolchain/xpack-arm-none-eabi-gcc-14.2.1-1.1/bin/../lib/gcc/arm-none-eabi/14.2.1/thumb/v7e-m+fp/hard/libgcc.a(_udivmoddi4.o)
                              /home/tree/toolchain/xpack-arm-none-eabi-gcc-14.2.1-1.1/bin/../lib/gcc/arm-none-eabi/14.2.1/thumb/v7e-m+fp/hard/libgcc.a(_aeabi_uldivmod.o) (__udivmoddi4)
/home/tree/toolchain/xpack-arm-none-eabi-gcc-14.2.1-1.1/bin/../lib/gcc/arm-none-eabi/14.2.1/thumb/v7e-m+fp/hard/libgcc.a(_dvmd_tls.o)
                              /home/tree/toolchain/xpack-arm-none-eabi-gcc-14.2.1-1.1/bin/../lib/gcc/arm-none-eabi/14.2.1/thumb/v7e-m+fp/hard/libgcc.a(_aeabi_uldivmod.o) (__aeabi_ldiv0)
/home/tree/toolchain/xpack-arm-none-eabi-gcc-14.2.1-1.1/bin/../lib/gcc/arm-none-eabi/14.2.1/../../../../arm-none-eabi/lib/thumb/v7e-m+fp/hard/libg_nano.a(libc_a-atexit.o)
                              /home/tree/toolchain/xpack-arm-none-eabi-gcc-14.2.1-1.1/bin/../lib/gcc/arm-none-eabi/14.2.1/../../../../arm-none-eabi/lib/thumb/v7e-m+fp/hard/crt0.o (atexit)
/home/tree/toolchain/xpack-arm-none-eabi-gcc-14.2.1-1.1/bin/../lib/gcc/arm-none-eabi/14.2.1/../../../../arm-none-eabi/lib/thumb/v7e-m+fp/hard/libg_nano.a(libc_a-exit.o)
                              /home/tree/toolchain/xpack-arm-none-eabi-gcc-14.2.1-1.1/bin/../lib/gcc/arm-none-eabi/14.2.1/../../../../arm-none-eabi/lib/thumb/v7e-m+fp/hard/crt0.o (exit)
/home/tree/toolchain/xpack-arm-none-eabi-gcc-14.2.1-1.1/bin/../lib/gcc/arm-none-eabi/14.2.1/../../../../arm-none-eabi/lib/thumb/v7e-m+fp/hard/libg_nano.a(libc_a-nano-vfprintf_float.o)
                              (_printf_float)
/home/tree/toolchain/xpack-arm-none-eabi-gcc-14.2.1-1.1/bin/../lib/gcc/arm-none-eabi/14.2.1/../../../../arm-none-eabi/lib/thumb/v7e-m+fp/hard/libg_nano.a(libc_a-nano-vfprintf_i.o)
                              /home/tree/toolchain/xpack-arm-none-eabi-gcc-14.2.1-1.1/bin/../lib/gcc/arm-none-eabi/14.2.1/../../../../arm-none-eabi/lib/thumb/v7e-m+fp/hard/libg_nano.a(libc_a-nano-vfprintf_float.o) (_printf_common)
/home/tree/toolchain/xpack-arm-none-eabi-gcc-14.2.1-1.1/bin/../lib/gcc/arm-none-eabi/14.2.1/../../../../arm-none-eabi/lib/thumb/v7e-m+fp/hard/libg_nano.a(libc_a-findfp.o)
                              /home/tree/toolchain/xpack-arm-none-eabi-gcc-14.2.1-1.1/bin/../lib/gcc/arm-none-eabi/14.2.1/../../../../arm-none-eabi/lib/thumb/v7e-m+fp/hard/libg_nano.a(libc_a-exit.o) (__stdio_exit_handler)
/home/tree/toolchain/xpack-arm-none-eabi-gcc-14.2.1-1.1/bin/../lib/gcc/arm-none-eabi/14.2.1/../../../../arm-none-eabi/lib/thumb/v7e-m+fp/hard/libg_nano.a(libc_a-fwalk.o)
                              /home/tree/toolchain/xpack-arm-none-eabi-gcc-14.2.1-1.1/bin/../lib/gcc/arm-none-eabi/14.2.1/../../../../arm-none-eabi/lib/thumb/v7e-m+fp/hard/libg_nano.a(libc_a-findfp.o) (_fwalk_sglue)
/home/tree/toolchain/xpack-arm-none-eabi-gcc-14.2.1-1.1/bin/../lib/gcc/arm-none-eabi/14.2.1/../../../../arm-none-eabi/lib/thumb/v7e-m+fp/hard/libg_nano.a(libc_a-stdio.o)
                              /home/tree/toolchain/xpack-arm-none-eabi-gcc-14.2.1-1.1/bin/../lib/gcc/arm-none-eabi/14.2.1/../../../../arm-none-eabi/lib/thumb/v7e-m+fp/hard/libg_nano.a(libc_a-findfp.o) (__sread)
/home/tree/toolchain/xpack-arm-none-eabi-gcc-14.2.1-1.1/bin/../lib/gcc/arm-none-eabi/14.2.1/../../../../arm-none-eabi/lib/thumb/v7e-m+fp/hard/libg_nano.a(libc_a-memset.o)
                              /home/tree/toolchain/xpack-arm-none-eabi-gcc-14.2.1-1.1/bin/../lib/gcc/arm-none-eabi/14.2.1/../../../../arm-none-eabi/lib/thumb/v7e-m+fp/hard/crt0.o (memset)
/home/tree/toolchain/xpack-arm-none-eabi-gcc-14.2.1-1.1/bin/../lib/gcc/arm-none-eabi/14.2.1/../../../../arm-none-eabi/lib/thumb/v7e-m+fp/hard/libg_nano.a(libc_a-localeconv.o)
[...]
Memory Configuration

Name             Origin             Length             Attributes
RAM              0x20000000         0x00020000         xrw
FLASH            0x08000000         0x00080000         xr
*default*        0x00000000         0xffffffff

Linker script and memory map

LOAD /home/tree/toolchain/xpack-arm-none-eabi-gcc-14.2.1-1.1/bin/../lib/gcc/arm-none-eabi/14.2.1/thumb/v7e-m+fp/hard/crti.o
LOAD /home/tree/toolchain/xpack-arm-none-eabi-gcc-14.2.1-1.1/bin/../lib/gcc/arm-none-eabi/14.2.1/thumb/v7e-m+fp/hard/crtbegin.o
LOAD /home/tree/toolchain/xpack-arm-none-eabi-gcc-14.2.1-1.1/bin/../lib/gcc/arm-none-eabi/14.2.1/../../../../arm-none-eabi/lib/thumb/v7e-m+fp/hard/crt0.o
LOAD CMakeFiles/Omnitrix.dir/Core/Src/adc.c.obj
LOAD CMakeFiles/Omnitrix.dir/Core/Src/dma.c.obj
LOAD CMakeFiles/Omnitrix.dir/Core/Src/freertos.c.obj
LOAD CMakeFiles/Omnitrix.dir/Core/Src/gpio.c.obj
LOAD CMakeFiles/Omnitrix.dir/Core/Src/main.c.obj
LOAD CMakeFiles/Omnitrix.dir/Core/Src/rtc.c.obj
LOAD CMakeFiles/Omnitrix.dir/Core/Src/spi.c.obj
LOAD CMakeFiles/Omnitrix.dir/Core/Src/stm32f4xx_hal_msp.c.obj
LOAD CMakeFiles/Omnitrix.dir/Core/Src/stm32f4xx_hal_timebase_tim.c.obj
LOAD CMakeFiles/Omnitrix.dir/Core/Src/stm32f4xx_it.c.obj
LOAD CMakeFiles/Omnitrix.dir/Core/Src/syscalls.c.obj
LOAD CMakeFiles/Omnitrix.dir/Core/Src/sysmem.c.obj
LOAD CMakeFiles/Omnitrix.dir/Core/Src/system_stm32f4xx.c.obj
LOAD CMakeFiles/Omnitrix.dir/Core/Src/tim.c.obj
LOAD CMakeFiles/Omnitrix.dir/Core/Src/usart.c.obj
LOAD CMakeFiles/Omnitrix.dir/User/bsp/bsp_delay.c.obj
LOAD CMakeFiles/Omnitrix.dir/User/bsp/bsp_iic.c.obj
LOAD CMakeFiles/Omnitrix.dir/User/device/BL24C02.c.obj
LOAD CMakeFiles/Omnitrix.dir/User/device/CST816.c.obj
LOAD CMakeFiles/Omnitrix.dir/User/device/DataSave.c.obj
LOAD CMakeFiles/Omnitrix.dir/User/device/KT6328.c.obj
LOAD CMakeFiles/Omnitrix.dir/User/device/lcd.c.obj
LOAD CMakeFiles/Omnitrix.dir/User/device/lcd_init.c.obj
LOAD CMakeFiles/Omnitrix.dir/User/device/power.c.obj
LOAD CMakeFiles/Omnitrix.dir/User/task/initTask.c.obj
LOAD CMakeFiles/Omnitrix.dir/User/task/ledTask.c.obj
LOAD CMakeFiles/Omnitrix.dir/User/task/userTask.c.obj
LOAD CMakeFiles/Omnitrix.dir/Drivers/STM32F4xx_HAL_Driver/Src/stm32f4xx_hal.c.obj
LOAD CMakeFiles/Omnitrix.dir/Drivers/STM32F4xx_HAL_Driver/Src/stm32f4xx_hal_adc.c.obj
LOAD CMakeFiles/Omnitrix.dir/Drivers/STM32F4xx_HAL_Driver/Src/stm32f4xx_hal_adc_ex.c.obj
LOAD CMakeFiles/Omnitrix.dir/Drivers/STM32F4xx_HAL_Driver/Src/stm32f4xx_hal_cortex.c.obj
LOAD CMakeFiles/Omnitrix.dir/Drivers/STM32F4xx_HAL_Driver/Src/stm32f4xx_hal_dma.c.obj
LOAD CMakeFiles/Omnitrix.dir/Drivers/STM32F4xx_HAL_Driver/Src/stm32f4xx_hal_dma_ex.c.obj
LOAD CMakeFiles/Omnitrix.dir/Drivers/STM32F4xx_HAL_Driver/Src/stm32f4xx_hal_exti.c.obj
LOAD CMakeFiles/Omnitrix.dir/Drivers/STM32F4xx_HAL_Driver/Src/stm32f4xx_hal_flash.c.obj
LOAD CMakeFiles/Omnitrix.dir/Drivers/STM32F4xx_HAL_Driver/Src/stm32f4xx_hal_flash_ex.c.obj
LOAD CMakeFiles/Omnitrix.dir/Drivers/STM32F4xx_HAL_Driver/Src/stm32f4xx_hal_flash_ramfunc.c.obj
LOAD CMakeFiles/Omnitrix.dir/Drivers/STM32F4xx_HAL_Driver/Src/stm32f4xx_hal_gpio.c.obj
LOAD CMakeFiles/Omnitrix.dir/Drivers/STM32F4xx_HAL_Driver/Src/stm32f4xx_hal_pwr.c.obj
LOAD CMakeFiles/Omnitrix.dir/Drivers/STM32F4xx_HAL_Driver/Src/stm32f4xx_hal_pwr_ex.c.obj
LOAD CMakeFiles/Omnitrix.dir/Drivers/STM32F4xx_HAL_Driver/Src/stm32f4xx_hal_rcc.c.obj
LOAD CMakeFiles/Omnitrix.dir/Drivers/STM32F4xx_HAL_Driver/Src/stm32f4xx_hal_rcc_ex.c.obj
LOAD CMakeFiles/Omnitrix.dir/Drivers/STM32F4xx_HAL_Driver/Src/stm32f4xx_hal_rtc.c.obj
LOAD CMakeFiles/Omnitrix.dir/Drivers/STM32F4xx_HAL_Driver/Src/stm32f4xx_hal_rtc_ex.c.obj
LOAD CMakeFiles/Omnitrix.dir/Drivers/STM32F4xx_HAL_Driver/Src/stm32f4xx_hal_spi.c.obj
LOAD CMakeFiles/Omnitrix.dir/Drivers/STM32F4xx_HAL_Driver/Src/stm32f4xx_hal_tim.c.obj
LOAD CMakeFiles/Omnitrix.dir/Drivers/STM32F4xx_HAL_Driver/Src/stm32f4xx_hal_tim_ex.c.obj
LOAD CMakeFiles/Omnitrix.dir/Drivers/STM32F4xx_HAL_Driver/Src/stm32f4xx_hal_uart.c.obj
LOAD CMakeFiles/Omnitrix.dir/Drivers/STM32F4xx_HAL_Driver/Src/stm32f4xx_ll_adc.c.obj
LOAD CMakeFiles/Omnitrix.dir/Middlewares/Third_Party/FreeRTOS/Source/CMSIS_RTOS_V2/cmsis_os2.c.obj
LOAD CMakeFiles/Omnitrix.dir/Middlewares/Third_Party/FreeRTOS/Source/croutine.c.obj
LOAD CMakeFiles/Omnitrix.dir/Middlewares/Third_Party/FreeRTOS/Source/event_groups.c.obj
LOAD CMakeFiles/Omnitrix.dir/Middlewares/Third_Party/FreeRTOS/Source/list.c.obj
LOAD CMakeFiles/Omnitrix.dir/Middlewares/Third_Party/FreeRTOS/Source/portable/GCC/ARM_CM4F/port.c.obj
LOAD CMakeFiles/Omnitrix.dir/Middlewares/Third_Party/FreeRTOS/Source/portable/MemMang/heap_4.c.obj
LOAD CMakeFiles/Omnitrix.dir/Middlewares/Third_Party/FreeRTOS/Source/queue.c.obj
LOAD CMakeFiles/Omnitrix.dir/Middlewares/Third_Party/FreeRTOS/Source/stream_buffer.c.obj
LOAD CMakeFiles/Omnitrix.dir/Middlewares/Third_Party/FreeRTOS/Source/tasks.c.obj
LOAD CMakeFiles/Omnitrix.dir/Middlewares/Third_Party/FreeRTOS/Source/timers.c.obj
LOAD CMakeFiles/Omnitrix.dir/startup_stm32f411xe.s.obj
START GROUP
LOAD /home/tree/toolchain/xpack-arm-none-eabi-gcc-14.2.1-1.1/bin/../lib/gcc/arm-none-eabi/14.2.1/thumb/v7e-m+fp/hard/libgcc.a
LOAD /home/tree/toolchain/xpack-arm-none-eabi-gcc-14.2.1-1.1/bin/../lib/gcc/arm-none-eabi/14.2.1/../../../../arm-none-eabi/lib/thumb/v7e-m+fp/hard/libg_nano.a
LOAD /home/tree/toolchain/xpack-arm-none-eabi-gcc-14.2.1-1.1/bin/../lib/gcc/arm-none-eabi/14.2.1/../../../../arm-none-eabi/lib/thumb/v7e-m+fp/hard/libc_nano.a
END GROUP
START GROUP
LOAD /home/tree/toolchain/xpack-arm-none-eabi-gcc-14.2.1-1.1/bin/../lib/gcc/arm-none-eabi/14.2.1/thumb/v7e-m+fp/hard/libgcc.a
LOAD /home/tree/toolchain/xpack-arm-none-eabi-gcc-14.2.1-1.1/bin/../lib/gcc/arm-none-eabi/14.2.1/../../../../arm-none-eabi/lib/thumb/v7e-m+fp/hard/libc_nano.a
END GROUP
LOAD /home/tree/toolchain/xpack-arm-none-eabi-gcc-14.2.1-1.1/bin/../lib/gcc/arm-none-eabi/14.2.1/thumb/v7e-m+fp/hard/crtend.o
LOAD /home/tree/toolchain/xpack-arm-none-eabi-gcc-14.2.1-1.1/bin/../lib/gcc/arm-none-eabi/14.2.1/thumb/v7e-m+fp/hard/crtn.o
                0x20020000                        _estack = (ORIGIN (RAM) + LENGTH (RAM))
                0x00000200                        _Min_Heap_Size = 0x200
                0x00000400                        _Min_Stack_Size = 0x400

.isr_vector     0x08000000      0x198
                0x08000000                        . = ALIGN (0x4)
 *(.isr_vector)
 .isr_vector    0x08000000      0x198 CMakeFiles/Omnitrix.dir/startup_stm32f411xe.s.obj
                0x08000000                g_pfnVectors
                0x08000198                        . = ALIGN (0x4)

.text           0x080001a0     0x8168
                0x080001a0                        . = ALIGN (0x4)
 *(.text)
 .text          0x080001a0      0x378 /home/tree/toolchain/xpack-arm-none-eabi-gcc-14.2.1-1.1/bin/../lib/gcc/arm-none-eabi/14.2.1/thumb/v7e-m+fp/hard/libgcc.a(_arm_addsubdf3.o)
                0x080001a0                __aeabi_drsub
                0x080001a8                __aeabi_dsub
                0x080001a8                __subdf3
                0x080001ac                __adddf3
                0x080001ac                __aeabi_dadd
                0x08000424                __aeabi_ui2d
                0x08000424                __floatunsidf
                0x08000444                __floatsidf
                0x08000444                __aeabi_i2d
                0x08000468                __extendsfdf2
                0x08000468                __aeabi_f2d
                0x080004ac                __aeabi_ul2d
                0x080004ac                __floatundidf
                0x080004bc                __floatdidf
                0x080004bc                __aeabi_l2d
 .text          0x08000518      0x110 /home/tree/toolchain/xpack-arm-none-eabi-gcc-14.2.1-1.1/bin/../lib/gcc/arm-none-eabi/14.2.1/thumb/v7e-m+fp/hard/libgcc.a(_arm_cmpdf2.o)
                0x08000518                __gtdf2
                0x08000518                __gedf2
                0x08000520                __ltdf2
                0x08000520                __ledf2
                0x08000528                __cmpdf2
                0x08000528                __eqdf2
                0x08000528                __nedf2
                0x080005a4                __aeabi_cdrcmple
                0x080005b4                __aeabi_cdcmple
                0x080005b4                __aeabi_cdcmpeq
                0x080005c4                __aeabi_dcmpeq
                0x080005d8                __aeabi_dcmplt
                0x080005ec                __aeabi_dcmple
                0x08000600                __aeabi_dcmpge
                0x08000614                __aeabi_dcmpgt
 .text          0x08000628       0x30 /home/tree/toolchain/xpack-arm-none-eabi-gcc-14.2.1-1.1/bin/../lib/gcc/arm-none-eabi/14.2.1/thumb/v7e-m+fp/hard/libgcc.a(_aeabi_uldivmod.o)
                0x08000628                __aeabi_uldivmod
 .text          0x08000658        0x4 /home/tree/toolchain/xpack-arm-none-eabi-gcc-14.2.1-1.1/bin/../lib/gcc/arm-none-eabi/14.2.1/thumb/v7e-m+fp/hard/libgcc.a(_dvmd_tls.o)
                0x08000658                __aeabi_ldiv0
                0x08000658                __aeabi_idiv0
 *fill*         0x0800065c        0x4 
 .text          0x08000660       0xa0 /home/tree/toolchain/xpack-arm-none-eabi-gcc-14.2.1-1.1/bin/../lib/gcc/arm-none-eabi/14.2.1/../../../../arm-none-eabi/lib/thumb/v7e-m+fp/hard/libg_nano.a(libc_a-memchr.o)
                0x08000660                memchr
 .text          0x08000700       0x10 /home/tree/toolchain/xpack-arm-none-eabi-gcc-14.2.1-1.1/bin/../lib/gcc/arm-none-eabi/14.2.1/../../../../arm-none-eabi/lib/thumb/v7e-m+fp/hard/libg_nano.a(libc_a-strlen.o)
                0x08000700                strlen
 .text          0x08000710      0x424 /home/tree/toolchain/xpack-arm-none-eabi-gcc-14.2.1-1.1/bin/../lib/gcc/arm-none-eabi/14.2.1/thumb/v7e-m+fp/hard/libgcc.a(_arm_muldivdf3.o)
                0x08000710                __aeabi_dmul
                0x08000710                __muldf3
                0x08000964                __aeabi_ddiv
                0x08000964                __divdf3
 .text          0x08000b34       0x2c /home/tree/toolchain/xpack-arm-none-eabi-gcc-14.2.1-1.1/bin/../lib/gcc/arm-none-eabi/14.2.1/thumb/v7e-m+fp/hard/libgcc.a(_arm_unorddf2.o)
                0x08000b34                __aeabi_dcmpun
                0x08000b34                __unorddf2
 .text          0x08000b60       0x50 /home/tree/toolchain/xpack-arm-none-eabi-gcc-14.2.1-1.1/bin/../lib/gcc/arm-none-eabi/14.2.1/thumb/v7e-m+fp/hard/libgcc.a(_arm_fixdfsi.o)
                0x08000b60                __fixdfsi
                0x08000b60                __aeabi_d2iz
 *(.text*)
 .text.__do_global_dtors_aux
                0x08000bb0       0x24 /home/tree/toolchain/xpack-arm-none-eabi-gcc-14.2.1-1.1/bin/../lib/gcc/arm-none-eabi/14.2.1/thumb/v7e-m+fp/hard/crtbegin.o
 .text.frame_dummy
                0x08000bd4       0x1c /home/tree/toolchain/xpack-arm-none-eabi-gcc-14.2.1-1.1/bin/../lib/gcc/arm-none-eabi/14.2.1/thumb/v7e-m+fp/hard/crtbegin.o
 .text.MX_ADC1_Init
                0x08000bf0       0x70 CMakeFiles/Omnitrix.dir/Core/Src/adc.c.obj
                0x08000bf0                MX_ADC1_Init
 .text.HAL_ADC_MspInit
                0x08000c60       0xac CMakeFiles/Omnitrix.dir/Core/Src/adc.c.obj
                0x08000c60                HAL_ADC_MspInit
 .text.MX_DMA_Init
                0x08000d0c       0x44 CMakeFiles/Omnitrix.dir/Core/Src/dma.c.obj
                0x08000d0c                MX_DMA_Init
 .text.StartDefaultTask
                0x08000d50        0xa CMakeFiles/Omnitrix.dir/Core/Src/freertos.c.obj
                0x08000d50                StartDefaultTask
 *fill*         0x08000d5a        0x2 
 .text.MX_FREERTOS_Init
                0x08000d5c       0x38 CMakeFiles/Omnitrix.dir/Core/Src/freertos.c.obj
                0x08000d5c                MX_FREERTOS_Init
 .text.MX_GPIO_Init
                0x08000d94       0x9c CMakeFiles/Omnitrix.dir/Core/Src/gpio.c.obj
                0x08000d94                MX_GPIO_Init
 .text.HAL_TIM_PeriodElapsedCallback
                0x08000e30       0x18 CMakeFiles/Omnitrix.dir/Core/Src/main.c.obj
                0x08000e30                HAL_TIM_PeriodElapsedCallback
 .text.Error_Handler
                0x08000e48        0x4 CMakeFiles/Omnitrix.dir/Core/Src/main.c.obj
                0x08000e48                Error_Handler
 .text.SystemClock_Config
                0x08000e4c       0xa4 CMakeFiles/Omnitrix.dir/Core/Src/main.c.obj
                0x08000e4c                SystemClock_Config
 .text.main     0x08000ef0       0x38 CMakeFiles/Omnitrix.dir/Core/Src/main.c.obj
                0x08000ef0                main
 .text.MX_RTC_Init
                0x08000f28       0xac CMakeFiles/Omnitrix.dir/Core/Src/rtc.c.obj
                0x08000f28                MX_RTC_Init
 .text.HAL_RTC_MspInit
                0x08000fd4       0x5c CMakeFiles/Omnitrix.dir/Core/Src/rtc.c.obj
                0x08000fd4                HAL_RTC_MspInit
 .text.MX_SPI1_Init
                0x08001030       0x44 CMakeFiles/Omnitrix.dir/Core/Src/spi.c.obj
                0x08001030                MX_SPI1_Init
 .text.HAL_SPI_MspInit
                0x08001074       0xac CMakeFiles/Omnitrix.dir/Core/Src/spi.c.obj
                0x08001074                HAL_SPI_MspInit
 .text.HAL_MspInit
                0x08001120       0x44 CMakeFiles/Omnitrix.dir/Core/Src/stm32f4xx_hal_msp.c.obj
                0x08001120                HAL_MspInit
 .text.HAL_InitTick
                0x08001164       0xa4 CMakeFiles/Omnitrix.dir/Core/Src/stm32f4xx_hal_timebase_tim.c.obj
                0x08001164                HAL_InitTick
 .text.NMI_Handler
                0x08001208        0x2 CMakeFiles/Omnitrix.dir/Core/Src/stm32f4xx_it.c.obj
                0x08001208                NMI_Handler
 .text.HardFault_Handler
                0x0800120a        0x2 CMakeFiles/Omnitrix.dir/Core/Src/stm32f4xx_it.c.obj
                0x0800120a                HardFault_Handler
 .text.MemManage_Handler
                0x0800120c        0x2 CMakeFiles/Omnitrix.dir/Core/Src/stm32f4xx_it.c.obj
                0x0800120c                MemManage_Handler
 .text.BusFault_Handler
                0x0800120e        0x2 CMakeFiles/Omnitrix.dir/Core/Src/stm32f4xx_it.c.obj
                0x0800120e                BusFault_Handler
 .text.UsageFault_Handler
                0x08001210        0x2 CMakeFiles/Omnitrix.dir/Core/Src/stm32f4xx_it.c.obj
                0x08001210                UsageFault_Handler
 .text.DebugMon_Handler
                0x08001212        0x2 CMakeFiles/Omnitrix.dir/Core/Src/stm32f4xx_it.c.obj
                0x08001212                DebugMon_Handler
 .text.RTC_WKUP_IRQHandler
                0x08001214       0x10 CMakeFiles/Omnitrix.dir/Core/Src/stm32f4xx_it.c.obj
                0x08001214                RTC_WKUP_IRQHandler
 .text.TIM3_IRQHandler
                0x08001224       0x10 CMakeFiles/Omnitrix.dir/Core/Src/stm32f4xx_it.c.obj
                0x08001224                TIM3_IRQHandler
 .text.DMA2_Stream0_IRQHandler
                0x08001234       0x10 CMakeFiles/Omnitrix.dir/Core/Src/stm32f4xx_it.c.obj
                0x08001234                DMA2_Stream0_IRQHandler
 .text.DMA2_Stream2_IRQHandler
                0x08001244       0x10 CMakeFiles/Omnitrix.dir/Core/Src/stm32f4xx_it.c.obj
                0x08001244                DMA2_Stream2_IRQHandler
 .text._getpid  0x08001254        0x4 CMakeFiles/Omnitrix.dir/Core/Src/syscalls.c.obj
                0x08001254                _getpid
 .text._kill    0x08001258       0x10 CMakeFiles/Omnitrix.dir/Core/Src/syscalls.c.obj
                0x08001258                _kill
 .text._exit    0x08001268        0xc CMakeFiles/Omnitrix.dir/Core/Src/syscalls.c.obj
                0x08001268                _exit
 .text._read    0x08001274       0x20 CMakeFiles/Omnitrix.dir/Core/Src/syscalls.c.obj
                0x08001274                _read
 .text._write   0x08001294       0x1c CMakeFiles/Omnitrix.dir/Core/Src/syscalls.c.obj
                0x08001294                _write
 .text._close   0x080012b0        0x6 CMakeFiles/Omnitrix.dir/Core/Src/syscalls.c.obj
                0x080012b0                _close
 .text._fstat   0x080012b6        0xa CMakeFiles/Omnitrix.dir/Core/Src/syscalls.c.obj
                0x080012b6                _fstat
 .text._isatty  0x080012c0        0x4 CMakeFiles/Omnitrix.dir/Core/Src/syscalls.c.obj
                0x080012c0                _isatty
 .text._lseek   0x080012c4        0x4 CMakeFiles/Omnitrix.dir/Core/Src/syscalls.c.obj
                0x080012c4                _lseek
 .text._sbrk    0x080012c8       0x48 CMakeFiles/Omnitrix.dir/Core/Src/sysmem.c.obj
                0x080012c8                _sbrk
 .text.SystemInit
                0x08001310       0x14 CMakeFiles/Omnitrix.dir/Core/Src/system_stm32f4xx.c.obj
                0x08001310                SystemInit
 .text.HAL_TIM_Base_MspInit
                0x08001324       0x30 CMakeFiles/Omnitrix.dir/Core/Src/tim.c.obj
                0x08001324                HAL_TIM_Base_MspInit
 .text.HAL_TIM_MspPostInit
                0x08001354       0x5c CMakeFiles/Omnitrix.dir/Core/Src/tim.c.obj
                0x08001354                HAL_TIM_MspPostInit
 .text.MX_TIM1_Init
                0x080013b0       0xe8 CMakeFiles/Omnitrix.dir/Core/Src/tim.c.obj
                0x080013b0                MX_TIM1_Init
 .text.MX_USART1_UART_Init
                0x08001498       0x34 CMakeFiles/Omnitrix.dir/Core/Src/usart.c.obj
                0x08001498                MX_USART1_UART_Init
 .text.MX_USART6_UART_Init
                0x080014cc       0x34 CMakeFiles/Omnitrix.dir/Core/Src/usart.c.obj
                0x080014cc                MX_USART6_UART_Init
 .text.HAL_UART_MspInit
                0x08001500       0xc4 CMakeFiles/Omnitrix.dir/Core/Src/usart.c.obj
                0x08001500                HAL_UART_MspInit
 .text.initFunction
                0x080015c4       0x3c CMakeFiles/Omnitrix.dir/User/task/initTask.c.obj
                0x080015c4                initFunction
 .text.Function_led
                0x08001600       0x54 CMakeFiles/Omnitrix.dir/User/task/ledTask.c.obj
                0x08001600                Function_led
 .text.HAL_Init
                0x08001654       0x34 CMakeFiles/Omnitrix.dir/Drivers/STM32F4xx_HAL_Driver/Src/stm32f4xx_hal.c.obj
                0x08001654                HAL_Init
 .text.HAL_IncTick
                0x08001688       0x18 CMakeFiles/Omnitrix.dir/Drivers/STM32F4xx_HAL_Driver/Src/stm32f4xx_hal.c.obj
                0x08001688                HAL_IncTick
 .text.HAL_GetTick
                0x080016a0        0xc CMakeFiles/Omnitrix.dir/Drivers/STM32F4xx_HAL_Driver/Src/stm32f4xx_hal.c.obj
                0x080016a0                HAL_GetTick
 .text.ADC_Init
                0x080016ac      0x134 CMakeFiles/Omnitrix.dir/Drivers/STM32F4xx_HAL_Driver/Src/stm32f4xx_hal_adc.c.obj
 .text.HAL_ADC_Init
                0x080017e0       0x56 CMakeFiles/Omnitrix.dir/Drivers/STM32F4xx_HAL_Driver/Src/stm32f4xx_hal_adc.c.obj
                0x080017e0                HAL_ADC_Init
 *fill*         0x08001836        0x2 
 .text.HAL_ADC_ConfigChannel
                0x08001838      0x1ac CMakeFiles/Omnitrix.dir/Drivers/STM32F4xx_HAL_Driver/Src/stm32f4xx_hal_adc.c.obj
                0x08001838                HAL_ADC_ConfigChannel
 .text.__NVIC_EnableIRQ
                0x080019e4       0x1c CMakeFiles/Omnitrix.dir/Drivers/STM32F4xx_HAL_Driver/Src/stm32f4xx_hal_cortex.c.obj
 .text.__NVIC_SetPriority
                0x08001a00       0x28 CMakeFiles/Omnitrix.dir/Drivers/STM32F4xx_HAL_Driver/Src/stm32f4xx_hal_cortex.c.obj
 .text.NVIC_EncodePriority
                0x08001a28       0x3e CMakeFiles/Omnitrix.dir/Drivers/STM32F4xx_HAL_Driver/Src/stm32f4xx_hal_cortex.c.obj
 *fill*         0x08001a66        0x2 
 .text.HAL_NVIC_SetPriorityGrouping
                0x08001a68       0x24 CMakeFiles/Omnitrix.dir/Drivers/STM32F4xx_HAL_Driver/Src/stm32f4xx_hal_cortex.c.obj
                0x08001a68                HAL_NVIC_SetPriorityGrouping
 .text.HAL_NVIC_SetPriority
                0x08001a8c       0x20 CMakeFiles/Omnitrix.dir/Drivers/STM32F4xx_HAL_Driver/Src/stm32f4xx_hal_cortex.c.obj
                0x08001a8c                HAL_NVIC_SetPriority
 .text.HAL_NVIC_EnableIRQ
                0x08001aac        0x8 CMakeFiles/Omnitrix.dir/Drivers/STM32F4xx_HAL_Driver/Src/stm32f4xx_hal_cortex.c.obj
                0x08001aac                HAL_NVIC_EnableIRQ
 .text.DMA_CalcBaseAndBitshift
                0x08001ab4       0x3c CMakeFiles/Omnitrix.dir/Drivers/STM32F4xx_HAL_Driver/Src/stm32f4xx_hal_dma.c.obj
 .text.DMA_CheckFifoParam
                0x08001af0       0x8e CMakeFiles/Omnitrix.dir/Drivers/STM32F4xx_HAL_Driver/Src/stm32f4xx_hal_dma.c.obj
 *fill*         0x08001b7e        0x2 
 .text.HAL_DMA_Init
                0x08001b80       0xcc CMakeFiles/Omnitrix.dir/Drivers/STM32F4xx_HAL_Driver/Src/stm32f4xx_hal_dma.c.obj
                0x08001b80                HAL_DMA_Init
 .text.HAL_DMA_IRQHandler
                0x08001c4c      0x1dc CMakeFiles/Omnitrix.dir/Drivers/STM32F4xx_HAL_Driver/Src/stm32f4xx_hal_dma.c.obj
                0x08001c4c                HAL_DMA_IRQHandler
 .text.HAL_GPIO_Init
                0x08001e28      0x1c8 CMakeFiles/Omnitrix.dir/Drivers/STM32F4xx_HAL_Driver/Src/stm32f4xx_hal_gpio.c.obj
                0x08001e28                HAL_GPIO_Init
 .text.HAL_GPIO_WritePin
                0x08001ff0        0xc CMakeFiles/Omnitrix.dir/Drivers/STM32F4xx_HAL_Driver/Src/stm32f4xx_hal_gpio.c.obj
                0x08001ff0                HAL_GPIO_WritePin
 .text.HAL_GPIO_TogglePin
                0x08001ffc       0x12 CMakeFiles/Omnitrix.dir/Drivers/STM32F4xx_HAL_Driver/Src/stm32f4xx_hal_gpio.c.obj
                0x08001ffc                HAL_GPIO_TogglePin
 *fill*         0x0800200e        0x2 
 .text.HAL_RCC_OscConfig
                0x08002010      0x3f8 CMakeFiles/Omnitrix.dir/Drivers/STM32F4xx_HAL_Driver/Src/stm32f4xx_hal_rcc.c.obj
                0x08002010                HAL_RCC_OscConfig
 .text.HAL_RCC_GetSysClockFreq
                0x08002408       0xa8 CMakeFiles/Omnitrix.dir/Drivers/STM32F4xx_HAL_Driver/Src/stm32f4xx_hal_rcc.c.obj
                0x08002408                HAL_RCC_GetSysClockFreq
 .text.HAL_RCC_ClockConfig
                0x080024b0      0x160 CMakeFiles/Omnitrix.dir/Drivers/STM32F4xx_HAL_Driver/Src/stm32f4xx_hal_rcc.c.obj
                0x080024b0                HAL_RCC_ClockConfig
 .text.HAL_RCC_GetHCLKFreq
                0x08002610        0xc CMakeFiles/Omnitrix.dir/Drivers/STM32F4xx_HAL_Driver/Src/stm32f4xx_hal_rcc.c.obj
                0x08002610                HAL_RCC_GetHCLKFreq
 .text.HAL_RCC_GetPCLK1Freq
                0x0800261c       0x20 CMakeFiles/Omnitrix.dir/Drivers/STM32F4xx_HAL_Driver/Src/stm32f4xx_hal_rcc.c.obj
                0x0800261c                HAL_RCC_GetPCLK1Freq
 .text.HAL_RCC_GetPCLK2Freq
                0x0800263c       0x20 CMakeFiles/Omnitrix.dir/Drivers/STM32F4xx_HAL_Driver/Src/stm32f4xx_hal_rcc.c.obj
                0x0800263c                HAL_RCC_GetPCLK2Freq
 .text.HAL_RCC_GetClockConfig
                0x0800265c       0x3c CMakeFiles/Omnitrix.dir/Drivers/STM32F4xx_HAL_Driver/Src/stm32f4xx_hal_rcc.c.obj
                0x0800265c                HAL_RCC_GetClockConfig
 .text.HAL_RCCEx_PeriphCLKConfig
                0x08002698      0x170 CMakeFiles/Omnitrix.dir/Drivers/STM32F4xx_HAL_Driver/Src/stm32f4xx_hal_rcc_ex.c.obj
                0x08002698                HAL_RCCEx_PeriphCLKConfig
 .text.HAL_RTC_WaitForSynchro
                0x08002808       0x34 CMakeFiles/Omnitrix.dir/Drivers/STM32F4xx_HAL_Driver/Src/stm32f4xx_hal_rtc.c.obj
                0x08002808                HAL_RTC_WaitForSynchro
 .text.RTC_EnterInitMode
                0x0800283c       0x46 CMakeFiles/Omnitrix.dir/Drivers/STM32F4xx_HAL_Driver/Src/stm32f4xx_hal_rtc.c.obj
                0x0800283c                RTC_EnterInitMode
 .text.RTC_ExitInitMode
                0x08002882       0x2a CMakeFiles/Omnitrix.dir/Drivers/STM32F4xx_HAL_Driver/Src/stm32f4xx_hal_rtc.c.obj
                0x08002882                RTC_ExitInitMode
 .text.HAL_RTC_Init
                0x080028ac       0x9e CMakeFiles/Omnitrix.dir/Drivers/STM32F4xx_HAL_Driver/Src/stm32f4xx_hal_rtc.c.obj
                0x080028ac                HAL_RTC_Init
 .text.RTC_ByteToBcd2
                0x0800294a       0x16 CMakeFiles/Omnitrix.dir/Drivers/STM32F4xx_HAL_Driver/Src/stm32f4xx_hal_rtc.c.obj
                0x0800294a                RTC_ByteToBcd2
 .text.HAL_RTC_SetTime
                0x08002960       0xc0 CMakeFiles/Omnitrix.dir/Drivers/STM32F4xx_HAL_Driver/Src/stm32f4xx_hal_rtc.c.obj
                0x08002960                HAL_RTC_SetTime
 .text.HAL_RTC_SetDate
                0x08002a20       0x9c CMakeFiles/Omnitrix.dir/Drivers/STM32F4xx_HAL_Driver/Src/stm32f4xx_hal_rtc.c.obj
                0x08002a20                HAL_RTC_SetDate
 .text.HAL_RTCEx_SetWakeUpTimer_IT
                0x08002abc      0x128 CMakeFiles/Omnitrix.dir/Drivers/STM32F4xx_HAL_Driver/Src/stm32f4xx_hal_rtc_ex.c.obj
                0x08002abc                HAL_RTCEx_SetWakeUpTimer_IT
 .text.HAL_RTCEx_WakeUpTimerEventCallback
                0x08002be4        0x2 CMakeFiles/Omnitrix.dir/Drivers/STM32F4xx_HAL_Driver/Src/stm32f4xx_hal_rtc_ex.c.obj
                0x08002be4                HAL_RTCEx_WakeUpTimerEventCallback
 *fill*         0x08002be6        0x2 
 .text.HAL_RTCEx_WakeUpTimerIRQHandler
                0x08002be8       0x30 CMakeFiles/Omnitrix.dir/Drivers/STM32F4xx_HAL_Driver/Src/stm32f4xx_hal_rtc_ex.c.obj
                0x08002be8                HAL_RTCEx_WakeUpTimerIRQHandler
 .text.HAL_SPI_Init
                0x08002c18       0xbe CMakeFiles/Omnitrix.dir/Drivers/STM32F4xx_HAL_Driver/Src/stm32f4xx_hal_spi.c.obj
                0x08002c18                HAL_SPI_Init
 *fill*         0x08002cd6        0x2 
 .text.TIM_OC1_SetConfig
                0x08002cd8       0x54 CMakeFiles/Omnitrix.dir/Drivers/STM32F4xx_HAL_Driver/Src/stm32f4xx_hal_tim.c.obj
 .text.TIM_OC3_SetConfig
                0x08002d2c       0x5c CMakeFiles/Omnitrix.dir/Drivers/STM32F4xx_HAL_Driver/Src/stm32f4xx_hal_tim.c.obj
 .text.TIM_OC4_SetConfig
                0x08002d88       0x48 CMakeFiles/Omnitrix.dir/Drivers/STM32F4xx_HAL_Driver/Src/stm32f4xx_hal_tim.c.obj
 .text.TIM_TI1_ConfigInputStage
                0x08002dd0       0x26 CMakeFiles/Omnitrix.dir/Drivers/STM32F4xx_HAL_Driver/Src/stm32f4xx_hal_tim.c.obj
 .text.TIM_TI2_ConfigInputStage
                0x08002df6       0x28 CMakeFiles/Omnitrix.dir/Drivers/STM32F4xx_HAL_Driver/Src/stm32f4xx_hal_tim.c.obj
 .text.TIM_ITRx_SetConfig
                0x08002e1e       0x10 CMakeFiles/Omnitrix.dir/Drivers/STM32F4xx_HAL_Driver/Src/stm32f4xx_hal_tim.c.obj
 *fill*         0x08002e2e        0x2 
 .text.HAL_TIM_Base_Start_IT
                0x08002e30       0x74 CMakeFiles/Omnitrix.dir/Drivers/STM32F4xx_HAL_Driver/Src/stm32f4xx_hal_tim.c.obj
                0x08002e30                HAL_TIM_Base_Start_IT
 .text.HAL_TIM_PWM_MspInit
                0x08002ea4        0x2 CMakeFiles/Omnitrix.dir/Drivers/STM32F4xx_HAL_Driver/Src/stm32f4xx_hal_tim.c.obj
                0x08002ea4                HAL_TIM_PWM_MspInit
 .text.HAL_TIM_OC_DelayElapsedCallback
                0x08002ea6        0x2 CMakeFiles/Omnitrix.dir/Drivers/STM32F4xx_HAL_Driver/Src/stm32f4xx_hal_tim.c.obj
                0x08002ea6                HAL_TIM_OC_DelayElapsedCallback
 .text.HAL_TIM_IC_CaptureCallback
                0x08002ea8        0x2 CMakeFiles/Omnitrix.dir/Drivers/STM32F4xx_HAL_Driver/Src/stm32f4xx_hal_tim.c.obj
                0x08002ea8                HAL_TIM_IC_CaptureCallback
 .text.HAL_TIM_PWM_PulseFinishedCallback
                0x08002eaa        0x2 CMakeFiles/Omnitrix.dir/Drivers/STM32F4xx_HAL_Driver/Src/stm32f4xx_hal_tim.c.obj
                0x08002eaa                HAL_TIM_PWM_PulseFinishedCallback
 .text.HAL_TIM_TriggerCallback
                0x08002eac        0x2 CMakeFiles/Omnitrix.dir/Drivers/STM32F4xx_HAL_Driver/Src/stm32f4xx_hal_tim.c.obj
                0x08002eac                HAL_TIM_TriggerCallback
 .text.HAL_TIM_IRQHandler
                0x08002eae      0x15e CMakeFiles/Omnitrix.dir/Drivers/STM32F4xx_HAL_Driver/Src/stm32f4xx_hal_tim.c.obj
                0x08002eae                HAL_TIM_IRQHandler
 .text.TIM_Base_SetConfig
                0x0800300c       0xa4 CMakeFiles/Omnitrix.dir/Drivers/STM32F4xx_HAL_Driver/Src/stm32f4xx_hal_tim.c.obj
                0x0800300c                TIM_Base_SetConfig
 .text.HAL_TIM_Base_Init
                0x080030b0       0x58 CMakeFiles/Omnitrix.dir/Drivers/STM32F4xx_HAL_Driver/Src/stm32f4xx_hal_tim.c.obj
                0x080030b0                HAL_TIM_Base_Init
 .text.HAL_TIM_PWM_Init
                0x08003108       0x58 CMakeFiles/Omnitrix.dir/Drivers/STM32F4xx_HAL_Driver/Src/stm32f4xx_hal_tim.c.obj
                0x08003108                HAL_TIM_PWM_Init
 .text.TIM_OC2_SetConfig
                0x08003160       0x5c CMakeFiles/Omnitrix.dir/Drivers/STM32F4xx_HAL_Driver/Src/stm32f4xx_hal_tim.c.obj
                0x08003160                TIM_OC2_SetConfig
 .text.HAL_TIM_PWM_ConfigChannel
                0x080031bc       0xdc CMakeFiles/Omnitrix.dir/Drivers/STM32F4xx_HAL_Driver/Src/stm32f4xx_hal_tim.c.obj
                0x080031bc                HAL_TIM_PWM_ConfigChannel
 .text.TIM_ETR_SetConfig
                0x08003298       0x1a CMakeFiles/Omnitrix.dir/Drivers/STM32F4xx_HAL_Driver/Src/stm32f4xx_hal_tim.c.obj
                0x08003298                TIM_ETR_SetConfig
 .text.HAL_TIM_ConfigClockSource
                0x080032b2       0xfe CMakeFiles/Omnitrix.dir/Drivers/STM32F4xx_HAL_Driver/Src/stm32f4xx_hal_tim.c.obj
                0x080032b2                HAL_TIM_ConfigClockSource
 .text.HAL_TIMEx_MasterConfigSynchronization
                0x080033b0       0x7c CMakeFiles/Omnitrix.dir/Drivers/STM32F4xx_HAL_Driver/Src/stm32f4xx_hal_tim_ex.c.obj
                0x080033b0                HAL_TIMEx_MasterConfigSynchronization
 .text.HAL_TIMEx_ConfigBreakDeadTime
                0x0800342c       0x52 CMakeFiles/Omnitrix.dir/Drivers/STM32F4xx_HAL_Driver/Src/stm32f4xx_hal_tim_ex.c.obj
                0x0800342c                HAL_TIMEx_ConfigBreakDeadTime
 .text.HAL_TIMEx_CommutCallback
                0x0800347e        0x2 CMakeFiles/Omnitrix.dir/Drivers/STM32F4xx_HAL_Driver/Src/stm32f4xx_hal_tim_ex.c.obj
                0x0800347e                HAL_TIMEx_CommutCallback
 .text.HAL_TIMEx_BreakCallback
                0x08003480        0x2 CMakeFiles/Omnitrix.dir/Drivers/STM32F4xx_HAL_Driver/Src/stm32f4xx_hal_tim_ex.c.obj
                0x08003480                HAL_TIMEx_BreakCallback
 *fill*         0x08003482        0x2 
 .text.UART_SetConfig
                0x08003484      0x110 CMakeFiles/Omnitrix.dir/Drivers/STM32F4xx_HAL_Driver/Src/stm32f4xx_hal_uart.c.obj
 .text.HAL_UART_Init
                0x08003594       0x60 CMakeFiles/Omnitrix.dir/Drivers/STM32F4xx_HAL_Driver/Src/stm32f4xx_hal_uart.c.obj
                0x08003594                HAL_UART_Init
 .text.SysTick_Handler
                0x080035f4       0x18 CMakeFiles/Omnitrix.dir/Middlewares/Third_Party/FreeRTOS/Source/CMSIS_RTOS_V2/cmsis_os2.c.obj
                0x080035f4                SysTick_Handler
 .text.osKernelInitialize
                0x0800360c       0x24 CMakeFiles/Omnitrix.dir/Middlewares/Third_Party/FreeRTOS/Source/CMSIS_RTOS_V2/cmsis_os2.c.obj
                0x0800360c                osKernelInitialize
 .text.osKernelStart
                0x08003630       0x38 CMakeFiles/Omnitrix.dir/Middlewares/Third_Party/FreeRTOS/Source/CMSIS_RTOS_V2/cmsis_os2.c.obj
                0x08003630                osKernelStart
 .text.osKernelLock
                0x08003668       0x2a CMakeFiles/Omnitrix.dir/Middlewares/Third_Party/FreeRTOS/Source/CMSIS_RTOS_V2/cmsis_os2.c.obj
                0x08003668                osKernelLock
 .text.osKernelUnlock
                0x08003692       0x3a CMakeFiles/Omnitrix.dir/Middlewares/Third_Party/FreeRTOS/Source/CMSIS_RTOS_V2/cmsis_os2.c.obj
                0x08003692                osKernelUnlock
 .text.osKernelGetTickCount
                0x080036cc       0x14 CMakeFiles/Omnitrix.dir/Middlewares/Third_Party/FreeRTOS/Source/CMSIS_RTOS_V2/cmsis_os2.c.obj
                0x080036cc                osKernelGetTickCount
 .text.osKernelGetTickFreq
                0x080036e0        0x6 CMakeFiles/Omnitrix.dir/Middlewares/Third_Party/FreeRTOS/Source/CMSIS_RTOS_V2/cmsis_os2.c.obj
                0x080036e0                osKernelGetTickFreq
 .text.osThreadNew
                0x080036e6       0xb4 CMakeFiles/Omnitrix.dir/Middlewares/Third_Party/FreeRTOS/Source/CMSIS_RTOS_V2/cmsis_os2.c.obj
                0x080036e6                osThreadNew
 .text.osThreadGetId
                0x0800379a        0x8 CMakeFiles/Omnitrix.dir/Middlewares/Third_Party/FreeRTOS/Source/CMSIS_RTOS_V2/cmsis_os2.c.obj
                0x0800379a                osThreadGetId
 .text.osThreadGetStackSpace
                0x080037a2       0x1a CMakeFiles/Omnitrix.dir/Middlewares/Third_Party/FreeRTOS/Source/CMSIS_RTOS_V2/cmsis_os2.c.obj
                0x080037a2                osThreadGetStackSpace
 .text.osThreadTerminate
                0x080037bc       0x30 CMakeFiles/Omnitrix.dir/Middlewares/Third_Party/FreeRTOS/Source/CMSIS_RTOS_V2/cmsis_os2.c.obj
                0x080037bc                osThreadTerminate
 .text.osDelay  0x080037ec       0x1c CMakeFiles/Omnitrix.dir/Middlewares/Third_Party/FreeRTOS/Source/CMSIS_RTOS_V2/cmsis_os2.c.obj
                0x080037ec                osDelay
 .text.osDelayUntil
                0x08003808       0x30 CMakeFiles/Omnitrix.dir/Middlewares/Third_Party/FreeRTOS/Source/CMSIS_RTOS_V2/cmsis_os2.c.obj
                0x08003808                osDelayUntil
 .text.osEventFlagsNew
                0x08003838       0x44 CMakeFiles/Omnitrix.dir/Middlewares/Third_Party/FreeRTOS/Source/CMSIS_RTOS_V2/cmsis_os2.c.obj
                0x08003838                osEventFlagsNew
 .text.vApplicationGetIdleTaskMemory
                0x0800387c       0x18 CMakeFiles/Omnitrix.dir/Middlewares/Third_Party/FreeRTOS/Source/CMSIS_RTOS_V2/cmsis_os2.c.obj
                0x0800387c                vApplicationGetIdleTaskMemory
 .text.vApplicationGetTimerTaskMemory
                0x08003894       0x18 CMakeFiles/Omnitrix.dir/Middlewares/Third_Party/FreeRTOS/Source/CMSIS_RTOS_V2/cmsis_os2.c.obj
                0x08003894                vApplicationGetTimerTaskMemory
 .text.xEventGroupCreateStatic
                0x080038ac       0x4a CMakeFiles/Omnitrix.dir/Middlewares/Third_Party/FreeRTOS/Source/event_groups.c.obj
                0x080038ac                xEventGroupCreateStatic
 .text.xEventGroupCreate
                0x080038f6       0x1c CMakeFiles/Omnitrix.dir/Middlewares/Third_Party/FreeRTOS/Source/event_groups.c.obj
                0x080038f6                xEventGroupCreate
 .text.vListInitialise
                0x08003912       0x16 CMakeFiles/Omnitrix.dir/Middlewares/Third_Party/FreeRTOS/Source/list.c.obj
                0x08003912                vListInitialise
 .text.vListInitialiseItem
                0x08003928        0x6 CMakeFiles/Omnitrix.dir/Middlewares/Third_Party/FreeRTOS/Source/list.c.obj
                0x08003928                vListInitialiseItem
 .text.vListInsertEnd
                0x0800392e       0x16 CMakeFiles/Omnitrix.dir/Middlewares/Third_Party/FreeRTOS/Source/list.c.obj
                0x0800392e                vListInsertEnd
 .text.vListInsert
                0x08003944       0x32 CMakeFiles/Omnitrix.dir/Middlewares/Third_Party/FreeRTOS/Source/list.c.obj
                0x08003944                vListInsert
 .text.uxListRemove
                0x08003976       0x26 CMakeFiles/Omnitrix.dir/Middlewares/Third_Party/FreeRTOS/Source/list.c.obj
                0x08003976                uxListRemove
 .text.prvTaskExitError
                0x0800399c       0x40 CMakeFiles/Omnitrix.dir/Middlewares/Third_Party/FreeRTOS/Source/portable/GCC/ARM_CM4F/port.c.obj
 .text.prvPortStartFirstTask
                0x080039dc       0x28 CMakeFiles/Omnitrix.dir/Middlewares/Third_Party/FreeRTOS/Source/portable/GCC/ARM_CM4F/port.c.obj
 .text.vPortEnableVFP
                0x08003a04       0x14 CMakeFiles/Omnitrix.dir/Middlewares/Third_Party/FreeRTOS/Source/portable/GCC/ARM_CM4F/port.c.obj
 .text.pxPortInitialiseStack
                0x08003a18       0x2c CMakeFiles/Omnitrix.dir/Middlewares/Third_Party/FreeRTOS/Source/portable/GCC/ARM_CM4F/port.c.obj
                0x08003a18                pxPortInitialiseStack
 *fill*         0x08003a44        0xc 
 .text.SVC_Handler
                0x08003a50       0x24 CMakeFiles/Omnitrix.dir/Middlewares/Third_Party/FreeRTOS/Source/portable/GCC/ARM_CM4F/port.c.obj
                0x08003a50                SVC_Handler
 .text.vPortEnterCritical
                0x08003a74       0x44 CMakeFiles/Omnitrix.dir/Middlewares/Third_Party/FreeRTOS/Source/portable/GCC/ARM_CM4F/port.c.obj
                0x08003a74                vPortEnterCritical
 .text.vPortExitCritical
                0x08003ab8       0x2c CMakeFiles/Omnitrix.dir/Middlewares/Third_Party/FreeRTOS/Source/portable/GCC/ARM_CM4F/port.c.obj
                0x08003ab8                vPortExitCritical
 *fill*         0x08003ae4        0xc 
 .text.PendSV_Handler
                0x08003af0       0x64 CMakeFiles/Omnitrix.dir/Middlewares/Third_Party/FreeRTOS/Source/portable/GCC/ARM_CM4F/port.c.obj
                0x08003af0                PendSV_Handler
 .text.xPortSysTickHandler
                0x08003b54       0x2c CMakeFiles/Omnitrix.dir/Middlewares/Third_Party/FreeRTOS/Source/portable/GCC/ARM_CM4F/port.c.obj
                0x08003b54                xPortSysTickHandler
 .text.vPortSetupTimerInterrupt
                0x08003b80       0x28 CMakeFiles/Omnitrix.dir/Middlewares/Third_Party/FreeRTOS/Source/portable/GCC/ARM_CM4F/port.c.obj
                0x08003b80                vPortSetupTimerInterrupt
 .text.xPortStartScheduler
                0x08003ba8      0x118 CMakeFiles/Omnitrix.dir/Middlewares/Third_Party/FreeRTOS/Source/portable/GCC/ARM_CM4F/port.c.obj
                0x08003ba8                xPortStartScheduler
 .text.vPortValidateInterruptPriority
                0x08003cc0       0x5c CMakeFiles/Omnitrix.dir/Middlewares/Third_Party/FreeRTOS/Source/portable/GCC/ARM_CM4F/port.c.obj
                0x08003cc0                vPortValidateInterruptPriority
 .text.prvHeapInit
                0x08003d1c       0x64 CMakeFiles/Omnitrix.dir/Middlewares/Third_Party/FreeRTOS/Source/portable/MemMang/heap_4.c.obj
 .text.prvInsertBlockIntoFreeList
                0x08003d80       0x64 CMakeFiles/Omnitrix.dir/Middlewares/Third_Party/FreeRTOS/Source/portable/MemMang/heap_4.c.obj
 .text.pvPortMalloc
                0x08003de4      0x104 CMakeFiles/Omnitrix.dir/Middlewares/Third_Party/FreeRTOS/Source/portable/MemMang/heap_4.c.obj
                0x08003de4                pvPortMalloc
 .text.vPortFree
                0x08003ee8       0x7c CMakeFiles/Omnitrix.dir/Middlewares/Third_Party/FreeRTOS/Source/portable/MemMang/heap_4.c.obj
                0x08003ee8                vPortFree
 .text.prvIsQueueFull
                0x08003f64       0x1e CMakeFiles/Omnitrix.dir/Middlewares/Third_Party/FreeRTOS/Source/queue.c.obj
 .text.prvIsQueueEmpty
                0x08003f82       0x1a CMakeFiles/Omnitrix.dir/Middlewares/Third_Party/FreeRTOS/Source/queue.c.obj
 .text.prvCopyDataToQueue
                0x08003f9c       0x76 CMakeFiles/Omnitrix.dir/Middlewares/Third_Party/FreeRTOS/Source/queue.c.obj
 .text.prvCopyDataFromQueue
                0x08004012       0x24 CMakeFiles/Omnitrix.dir/Middlewares/Third_Party/FreeRTOS/Source/queue.c.obj
 .text.prvUnlockQueue
                0x08004036       0x6e CMakeFiles/Omnitrix.dir/Middlewares/Third_Party/FreeRTOS/Source/queue.c.obj
 .text.xQueueGenericReset
                0x080040a4       0x84 CMakeFiles/Omnitrix.dir/Middlewares/Third_Party/FreeRTOS/Source/queue.c.obj
                0x080040a4                xQueueGenericReset
 .text.prvInitialiseNewQueue
                0x08004128       0x22 CMakeFiles/Omnitrix.dir/Middlewares/Third_Party/FreeRTOS/Source/queue.c.obj
 .text.xQueueGenericCreateStatic
                0x0800414a       0x94 CMakeFiles/Omnitrix.dir/Middlewares/Third_Party/FreeRTOS/Source/queue.c.obj
                0x0800414a                xQueueGenericCreateStatic
 .text.xQueueGenericSend
                0x080041de      0x188 CMakeFiles/Omnitrix.dir/Middlewares/Third_Party/FreeRTOS/Source/queue.c.obj
                0x080041de                xQueueGenericSend
 .text.xQueueGenericSendFromISR
                0x08004366       0xce CMakeFiles/Omnitrix.dir/Middlewares/Third_Party/FreeRTOS/Source/queue.c.obj
                0x08004366                xQueueGenericSendFromISR
 .text.xQueueReceive
                0x08004434      0x15e CMakeFiles/Omnitrix.dir/Middlewares/Third_Party/FreeRTOS/Source/queue.c.obj
                0x08004434                xQueueReceive
 *fill*         0x08004592        0x2 
 .text.vQueueAddToRegistry
                0x08004594       0x28 CMakeFiles/Omnitrix.dir/Middlewares/Third_Party/FreeRTOS/Source/queue.c.obj
                0x08004594                vQueueAddToRegistry
 .text.vQueueWaitForMessageRestricted
                0x080045bc       0x52 CMakeFiles/Omnitrix.dir/Middlewares/Third_Party/FreeRTOS/Source/queue.c.obj
                0x080045bc                vQueueWaitForMessageRestricted
 .text.prvTaskCheckFreeStackSpace
                0x0800460e       0x14 CMakeFiles/Omnitrix.dir/Middlewares/Third_Party/FreeRTOS/Source/tasks.c.obj
 *fill*         0x08004622        0x2 
 .text.prvResetNextTaskUnblockTime
                0x08004624       0x2c CMakeFiles/Omnitrix.dir/Middlewares/Third_Party/FreeRTOS/Source/tasks.c.obj
 .text.prvInitialiseNewTask
                0x08004650       0xa2 CMakeFiles/Omnitrix.dir/Middlewares/Third_Party/FreeRTOS/Source/tasks.c.obj
 *fill*         0x080046f2        0x2 
 .text.prvInitialiseTaskLists
                0x080046f4       0x68 CMakeFiles/Omnitrix.dir/Middlewares/Third_Party/FreeRTOS/Source/tasks.c.obj
 .text.prvAddNewTaskToReadyList
                0x0800475c       0xac CMakeFiles/Omnitrix.dir/Middlewares/Third_Party/FreeRTOS/Source/tasks.c.obj
 .text.prvDeleteTCB
                0x08004808       0x38 CMakeFiles/Omnitrix.dir/Middlewares/Third_Party/FreeRTOS/Source/tasks.c.obj
 .text.prvCheckTasksWaitingTermination
                0x08004840       0x4c CMakeFiles/Omnitrix.dir/Middlewares/Third_Party/FreeRTOS/Source/tasks.c.obj
 .text.prvIdleTask
                0x0800488c       0x28 CMakeFiles/Omnitrix.dir/Middlewares/Third_Party/FreeRTOS/Source/tasks.c.obj
 .text.prvAddCurrentTaskToDelayedList
                0x080048b4       0x7c CMakeFiles/Omnitrix.dir/Middlewares/Third_Party/FreeRTOS/Source/tasks.c.obj
 .text.xTaskCreateStatic
                0x08004930       0x76 CMakeFiles/Omnitrix.dir/Middlewares/Third_Party/FreeRTOS/Source/tasks.c.obj
                0x08004930                xTaskCreateStatic
 .text.xTaskCreate
                0x080049a6       0x64 CMakeFiles/Omnitrix.dir/Middlewares/Third_Party/FreeRTOS/Source/tasks.c.obj
                0x080049a6                xTaskCreate
 *fill*         0x08004a0a        0x2 
 .text.vTaskDelete
                0x08004a0c       0xb8 CMakeFiles/Omnitrix.dir/Middlewares/Third_Party/FreeRTOS/Source/tasks.c.obj
                0x08004a0c                vTaskDelete
 .text.eTaskGetState
                0x08004ac4       0x8c CMakeFiles/Omnitrix.dir/Middlewares/Third_Party/FreeRTOS/Source/tasks.c.obj
                0x08004ac4                eTaskGetState
 .text.vTaskStartScheduler
                0x08004b50       0x98 CMakeFiles/Omnitrix.dir/Middlewares/Third_Party/FreeRTOS/Source/tasks.c.obj
                0x08004b50                vTaskStartScheduler
 .text.vTaskSuspendAll
                0x08004be8       0x10 CMakeFiles/Omnitrix.dir/Middlewares/Third_Party/FreeRTOS/Source/tasks.c.obj
                0x08004be8                vTaskSuspendAll
 .text.xTaskGetTickCount
                0x08004bf8        0xc CMakeFiles/Omnitrix.dir/Middlewares/Third_Party/FreeRTOS/Source/tasks.c.obj
                0x08004bf8                xTaskGetTickCount
 .text.xTaskGetTickCountFromISR
                0x08004c04       0x10 CMakeFiles/Omnitrix.dir/Middlewares/Third_Party/FreeRTOS/Source/tasks.c.obj
                0x08004c04                xTaskGetTickCountFromISR
 .text.xTaskIncrementTick
                0x08004c14      0x118 CMakeFiles/Omnitrix.dir/Middlewares/Third_Party/FreeRTOS/Source/tasks.c.obj
                0x08004c14                xTaskIncrementTick
 .text.xTaskResumeAll
                0x08004d2c       0xf8 CMakeFiles/Omnitrix.dir/Middlewares/Third_Party/FreeRTOS/Source/tasks.c.obj
                0x08004d2c                xTaskResumeAll
 .text.vTaskDelayUntil
                0x08004e24       0xa4 CMakeFiles/Omnitrix.dir/Middlewares/Third_Party/FreeRTOS/Source/tasks.c.obj
                0x08004e24                vTaskDelayUntil
 .text.vTaskDelay
                0x08004ec8       0x4c CMakeFiles/Omnitrix.dir/Middlewares/Third_Party/FreeRTOS/Source/tasks.c.obj
                0x08004ec8                vTaskDelay
 .text.vTaskSwitchContext
                0x08004f14       0x98 CMakeFiles/Omnitrix.dir/Middlewares/Third_Party/FreeRTOS/Source/tasks.c.obj
                0x08004f14                vTaskSwitchContext
 .text.vTaskPlaceOnEventList
                0x08004fac       0x30 CMakeFiles/Omnitrix.dir/Middlewares/Third_Party/FreeRTOS/Source/tasks.c.obj
                0x08004fac                vTaskPlaceOnEventList
 .text.vTaskPlaceOnEventListRestricted
                0x08004fdc       0x38 CMakeFiles/Omnitrix.dir/Middlewares/Third_Party/FreeRTOS/Source/tasks.c.obj
                0x08004fdc                vTaskPlaceOnEventListRestricted
 .text.xTaskRemoveFromEventList
                0x08005014       0x8c CMakeFiles/Omnitrix.dir/Middlewares/Third_Party/FreeRTOS/Source/tasks.c.obj
                0x08005014                xTaskRemoveFromEventList
 .text.vTaskInternalSetTimeOutState
                0x080050a0       0x18 CMakeFiles/Omnitrix.dir/Middlewares/Third_Party/FreeRTOS/Source/tasks.c.obj
                0x080050a0                vTaskInternalSetTimeOutState
 .text.xTaskCheckForTimeOut
                0x080050b8       0x88 CMakeFiles/Omnitrix.dir/Middlewares/Third_Party/FreeRTOS/Source/tasks.c.obj
                0x080050b8                xTaskCheckForTimeOut
 .text.vTaskMissedYield
                0x08005140        0xc CMakeFiles/Omnitrix.dir/Middlewares/Third_Party/FreeRTOS/Source/tasks.c.obj
                0x08005140                vTaskMissedYield
 .text.uxTaskGetStackHighWaterMark
                0x0800514c       0x18 CMakeFiles/Omnitrix.dir/Middlewares/Third_Party/FreeRTOS/Source/tasks.c.obj
                0x0800514c                uxTaskGetStackHighWaterMark
 .text.xTaskGetCurrentTaskHandle
                0x08005164        0xc CMakeFiles/Omnitrix.dir/Middlewares/Third_Party/FreeRTOS/Source/tasks.c.obj
                0x08005164                xTaskGetCurrentTaskHandle
 .text.xTaskGetSchedulerState
                0x08005170       0x20 CMakeFiles/Omnitrix.dir/Middlewares/Third_Party/FreeRTOS/Source/tasks.c.obj
                0x08005170                xTaskGetSchedulerState
 .text.xTaskPriorityDisinherit
                0x08005190       0x90 CMakeFiles/Omnitrix.dir/Middlewares/Third_Party/FreeRTOS/Source/tasks.c.obj
                0x08005190                xTaskPriorityDisinherit
 .text.prvGetNextExpireTime
                0x08005220       0x20 CMakeFiles/Omnitrix.dir/Middlewares/Third_Party/FreeRTOS/Source/timers.c.obj
 .text.prvInsertTimerInActiveList
                0x08005240       0x48 CMakeFiles/Omnitrix.dir/Middlewares/Third_Party/FreeRTOS/Source/timers.c.obj
 .text.prvCheckForValidListAndQueue
                0x08005288       0x70 CMakeFiles/Omnitrix.dir/Middlewares/Third_Party/FreeRTOS/Source/timers.c.obj
 .text.xTimerCreateTimerTask
                0x080052f8       0x64 CMakeFiles/Omnitrix.dir/Middlewares/Third_Party/FreeRTOS/Source/timers.c.obj
                0x080052f8                xTimerCreateTimerTask
 .text.xTimerGenericCommand
                0x0800535c       0x6c CMakeFiles/Omnitrix.dir/Middlewares/Third_Party/FreeRTOS/Source/timers.c.obj
                0x0800535c                xTimerGenericCommand
 .text.prvSwitchTimerLists
                0x080053c8       0x7c CMakeFiles/Omnitrix.dir/Middlewares/Third_Party/FreeRTOS/Source/timers.c.obj
 .text.prvSampleTimeNow
                0x08005444       0x2c CMakeFiles/Omnitrix.dir/Middlewares/Third_Party/FreeRTOS/Source/timers.c.obj
 .text.prvProcessExpiredTimer
                0x08005470       0x6c CMakeFiles/Omnitrix.dir/Middlewares/Third_Party/FreeRTOS/Source/timers.c.obj
 .text.prvProcessTimerOrBlockTask
                0x080054dc       0x74 CMakeFiles/Omnitrix.dir/Middlewares/Third_Party/FreeRTOS/Source/timers.c.obj
 .text.prvProcessReceivedCommands
                0x08005550      0x10c CMakeFiles/Omnitrix.dir/Middlewares/Third_Party/FreeRTOS/Source/timers.c.obj
 .text.prvTimerTask
                0x0800565c       0x16 CMakeFiles/Omnitrix.dir/Middlewares/Third_Party/FreeRTOS/Source/timers.c.obj
 *fill*         0x08005672        0x2 
 .text.Reset_Handler
                0x08005674       0x50 CMakeFiles/Omnitrix.dir/startup_stm32f411xe.s.obj
                0x08005674                Reset_Handler
 .text.Default_Handler
                0x080056c4        0x2 CMakeFiles/Omnitrix.dir/startup_stm32f411xe.s.obj
                0x080056c4                RTC_Alarm_IRQHandler
                0x080056c4                EXTI2_IRQHandler
                0x080056c4                SPI4_IRQHandler
                0x080056c4                TIM1_CC_IRQHandler
                0x080056c4                DMA2_Stream5_IRQHandler
                0x080056c4                DMA1_Stream5_IRQHandler
                0x080056c4                PVD_IRQHandler
                0x080056c4                SDIO_IRQHandler
                0x080056c4                TAMP_STAMP_IRQHandler
                0x080056c4                EXTI3_IRQHandler
                0x080056c4                TIM1_UP_TIM10_IRQHandler
                0x080056c4                I2C3_ER_IRQHandler
                0x080056c4                EXTI0_IRQHandler
                0x080056c4                I2C2_EV_IRQHandler
                0x080056c4                DMA1_Stream2_IRQHandler
                0x080056c4                FPU_IRQHandler
                0x080056c4                SPI1_IRQHandler
                0x080056c4                TIM1_BRK_TIM9_IRQHandler
                0x080056c4                DMA2_Stream3_IRQHandler
                0x080056c4                USART6_IRQHandler
                0x080056c4                TIM4_IRQHandler
                0x080056c4                I2C1_EV_IRQHandler
                0x080056c4                DMA1_Stream6_IRQHandler
                0x080056c4                DMA1_Stream1_IRQHandler
                0x080056c4                RCC_IRQHandler
                0x080056c4                Default_Handler
                0x080056c4                EXTI15_10_IRQHandler
                0x080056c4                ADC_IRQHandler
                0x080056c4                DMA1_Stream7_IRQHandler
                0x080056c4                SPI5_IRQHandler
                0x080056c4                TIM5_IRQHandler
                0x080056c4                DMA2_Stream7_IRQHandler
                0x080056c4                I2C3_EV_IRQHandler
                0x080056c4                EXTI9_5_IRQHandler
                0x080056c4                SPI2_IRQHandler
                0x080056c4                DMA1_Stream0_IRQHandler
                0x080056c4                EXTI4_IRQHandler
                0x080056c4                WWDG_IRQHandler
                0x080056c4                TIM2_IRQHandler
                0x080056c4                OTG_FS_WKUP_IRQHandler
                0x080056c4                TIM1_TRG_COM_TIM11_IRQHandler
                0x080056c4                EXTI1_IRQHandler
                0x080056c4                USART2_IRQHandler
                0x080056c4                I2C2_ER_IRQHandler
                0x080056c4                DMA2_Stream1_IRQHandler
                0x080056c4                FLASH_IRQHandler
                0x080056c4                DMA2_Stream4_IRQHandler
                0x080056c4                USART1_IRQHandler
                0x080056c4                OTG_FS_IRQHandler
                0x080056c4                SPI3_IRQHandler
                0x080056c4                DMA1_Stream4_IRQHandler
                0x080056c4                I2C1_ER_IRQHandler
                0x080056c4                DMA2_Stream6_IRQHandler
                0x080056c4                DMA1_Stream3_IRQHandler
 *fill*         0x080056c6        0x2 
 .text.__udivmoddi4
                0x080056c8      0x2f8 /home/tree/toolchain/xpack-arm-none-eabi-gcc-14.2.1-1.1/bin/../lib/gcc/arm-none-eabi/14.2.1/thumb/v7e-m+fp/hard/libgcc.a(_udivmoddi4.o)
                0x080056c8                __udivmoddi4
 .text.__cvt    0x080059c0       0xca /home/tree/toolchain/xpack-arm-none-eabi-gcc-14.2.1-1.1/bin/../lib/gcc/arm-none-eabi/14.2.1/../../../../arm-none-eabi/lib/thumb/v7e-m+fp/hard/libg_nano.a(libc_a-nano-vfprintf_float.o)
                0x080059c0                __cvt
 .text.__exponent
                0x08005a8a       0x74 /home/tree/toolchain/xpack-arm-none-eabi-gcc-14.2.1-1.1/bin/../lib/gcc/arm-none-eabi/14.2.1/../../../../arm-none-eabi/lib/thumb/v7e-m+fp/hard/libg_nano.a(libc_a-nano-vfprintf_float.o)
                0x08005a8a                __exponent
 *fill*         0x08005afe        0x2 
 .text._printf_float
                0x08005b00      0x450 /home/tree/toolchain/xpack-arm-none-eabi-gcc-14.2.1-1.1/bin/../lib/gcc/arm-none-eabi/14.2.1/../../../../arm-none-eabi/lib/thumb/v7e-m+fp/hard/libg_nano.a(libc_a-nano-vfprintf_float.o)
                0x08005b00                _printf_float
 .text._printf_common
                0x08005f50       0xda /home/tree/toolchain/xpack-arm-none-eabi-gcc-14.2.1-1.1/bin/../lib/gcc/arm-none-eabi/14.2.1/../../../../arm-none-eabi/lib/thumb/v7e-m+fp/hard/libg_nano.a(libc_a-nano-vfprintf_i.o)
                0x08005f50                _printf_common
 *fill*         0x0800602a        0x2 
 .text._printf_i
                0x0800602c      0x240 /home/tree/toolchain/xpack-arm-none-eabi-gcc-14.2.1-1.1/bin/../lib/gcc/arm-none-eabi/14.2.1/../../../../arm-none-eabi/lib/thumb/v7e-m+fp/hard/libg_nano.a(libc_a-nano-vfprintf_i.o)
                0x0800602c                _printf_i
 .text.std      0x0800626c       0x6c /home/tree/toolchain/xpack-arm-none-eabi-gcc-14.2.1-1.1/bin/../lib/gcc/arm-none-eabi/14.2.1/../../../../arm-none-eabi/lib/thumb/v7e-m+fp/hard/libg_nano.a(libc_a-findfp.o)
 .text.stdio_exit_handler
                0x080062d8       0x18 /home/tree/toolchain/xpack-arm-none-eabi-gcc-14.2.1-1.1/bin/../lib/gcc/arm-none-eabi/14.2.1/../../../../arm-none-eabi/lib/thumb/v7e-m+fp/hard/libg_nano.a(libc_a-findfp.o)
 .text.cleanup_stdio
                0x080062f0       0x40 /home/tree/toolchain/xpack-arm-none-eabi-gcc-14.2.1-1.1/bin/../lib/gcc/arm-none-eabi/14.2.1/../../../../arm-none-eabi/lib/thumb/v7e-m+fp/hard/libg_nano.a(libc_a-findfp.o)
 .text.global_stdio_init.part.0
                0x08006330       0x40 /home/tree/toolchain/xpack-arm-none-eabi-gcc-14.2.1-1.1/bin/../lib/gcc/arm-none-eabi/14.2.1/../../../../arm-none-eabi/lib/thumb/v7e-m+fp/hard/libg_nano.a(libc_a-findfp.o)
 .text.__sfp_lock_acquire
                0x08006370        0xc /home/tree/toolchain/xpack-arm-none-eabi-gcc-14.2.1-1.1/bin/../lib/gcc/arm-none-eabi/14.2.1/../../../../arm-none-eabi/lib/thumb/v7e-m+fp/hard/libg_nano.a(libc_a-findfp.o)
                0x08006370                __sfp_lock_acquire
 .text.__sfp_lock_release
                0x0800637c        0xc /home/tree/toolchain/xpack-arm-none-eabi-gcc-14.2.1-1.1/bin/../lib/gcc/arm-none-eabi/14.2.1/../../../../arm-none-eabi/lib/thumb/v7e-m+fp/hard/libg_nano.a(libc_a-findfp.o)
                0x0800637c                __sfp_lock_release
 .text.__sinit  0x08006388       0x30 /home/tree/toolchain/xpack-arm-none-eabi-gcc-14.2.1-1.1/bin/../lib/gcc/arm-none-eabi/14.2.1/../../../../arm-none-eabi/lib/thumb/v7e-m+fp/hard/libg_nano.a(libc_a-findfp.o)
                0x08006388                __sinit
 .text._fwalk_sglue
                0x080063b8       0x3c /home/tree/toolchain/xpack-arm-none-eabi-gcc-14.2.1-1.1/bin/../lib/gcc/arm-none-eabi/14.2.1/../../../../arm-none-eabi/lib/thumb/v7e-m+fp/hard/libg_nano.a(libc_a-fwalk.o)
                0x080063b8                _fwalk_sglue
 .text.__sread  0x080063f4       0x22 /home/tree/toolchain/xpack-arm-none-eabi-gcc-14.2.1-1.1/bin/../lib/gcc/arm-none-eabi/14.2.1/../../../../arm-none-eabi/lib/thumb/v7e-m+fp/hard/libg_nano.a(libc_a-stdio.o)
                0x080063f4                __sread
 .text.__swrite
                0x08006416       0x38 /home/tree/toolchain/xpack-arm-none-eabi-gcc-14.2.1-1.1/bin/../lib/gcc/arm-none-eabi/14.2.1/../../../../arm-none-eabi/lib/thumb/v7e-m+fp/hard/libg_nano.a(libc_a-stdio.o)
                0x08006416                __swrite
 .text.__sseek  0x0800644e       0x26 /home/tree/toolchain/xpack-arm-none-eabi-gcc-14.2.1-1.1/bin/../lib/gcc/arm-none-eabi/14.2.1/../../../../arm-none-eabi/lib/thumb/v7e-m+fp/hard/libg_nano.a(libc_a-stdio.o)
                0x0800644e                __sseek
 .text.__sclose
                0x08006474        0x8 /home/tree/toolchain/xpack-arm-none-eabi-gcc-14.2.1-1.1/bin/../lib/gcc/arm-none-eabi/14.2.1/../../../../arm-none-eabi/lib/thumb/v7e-m+fp/hard/libg_nano.a(libc_a-stdio.o)
                0x08006474                __sclose
 .text.memset   0x0800647c       0x10 /home/tree/toolchain/xpack-arm-none-eabi-gcc-14.2.1-1.1/bin/../lib/gcc/arm-none-eabi/14.2.1/../../../../arm-none-eabi/lib/thumb/v7e-m+fp/hard/libg_nano.a(libc_a-memset.o)
                0x0800647c                memset
 .text._localeconv_r
                0x0800648c        0x8 /home/tree/toolchain/xpack-arm-none-eabi-gcc-14.2.1-1.1/bin/../lib/gcc/arm-none-eabi/14.2.1/../../../../arm-none-eabi/lib/thumb/v7e-m+fp/hard/libg_nano.a(libc_a-localeconv.o)
                0x0800648c                _localeconv_r
 .text._close_r
                0x08006494       0x20 /home/tree/toolchain/xpack-arm-none-eabi-gcc-14.2.1-1.1/bin/../lib/gcc/arm-none-eabi/14.2.1/../../../../arm-none-eabi/lib/thumb/v7e-m+fp/hard/libg_nano.a(libc_a-closer.o)
                0x08006494                _close_r
 .text._lseek_r
                0x080064b4       0x24 /home/tree/toolchain/xpack-arm-none-eabi-gcc-14.2.1-1.1/bin/../lib/gcc/arm-none-eabi/14.2.1/../../../../arm-none-eabi/lib/thumb/v7e-m+fp/hard/libg_nano.a(libc_a-lseekr.o)
                0x080064b4                _lseek_r
 .text._read_r  0x080064d8       0x24 /home/tree/toolchain/xpack-arm-none-eabi-gcc-14.2.1-1.1/bin/../lib/gcc/arm-none-eabi/14.2.1/../../../../arm-none-eabi/lib/thumb/v7e-m+fp/hard/libg_nano.a(libc_a-readr.o)
                0x080064d8                _read_r
 .text._write_r
                0x080064fc       0x24 /home/tree/toolchain/xpack-arm-none-eabi-gcc-14.2.1-1.1/bin/../lib/gcc/arm-none-eabi/14.2.1/../../../../arm-none-eabi/lib/thumb/v7e-m+fp/hard/libg_nano.a(libc_a-writer.o)
                0x080064fc                _write_r
 .text.__errno  0x08006520        0xc /home/tree/toolchain/xpack-arm-none-eabi-gcc-14.2.1-1.1/bin/../lib/gcc/arm-none-eabi/14.2.1/../../../../arm-none-eabi/lib/thumb/v7e-m+fp/hard/libg_nano.a(libc_a-errno.o)
                0x08006520                __errno
 .text.__libc_init_array
                0x0800652c       0x48 /home/tree/toolchain/xpack-arm-none-eabi-gcc-14.2.1-1.1/bin/../lib/gcc/arm-none-eabi/14.2.1/../../../../arm-none-eabi/lib/thumb/v7e-m+fp/hard/libg_nano.a(libc_a-init.o)
                0x0800652c                __libc_init_array
 .text.__retarget_lock_init_recursive
                0x08006574        0x2 /home/tree/toolchain/xpack-arm-none-eabi-gcc-14.2.1-1.1/bin/../lib/gcc/arm-none-eabi/14.2.1/../../../../arm-none-eabi/lib/thumb/v7e-m+fp/hard/libg_nano.a(libc_a-lock.o)
                0x08006574                __retarget_lock_init_recursive
 .text.__retarget_lock_acquire_recursive
                0x08006576        0x2 /home/tree/toolchain/xpack-arm-none-eabi-gcc-14.2.1-1.1/bin/../lib/gcc/arm-none-eabi/14.2.1/../../../../arm-none-eabi/lib/thumb/v7e-m+fp/hard/libg_nano.a(libc_a-lock.o)
                0x08006576                __retarget_lock_acquire_recursive
 .text.__retarget_lock_release_recursive
                0x08006578        0x2 /home/tree/toolchain/xpack-arm-none-eabi-gcc-14.2.1-1.1/bin/../lib/gcc/arm-none-eabi/14.2.1/../../../../arm-none-eabi/lib/thumb/v7e-m+fp/hard/libg_nano.a(libc_a-lock.o)
                0x08006578                __retarget_lock_release_recursive
 .text.memcpy   0x0800657a       0x1c /home/tree/toolchain/xpack-arm-none-eabi-gcc-14.2.1-1.1/bin/../lib/gcc/arm-none-eabi/14.2.1/../../../../arm-none-eabi/lib/thumb/v7e-m+fp/hard/libg_nano.a(libc_a-memcpy-stub.o)
                0x0800657a                memcpy
 .text.quorem   0x08006596      0x110 /home/tree/toolchain/xpack-arm-none-eabi-gcc-14.2.1-1.1/bin/../lib/gcc/arm-none-eabi/14.2.1/../../../../arm-none-eabi/lib/thumb/v7e-m+fp/hard/libg_nano.a(libc_a-dtoa.o)
 *fill*         0x080066a6        0x2 
 .text._dtoa_r  0x080066a8      0xbc0 /home/tree/toolchain/xpack-arm-none-eabi-gcc-14.2.1-1.1/bin/../lib/gcc/arm-none-eabi/14.2.1/../../../../arm-none-eabi/lib/thumb/v7e-m+fp/hard/libg_nano.a(libc_a-dtoa.o)
                0x080066a8                _dtoa_r
 .text._free_r  0x08007268       0x94 /home/tree/toolchain/xpack-arm-none-eabi-gcc-14.2.1-1.1/bin/../lib/gcc/arm-none-eabi/14.2.1/../../../../arm-none-eabi/lib/thumb/v7e-m+fp/hard/libg_nano.a(libc_a-freer.o)
                0x08007268                _free_r
 .text.malloc   0x080072fc       0x10 /home/tree/toolchain/xpack-arm-none-eabi-gcc-14.2.1-1.1/bin/../lib/gcc/arm-none-eabi/14.2.1/../../../../arm-none-eabi/lib/thumb/v7e-m+fp/hard/libg_nano.a(libc_a-malloc.o)
                0x080072fc                malloc
 .text.sbrk_aligned
                0x0800730c       0x44 /home/tree/toolchain/xpack-arm-none-eabi-gcc-14.2.1-1.1/bin/../lib/gcc/arm-none-eabi/14.2.1/../../../../arm-none-eabi/lib/thumb/v7e-m+fp/hard/libg_nano.a(libc_a-mallocr.o)
 .text._malloc_r
                0x08007350      0x100 /home/tree/toolchain/xpack-arm-none-eabi-gcc-14.2.1-1.1/bin/../lib/gcc/arm-none-eabi/14.2.1/../../../../arm-none-eabi/lib/thumb/v7e-m+fp/hard/libg_nano.a(libc_a-mallocr.o)
                0x08007350                _malloc_r
 .text.__malloc_lock
                0x08007450        0xc /home/tree/toolchain/xpack-arm-none-eabi-gcc-14.2.1-1.1/bin/../lib/gcc/arm-none-eabi/14.2.1/../../../../arm-none-eabi/lib/thumb/v7e-m+fp/hard/libg_nano.a(libc_a-mlock.o)
                0x08007450                __malloc_lock
 .text.__malloc_unlock
                0x0800745c        0xc /home/tree/toolchain/xpack-arm-none-eabi-gcc-14.2.1-1.1/bin/../lib/gcc/arm-none-eabi/14.2.1/../../../../arm-none-eabi/lib/thumb/v7e-m+fp/hard/libg_nano.a(libc_a-mlock.o)
                0x0800745c                __malloc_unlock
 .text._Balloc  0x08007468       0x7c /home/tree/toolchain/xpack-arm-none-eabi-gcc-14.2.1-1.1/bin/../lib/gcc/arm-none-eabi/14.2.1/../../../../arm-none-eabi/lib/thumb/v7e-m+fp/hard/libg_nano.a(libc_a-mprec.o)
                0x08007468                _Balloc
 .text._Bfree   0x080074e4       0x44 /home/tree/toolchain/xpack-arm-none-eabi-gcc-14.2.1-1.1/bin/../lib/gcc/arm-none-eabi/14.2.1/../../../../arm-none-eabi/lib/thumb/v7e-m+fp/hard/libg_nano.a(libc_a-mprec.o)
                0x080074e4                _Bfree
 .text.__multadd
                0x08007528       0x8c /home/tree/toolchain/xpack-arm-none-eabi-gcc-14.2.1-1.1/bin/../lib/gcc/arm-none-eabi/14.2.1/../../../../arm-none-eabi/lib/thumb/v7e-m+fp/hard/libg_nano.a(libc_a-mprec.o)
                0x08007528                __multadd
 .text.__hi0bits
                0x080075b4       0x3e /home/tree/toolchain/xpack-arm-none-eabi-gcc-14.2.1-1.1/bin/../lib/gcc/arm-none-eabi/14.2.1/../../../../arm-none-eabi/lib/thumb/v7e-m+fp/hard/libg_nano.a(libc_a-mprec.o)
                0x080075b4                __hi0bits
 .text.__lo0bits
                0x080075f2       0x5a /home/tree/toolchain/xpack-arm-none-eabi-gcc-14.2.1-1.1/bin/../lib/gcc/arm-none-eabi/14.2.1/../../../../arm-none-eabi/lib/thumb/v7e-m+fp/hard/libg_nano.a(libc_a-mprec.o)
                0x080075f2                __lo0bits
 .text.__i2b    0x0800764c       0x2c /home/tree/toolchain/xpack-arm-none-eabi-gcc-14.2.1-1.1/bin/../lib/gcc/arm-none-eabi/14.2.1/../../../../arm-none-eabi/lib/thumb/v7e-m+fp/hard/libg_nano.a(libc_a-mprec.o)
                0x0800764c                __i2b
 .text.__multiply
                0x08007678      0x154 /home/tree/toolchain/xpack-arm-none-eabi-gcc-14.2.1-1.1/bin/../lib/gcc/arm-none-eabi/14.2.1/../../../../arm-none-eabi/lib/thumb/v7e-m+fp/hard/libg_nano.a(libc_a-mprec.o)
                0x08007678                __multiply
 .text.__pow5mult
                0x080077cc       0xb8 /home/tree/toolchain/xpack-arm-none-eabi-gcc-14.2.1-1.1/bin/../lib/gcc/arm-none-eabi/14.2.1/../../../../arm-none-eabi/lib/thumb/v7e-m+fp/hard/libg_nano.a(libc_a-mprec.o)
                0x080077cc                __pow5mult
 .text.__lshift
                0x08007884       0xdc /home/tree/toolchain/xpack-arm-none-eabi-gcc-14.2.1-1.1/bin/../lib/gcc/arm-none-eabi/14.2.1/../../../../arm-none-eabi/lib/thumb/v7e-m+fp/hard/libg_nano.a(libc_a-mprec.o)
                0x08007884                __lshift
 .text.__mcmp   0x08007960       0x36 /home/tree/toolchain/xpack-arm-none-eabi-gcc-14.2.1-1.1/bin/../lib/gcc/arm-none-eabi/14.2.1/../../../../arm-none-eabi/lib/thumb/v7e-m+fp/hard/libg_nano.a(libc_a-mprec.o)
                0x08007960                __mcmp
 *fill*         0x08007996        0x2 
 .text.__mdiff  0x08007998      0x130 /home/tree/toolchain/xpack-arm-none-eabi-gcc-14.2.1-1.1/bin/../lib/gcc/arm-none-eabi/14.2.1/../../../../arm-none-eabi/lib/thumb/v7e-m+fp/hard/libg_nano.a(libc_a-mprec.o)
                0x08007998                __mdiff
 .text.__d2b    0x08007ac8       0xb0 /home/tree/toolchain/xpack-arm-none-eabi-gcc-14.2.1-1.1/bin/../lib/gcc/arm-none-eabi/14.2.1/../../../../arm-none-eabi/lib/thumb/v7e-m+fp/hard/libg_nano.a(libc_a-mprec.o)
                0x08007ac8                __d2b
 .text.__sflush_r
                0x08007b78      0x104 /home/tree/toolchain/xpack-arm-none-eabi-gcc-14.2.1-1.1/bin/../lib/gcc/arm-none-eabi/14.2.1/../../../../arm-none-eabi/lib/thumb/v7e-m+fp/hard/libg_nano.a(libc_a-fflush.o)
                0x08007b78                __sflush_r
 .text._fflush_r
                0x08007c7c       0x50 /home/tree/toolchain/xpack-arm-none-eabi-gcc-14.2.1-1.1/bin/../lib/gcc/arm-none-eabi/14.2.1/../../../../arm-none-eabi/lib/thumb/v7e-m+fp/hard/libg_nano.a(libc_a-fflush.o)
                0x08007c7c                _fflush_r
 .text._sbrk_r  0x08007ccc       0x20 /home/tree/toolchain/xpack-arm-none-eabi-gcc-14.2.1-1.1/bin/../lib/gcc/arm-none-eabi/14.2.1/../../../../arm-none-eabi/lib/thumb/v7e-m+fp/hard/libg_nano.a(libc_a-sbrkr.o)
                0x08007ccc                _sbrk_r
 .text.__assert_func
                0x08007cec       0x3c /home/tree/toolchain/xpack-arm-none-eabi-gcc-14.2.1-1.1/bin/../lib/gcc/arm-none-eabi/14.2.1/../../../../arm-none-eabi/lib/thumb/v7e-m+fp/hard/libg_nano.a(libc_a-assert.o)
                0x08007cec                __assert_func
 .text._calloc_r
                0x08007d28       0x28 /home/tree/toolchain/xpack-arm-none-eabi-gcc-14.2.1-1.1/bin/../lib/gcc/arm-none-eabi/14.2.1/../../../../arm-none-eabi/lib/thumb/v7e-m+fp/hard/libg_nano.a(libc_a-callocr.o)
                0x08007d28                _calloc_r
 .text.__ascii_mbtowc
                0x08007d50       0x24 /home/tree/toolchain/xpack-arm-none-eabi-gcc-14.2.1-1.1/bin/../lib/gcc/arm-none-eabi/14.2.1/../../../../arm-none-eabi/lib/thumb/v7e-m+fp/hard/libg_nano.a(libc_a-mbtowc_r.o)
                0x08007d50                __ascii_mbtowc
 .text.__ascii_wctomb
                0x08007d74       0x1a /home/tree/toolchain/xpack-arm-none-eabi-gcc-14.2.1-1.1/bin/../lib/gcc/arm-none-eabi/14.2.1/../../../../arm-none-eabi/lib/thumb/v7e-m+fp/hard/libg_nano.a(libc_a-wctomb_r.o)
                0x08007d74                __ascii_wctomb
 *fill*         0x08007d8e        0x2 
 .text.fprintf  0x08007d90       0x24 /home/tree/toolchain/xpack-arm-none-eabi-gcc-14.2.1-1.1/bin/../lib/gcc/arm-none-eabi/14.2.1/../../../../arm-none-eabi/lib/thumb/v7e-m+fp/hard/libg_nano.a(libc_a-fprintf.o)
                0x08007d90                fprintf
                0x08007d90                fiprintf
 .text.abort    0x08007db4        0xe /home/tree/toolchain/xpack-arm-none-eabi-gcc-14.2.1-1.1/bin/../lib/gcc/arm-none-eabi/14.2.1/../../../../arm-none-eabi/lib/thumb/v7e-m+fp/hard/libg_nano.a(libc_a-abort.o)
                0x08007db4                abort
 .text.__sfputc_r
                0x08007dc2       0x2e /home/tree/toolchain/xpack-arm-none-eabi-gcc-14.2.1-1.1/bin/../lib/gcc/arm-none-eabi/14.2.1/../../../../arm-none-eabi/lib/thumb/v7e-m+fp/hard/libg_nano.a(libc_a-nano-vfprintf.o)
 .text.__sfputs_r
                0x08007df0       0x24 /home/tree/toolchain/xpack-arm-none-eabi-gcc-14.2.1-1.1/bin/../lib/gcc/arm-none-eabi/14.2.1/../../../../arm-none-eabi/lib/thumb/v7e-m+fp/hard/libg_nano.a(libc_a-nano-vfprintf.o)
                0x08007df0                __sfputs_r
 .text._vfprintf_r
                0x08007e14      0x230 /home/tree/toolchain/xpack-arm-none-eabi-gcc-14.2.1-1.1/bin/../lib/gcc/arm-none-eabi/14.2.1/../../../../arm-none-eabi/lib/thumb/v7e-m+fp/hard/libg_nano.a(libc_a-nano-vfprintf.o)
                0x08007e14                _vfiprintf_r
                0x08007e14                _vfprintf_r
 .text.__swbuf_r
                0x08008044       0x7c /home/tree/toolchain/xpack-arm-none-eabi-gcc-14.2.1-1.1/bin/../lib/gcc/arm-none-eabi/14.2.1/../../../../arm-none-eabi/lib/thumb/v7e-m+fp/hard/libg_nano.a(libc_a-wbuf.o)
                0x08008044                __swbuf_r
 .text.__swsetup_r
                0x080080c0       0xa8 /home/tree/toolchain/xpack-arm-none-eabi-gcc-14.2.1-1.1/bin/../lib/gcc/arm-none-eabi/14.2.1/../../../../arm-none-eabi/lib/thumb/v7e-m+fp/hard/libg_nano.a(libc_a-wsetup.o)
                0x080080c0                __swsetup_r
 .text._raise_r
                0x08008168       0x50 /home/tree/toolchain/xpack-arm-none-eabi-gcc-14.2.1-1.1/bin/../lib/gcc/arm-none-eabi/14.2.1/../../../../arm-none-eabi/lib/thumb/v7e-m+fp/hard/libg_nano.a(libc_a-signal.o)
                0x08008168                _raise_r
 .text.raise    0x080081b8       0x10 /home/tree/toolchain/xpack-arm-none-eabi-gcc-14.2.1-1.1/bin/../lib/gcc/arm-none-eabi/14.2.1/../../../../arm-none-eabi/lib/thumb/v7e-m+fp/hard/libg_nano.a(libc_a-signal.o)
                0x080081b8                raise
 .text._kill_r  0x080081c8       0x24 /home/tree/toolchain/xpack-arm-none-eabi-gcc-14.2.1-1.1/bin/../lib/gcc/arm-none-eabi/14.2.1/../../../../arm-none-eabi/lib/thumb/v7e-m+fp/hard/libg_nano.a(libc_a-signalr.o)
                0x080081c8                _kill_r
 .text._getpid_r
                0x080081ec        0x4 /home/tree/toolchain/xpack-arm-none-eabi-gcc-14.2.1-1.1/bin/../lib/gcc/arm-none-eabi/14.2.1/../../../../arm-none-eabi/lib/thumb/v7e-m+fp/hard/libg_nano.a(libc_a-signalr.o)
                0x080081ec                _getpid_r
 .text.__swhatbuf_r
                0x080081f0       0x48 /home/tree/toolchain/xpack-arm-none-eabi-gcc-14.2.1-1.1/bin/../lib/gcc/arm-none-eabi/14.2.1/../../../../arm-none-eabi/lib/thumb/v7e-m+fp/hard/libg_nano.a(libc_a-makebuf.o)
                0x080081f0                __swhatbuf_r
 .text.__smakebuf_r
                0x08008238       0x72 /home/tree/toolchain/xpack-arm-none-eabi-gcc-14.2.1-1.1/bin/../lib/gcc/arm-none-eabi/14.2.1/../../../../arm-none-eabi/lib/thumb/v7e-m+fp/hard/libg_nano.a(libc_a-makebuf.o)
                0x08008238                __smakebuf_r
 *fill*         0x080082aa        0x2 
 .text._fstat_r
                0x080082ac       0x24 /home/tree/toolchain/xpack-arm-none-eabi-gcc-14.2.1-1.1/bin/../lib/gcc/arm-none-eabi/14.2.1/../../../../arm-none-eabi/lib/thumb/v7e-m+fp/hard/libg_nano.a(libc_a-fstatr.o)
                0x080082ac                _fstat_r
 .text._isatty_r
                0x080082d0       0x20 /home/tree/toolchain/xpack-arm-none-eabi-gcc-14.2.1-1.1/bin/../lib/gcc/arm-none-eabi/14.2.1/../../../../arm-none-eabi/lib/thumb/v7e-m+fp/hard/libg_nano.a(libc_a-isattyr.o)
                0x080082d0                _isatty_r
 *(.glue_7)
 .glue_7        0x080082f0        0x0 linker stubs
 *(.glue_7t)
 .glue_7t       0x080082f0        0x0 linker stubs
 *(.eh_frame)
 .eh_frame      0x080082f0        0x0 /home/tree/toolchain/xpack-arm-none-eabi-gcc-14.2.1-1.1/bin/../lib/gcc/arm-none-eabi/14.2.1/thumb/v7e-m+fp/hard/crtbegin.o
 *(.init)
 .init          0x080082f0        0x4 /home/tree/toolchain/xpack-arm-none-eabi-gcc-14.2.1-1.1/bin/../lib/gcc/arm-none-eabi/14.2.1/thumb/v7e-m+fp/hard/crti.o
                0x080082f0                _init
 .init          0x080082f4        0x8 /home/tree/toolchain/xpack-arm-none-eabi-gcc-14.2.1-1.1/bin/../lib/gcc/arm-none-eabi/14.2.1/thumb/v7e-m+fp/hard/crtn.o
 *(.fini)
 .fini          0x080082fc        0x4 /home/tree/toolchain/xpack-arm-none-eabi-gcc-14.2.1-1.1/bin/../lib/gcc/arm-none-eabi/14.2.1/thumb/v7e-m+fp/hard/crti.o
                0x080082fc                _fini
 .fini          0x08008300        0x8 /home/tree/toolchain/xpack-arm-none-eabi-gcc-14.2.1-1.1/bin/../lib/gcc/arm-none-eabi/14.2.1/thumb/v7e-m+fp/hard/crtn.o
                0x08008308                        . = ALIGN (0x4)
                0x08008308                        _etext = .

.vfp11_veneer   0x08008308        0x0
 .vfp11_veneer  0x08008308        0x0 linker stubs

.v4_bx          0x08008308        0x0
 .v4_bx         0x08008308        0x0 linker stubs

.iplt           0x08008308        0x0
 .iplt          0x08008308        0x0 /home/tree/toolchain/xpack-arm-none-eabi-gcc-14.2.1-1.1/bin/../lib/gcc/arm-none-eabi/14.2.1/thumb/v7e-m+fp/hard/crtbegin.o

.rodata         0x08008308      0x4a4
                0x08008308                        . = ALIGN (0x4)
 *(.rodata)
 *(.rodata*)
 .rodata.str1.4
                0x08008308       0x3c CMakeFiles/Omnitrix.dir/Core/Src/freertos.c.obj
                                 0x18 (size before relaxing)
 .rodata.initTask_attributes
                0x08008344       0x24 CMakeFiles/Omnitrix.dir/Core/Src/freertos.c.obj
                0x08008344                initTask_attributes
 .rodata.defaultTask_attributes
                0x08008368       0x24 CMakeFiles/Omnitrix.dir/Core/Src/freertos.c.obj
                0x08008368                defaultTask_attributes
 .rodata.APBPrescTable
                0x0800838c        0x8 CMakeFiles/Omnitrix.dir/Core/Src/system_stm32f4xx.c.obj
                0x0800838c                APBPrescTable
 .rodata.AHBPrescTable
                0x08008394       0x10 CMakeFiles/Omnitrix.dir/Core/Src/system_stm32f4xx.c.obj
                0x08008394                AHBPrescTable
 .rodata.str1.4
                0x080083a4        0xc CMakeFiles/Omnitrix.dir/User/task/userTask.c.obj
 .rodata.attr_event
                0x080083a4       0x10 CMakeFiles/Omnitrix.dir/User/task/userTask.c.obj
                0x080083a4                attr_event
 .rodata.attr_led
                0x080083b4       0x24 CMakeFiles/Omnitrix.dir/User/task/userTask.c.obj
                0x080083b4                attr_led
 .rodata.flagBitshiftOffset.0
                0x080083d8        0x8 CMakeFiles/Omnitrix.dir/Drivers/STM32F4xx_HAL_Driver/Src/stm32f4xx_hal_dma.c.obj
 .rodata.vTaskStartScheduler.str1.4
                0x080083e0        0x5 CMakeFiles/Omnitrix.dir/Middlewares/Third_Party/FreeRTOS/Source/tasks.c.obj
 .rodata.prvCheckForValidListAndQueue.str1.4
                0x080083e0        0x5 CMakeFiles/Omnitrix.dir/Middlewares/Third_Party/FreeRTOS/Source/timers.c.obj
 .rodata.xTimerCreateTimerTask.str1.4
                0x080083e0        0x8 CMakeFiles/Omnitrix.dir/Middlewares/Third_Party/FreeRTOS/Source/timers.c.obj
 .rodata._printf_float.str1.1
                0x080083e0      0x1c5 /home/tree/toolchain/xpack-arm-none-eabi-gcc-14.2.1-1.1/bin/../lib/gcc/arm-none-eabi/14.2.1/../../../../arm-none-eabi/lib/thumb/v7e-m+fp/hard/libg_nano.a(libc_a-nano-vfprintf_float.o)
                                 0x12 (size before relaxing)
 .rodata._printf_i.str1.1
                0x080085a5       0x22 /home/tree/toolchain/xpack-arm-none-eabi-gcc-14.2.1-1.1/bin/../lib/gcc/arm-none-eabi/14.2.1/../../../../arm-none-eabi/lib/thumb/v7e-m+fp/hard/libg_nano.a(libc_a-nano-vfprintf_i.o)
 .rodata._dtoa_r.str1.1
                0x080085a5       0xb9 /home/tree/toolchain/xpack-arm-none-eabi-gcc-14.2.1-1.1/bin/../lib/gcc/arm-none-eabi/14.2.1/../../../../arm-none-eabi/lib/thumb/v7e-m+fp/hard/libg_nano.a(libc_a-dtoa.o)
 .rodata._Balloc.str1.1
                0x080085a5       0x9a /home/tree/toolchain/xpack-arm-none-eabi-gcc-14.2.1-1.1/bin/../lib/gcc/arm-none-eabi/14.2.1/../../../../arm-none-eabi/lib/thumb/v7e-m+fp/hard/libg_nano.a(libc_a-mprec.o)
 .rodata.__multadd.str1.1
                0x080085a5       0x11 /home/tree/toolchain/xpack-arm-none-eabi-gcc-14.2.1-1.1/bin/../lib/gcc/arm-none-eabi/14.2.1/../../../../arm-none-eabi/lib/thumb/v7e-m+fp/hard/libg_nano.a(libc_a-mprec.o)
 *fill*         0x080085a5        0x3 
 .rodata.p05.0  0x080085a8        0xc /home/tree/toolchain/xpack-arm-none-eabi-gcc-14.2.1-1.1/bin/../lib/gcc/arm-none-eabi/14.2.1/../../../../arm-none-eabi/lib/thumb/v7e-m+fp/hard/libg_nano.a(libc_a-mprec.o)
 *fill*         0x080085b4        0x4 
 .rodata.__mprec_bigtens
                0x080085b8       0x28 /home/tree/toolchain/xpack-arm-none-eabi-gcc-14.2.1-1.1/bin/../lib/gcc/arm-none-eabi/14.2.1/../../../../arm-none-eabi/lib/thumb/v7e-m+fp/hard/libg_nano.a(libc_a-mprec.o)
                0x080085b8                __mprec_bigtens
 .rodata.__mprec_tens
                0x080085e0       0xc8 /home/tree/toolchain/xpack-arm-none-eabi-gcc-14.2.1-1.1/bin/../lib/gcc/arm-none-eabi/14.2.1/../../../../arm-none-eabi/lib/thumb/v7e-m+fp/hard/libg_nano.a(libc_a-mprec.o)
                0x080085e0                __mprec_tens
 .rodata._setlocale_r.str1.1
                0x080086a8        0x9 /home/tree/toolchain/xpack-arm-none-eabi-gcc-14.2.1-1.1/bin/../lib/gcc/arm-none-eabi/14.2.1/../../../../arm-none-eabi/lib/thumb/v7e-m+fp/hard/libg_nano.a(libc_a-locale.o)
 .rodata.str1.1
                0x080086a8        0x2 /home/tree/toolchain/xpack-arm-none-eabi-gcc-14.2.1-1.1/bin/../lib/gcc/arm-none-eabi/14.2.1/../../../../arm-none-eabi/lib/thumb/v7e-m+fp/hard/libg_nano.a(libc_a-locale.o)
 .rodata.__assert_func.str1.1
                0x080086a8       0x3d /home/tree/toolchain/xpack-arm-none-eabi-gcc-14.2.1-1.1/bin/../lib/gcc/arm-none-eabi/14.2.1/../../../../arm-none-eabi/lib/thumb/v7e-m+fp/hard/libg_nano.a(libc_a-assert.o)
 .rodata._ctype_
                0x080086a8      0x101 /home/tree/toolchain/xpack-arm-none-eabi-gcc-14.2.1-1.1/bin/../lib/gcc/arm-none-eabi/14.2.1/../../../../arm-none-eabi/lib/thumb/v7e-m+fp/hard/libg_nano.a(libc_a-ctype_.o)
                0x080086a8                _ctype_
 .rodata._vfprintf_r.str1.1
                0x080087a9       0x11 /home/tree/toolchain/xpack-arm-none-eabi-gcc-14.2.1-1.1/bin/../lib/gcc/arm-none-eabi/14.2.1/../../../../arm-none-eabi/lib/thumb/v7e-m+fp/hard/libg_nano.a(libc_a-nano-vfprintf.o)
                0x080087bc                        . = ALIGN (0x4)
 *fill*         0x080087a9        0x3 

.ARM.extab      0x080087ac        0x0
                0x080087ac                        . = ALIGN (0x4)
 *(.ARM.extab* .gnu.linkonce.armextab.*)
                0x080087ac                        . = ALIGN (0x4)

.ARM            0x080087ac        0x8
                0x080087ac                        . = ALIGN (0x4)
                0x080087ac                        __exidx_start = .
 *(.ARM.exidx*)
 .ARM.exidx     0x080087ac        0x8 /home/tree/toolchain/xpack-arm-none-eabi-gcc-14.2.1-1.1/bin/../lib/gcc/arm-none-eabi/14.2.1/../../../../arm-none-eabi/lib/thumb/v7e-m+fp/hard/libg_nano.a(libc_a-memchr.o)
 .ARM.exidx     0x080087b4        0x0 /home/tree/toolchain/xpack-arm-none-eabi-gcc-14.2.1-1.1/bin/../lib/gcc/arm-none-eabi/14.2.1/../../../../arm-none-eabi/lib/thumb/v7e-m+fp/hard/libg_nano.a(libc_a-strlen.o)
                                  0x8 (size before relaxing)
 .ARM.exidx.text.__udivmoddi4
                0x080087b4        0x0 /home/tree/toolchain/xpack-arm-none-eabi-gcc-14.2.1-1.1/bin/../lib/gcc/arm-none-eabi/14.2.1/thumb/v7e-m+fp/hard/libgcc.a(_udivmoddi4.o)
                                  0x8 (size before relaxing)
                0x080087b4                        __exidx_end = .
                0x080087b4                        . = ALIGN (0x4)

.preinit_array  0x080087b4        0x0
                0x080087b4                        . = ALIGN (0x4)
                0x080087b4                        PROVIDE (__preinit_array_start = .)
 *(.preinit_array*)
                0x080087b4                        PROVIDE (__preinit_array_end = .)
                0x080087b4                        . = ALIGN (0x4)

.init_array     0x080087b4        0x4
                0x080087b4                        . = ALIGN (0x4)
                0x080087b4                        PROVIDE (__init_array_start = .)
 *(SORT_BY_NAME(.init_array.*))
 *(.init_array*)
 .init_array    0x080087b4        0x4 /home/tree/toolchain/xpack-arm-none-eabi-gcc-14.2.1-1.1/bin/../lib/gcc/arm-none-eabi/14.2.1/thumb/v7e-m+fp/hard/crtbegin.o
                0x080087b8                        PROVIDE (__init_array_end = .)
                0x080087b8                        . = ALIGN (0x4)

.fini_array     0x080087b8        0x4
                0x080087b8                        . = ALIGN (0x4)
                0x080087b8                        PROVIDE (__fini_array_start = .)
 *(SORT_BY_NAME(.fini_array.*))
 *(.fini_array*)
 .fini_array    0x080087b8        0x4 /home/tree/toolchain/xpack-arm-none-eabi-gcc-14.2.1-1.1/bin/../lib/gcc/arm-none-eabi/14.2.1/thumb/v7e-m+fp/hard/crtbegin.o
                0x080087bc                        PROVIDE (__fini_array_end = .)
                0x080087bc                        . = ALIGN (0x4)
                0x080087bc                        _sidata = LOADADDR (.data)

.rel.dyn        0x080087bc        0x0
 .rel.iplt      0x080087bc        0x0 /home/tree/toolchain/xpack-arm-none-eabi-gcc-14.2.1-1.1/bin/../lib/gcc/arm-none-eabi/14.2.1/thumb/v7e-m+fp/hard/crtbegin.o

.data           0x20000000      0x1d8 load address 0x080087bc
                0x20000000                        . = ALIGN (0x4)
                0x20000000                        _sdata = .
 *(.data)
 *(.data*)
 .data.SystemCoreClock
                0x20000000        0x4 CMakeFiles/Omnitrix.dir/Core/Src/system_stm32f4xx.c.obj
                0x20000000                SystemCoreClock
 .data.uwTickFreq
                0x20000004        0x1 CMakeFiles/Omnitrix.dir/Drivers/STM32F4xx_HAL_Driver/Src/stm32f4xx_hal.c.obj
                0x20000004                uwTickFreq
 *fill*         0x20000005        0x3 
 .data.uwTickPrio
                0x20000008        0x4 CMakeFiles/Omnitrix.dir/Drivers/STM32F4xx_HAL_Driver/Src/stm32f4xx_hal.c.obj
                0x20000008                uwTickPrio
 .data.uxCriticalNesting
                0x2000000c        0x4 CMakeFiles/Omnitrix.dir/Middlewares/Third_Party/FreeRTOS/Source/portable/GCC/ARM_CM4F/port.c.obj
 .data.__sglue  0x20000010        0xc /home/tree/toolchain/xpack-arm-none-eabi-gcc-14.2.1-1.1/bin/../lib/gcc/arm-none-eabi/14.2.1/../../../../arm-none-eabi/lib/thumb/v7e-m+fp/hard/libg_nano.a(libc_a-findfp.o)
                0x20000010                __sglue
 .data._impure_ptr
                0x2000001c        0x4 /home/tree/toolchain/xpack-arm-none-eabi-gcc-14.2.1-1.1/bin/../lib/gcc/arm-none-eabi/14.2.1/../../../../arm-none-eabi/lib/thumb/v7e-m+fp/hard/libg_nano.a(libc_a-impure.o)
                0x2000001c                _impure_ptr
 .data._impure_data
                0x20000020       0x4c /home/tree/toolchain/xpack-arm-none-eabi-gcc-14.2.1-1.1/bin/../lib/gcc/arm-none-eabi/14.2.1/../../../../arm-none-eabi/lib/thumb/v7e-m+fp/hard/libg_nano.a(libc_a-impure.o)
                0x20000020                _impure_data
 .data.__global_locale
                0x2000006c      0x16c /home/tree/toolchain/xpack-arm-none-eabi-gcc-14.2.1-1.1/bin/../lib/gcc/arm-none-eabi/14.2.1/../../../../arm-none-eabi/lib/thumb/v7e-m+fp/hard/libg_nano.a(libc_a-locale.o)
                0x2000006c                __global_locale
 *(.RamFunc)
 *(.RamFunc*)
                0x200001d8                        . = ALIGN (0x4)

.igot.plt       0x200001d8        0x0 load address 0x08008994
 .igot.plt      0x200001d8        0x0 /home/tree/toolchain/xpack-arm-none-eabi-gcc-14.2.1-1.1/bin/../lib/gcc/arm-none-eabi/14.2.1/thumb/v7e-m+fp/hard/crtbegin.o

.tdata          0x200001d8        0x0 load address 0x08008994
 *(.tdata .tdata.* .gnu.linkonce.td.*)
                0x200001d8                        . = ALIGN (0x4)
                0x200001d8                        _edata = .
                [!provide]                        PROVIDE (__data_end = .)
                [!provide]                        PROVIDE (__tdata_end = .)
                [!provide]                        PROVIDE (__tdata_start = ADDR (.tdata))
                [!provide]                        PROVIDE (__tdata_size = (__tdata_end - __tdata_start))
                [!provide]                        PROVIDE (__data_start = ADDR (.data))
                [!provide]                        PROVIDE (__data_size = (__data_end - __data_start))
                [!provide]                        PROVIDE (__tdata_source = LOADADDR (.tdata))
                [!provide]                        PROVIDE (__tdata_source_end = (LOADADDR (.tdata) + SIZEOF (.tdata)))
                [!provide]                        PROVIDE (__tdata_source_size = (__tdata_source_end - __tdata_source))
                [!provide]                        PROVIDE (__data_source = LOADADDR (.data))
                [!provide]                        PROVIDE (__data_source_end = __tdata_source_end)
                [!provide]                        PROVIDE (__data_source_size = (__data_source_end - __data_source))

.tbss           0x200001d8        0x0 load address 0x08008994
                0x200001d8                        _sbss = .
                0x200001d8                        __bss_start__ = _sbss
 *(.tbss .tbss.*)
                0x200001d8                        . = ALIGN (0x4)
                [!provide]                        PROVIDE (__tbss_end = .)
                [!provide]                        PROVIDE (__tbss_start = ADDR (.tbss))
                [!provide]                        PROVIDE (__tbss_size = (__tbss_end - __tbss_start))
                [!provide]                        PROVIDE (__tbss_offset = (ADDR (.tbss) - ADDR (.tdata)))
                [!provide]                        PROVIDE (__tls_base = __tdata_start)
                [!provide]                        PROVIDE (__tls_end = __tbss_end)
                [!provide]                        PROVIDE (__tls_size = (__tls_end - __tls_base))
                [!provide]                        PROVIDE (__tls_align = MAX (ALIGNOF (.tdata), ALIGNOF (.tbss)))
                [!provide]                        PROVIDE (__tls_size_align = (((__tls_size + __tls_align) - 0x1) & ~ ((__tls_align - 0x1))))
                [!provide]                        PROVIDE (__arm32_tls_tcb_offset = MAX (0x8, __tls_align))
                [!provide]                        PROVIDE (__arm64_tls_tcb_offset = MAX (0x10, __tls_align))

.bss            0x200001d8     0x4d88 load address 0x08008994
 *(.bss)
 *(.bss*)
 .bss.completed.1
                0x200001d8        0x1 /home/tree/toolchain/xpack-arm-none-eabi-gcc-14.2.1-1.1/bin/../lib/gcc/arm-none-eabi/14.2.1/thumb/v7e-m+fp/hard/crtbegin.o
 *fill*         0x200001d9        0x3 
 .bss.object.0  0x200001dc       0x18 /home/tree/toolchain/xpack-arm-none-eabi-gcc-14.2.1-1.1/bin/../lib/gcc/arm-none-eabi/14.2.1/thumb/v7e-m+fp/hard/crtbegin.o
 .bss.hdma_adc1
                0x200001f4       0x60 CMakeFiles/Omnitrix.dir/Core/Src/adc.c.obj
                0x200001f4                hdma_adc1
 .bss.hadc1     0x20000254       0x48 CMakeFiles/Omnitrix.dir/Core/Src/adc.c.obj
                0x20000254                hadc1
 .bss.initTaskHandle
                0x2000029c        0x4 CMakeFiles/Omnitrix.dir/Core/Src/freertos.c.obj
                0x2000029c                initTaskHandle
 .bss.defaultTaskHandle
                0x200002a0        0x4 CMakeFiles/Omnitrix.dir/Core/Src/freertos.c.obj
                0x200002a0                defaultTaskHandle
 .bss.hrtc      0x200002a4       0x20 CMakeFiles/Omnitrix.dir/Core/Src/rtc.c.obj
                0x200002a4                hrtc
 .bss.hdma_spi1_tx
                0x200002c4       0x60 CMakeFiles/Omnitrix.dir/Core/Src/spi.c.obj
                0x200002c4                hdma_spi1_tx
 .bss.hspi1     0x20000324       0x58 CMakeFiles/Omnitrix.dir/Core/Src/spi.c.obj
                0x20000324                hspi1
 .bss.htim3     0x2000037c       0x48 CMakeFiles/Omnitrix.dir/Core/Src/stm32f4xx_hal_timebase_tim.c.obj
                0x2000037c                htim3
 .bss.__sbrk_heap_end
                0x200003c4        0x4 CMakeFiles/Omnitrix.dir/Core/Src/sysmem.c.obj
 .bss.htim1     0x200003c8       0x48 CMakeFiles/Omnitrix.dir/Core/Src/tim.c.obj
                0x200003c8                htim1
 .bss.huart6    0x20000410       0x48 CMakeFiles/Omnitrix.dir/Core/Src/usart.c.obj
                0x20000410                huart6
 .bss.huart1    0x20000458       0x48 CMakeFiles/Omnitrix.dir/Core/Src/usart.c.obj
                0x20000458                huart1
 .bss.a         0x200004a0        0x4 CMakeFiles/Omnitrix.dir/User/task/ledTask.c.obj
                0x200004a0                a
 .bss.task_struct
                0x200004a4       0x1c CMakeFiles/Omnitrix.dir/User/task/userTask.c.obj
                0x200004a4                task_struct
 .bss.uwTick    0x200004c0        0x4 CMakeFiles/Omnitrix.dir/Drivers/STM32F4xx_HAL_Driver/Src/stm32f4xx_hal.c.obj
                0x200004c0                uwTick
 .bss.Timer_Stack.0
                0x200004c4      0x400 CMakeFiles/Omnitrix.dir/Middlewares/Third_Party/FreeRTOS/Source/CMSIS_RTOS_V2/cmsis_os2.c.obj
 .bss.Timer_TCB.1
                0x200008c4       0x5c CMakeFiles/Omnitrix.dir/Middlewares/Third_Party/FreeRTOS/Source/CMSIS_RTOS_V2/cmsis_os2.c.obj
 .bss.Idle_Stack.2
                0x20000920      0x200 CMakeFiles/Omnitrix.dir/Middlewares/Third_Party/FreeRTOS/Source/CMSIS_RTOS_V2/cmsis_os2.c.obj
 .bss.Idle_TCB.3
                0x20000b20       0x5c CMakeFiles/Omnitrix.dir/Middlewares/Third_Party/FreeRTOS/Source/CMSIS_RTOS_V2/cmsis_os2.c.obj
 .bss.KernelState
                0x20000b7c        0x4 CMakeFiles/Omnitrix.dir/Middlewares/Third_Party/FreeRTOS/Source/CMSIS_RTOS_V2/cmsis_os2.c.obj
 .bss.ulMaxPRIGROUPValue
                0x20000b80        0x4 CMakeFiles/Omnitrix.dir/Middlewares/Third_Party/FreeRTOS/Source/portable/GCC/ARM_CM4F/port.c.obj
 .bss.ucMaxSysCallPriority
                0x20000b84        0x1 CMakeFiles/Omnitrix.dir/Middlewares/Third_Party/FreeRTOS/Source/portable/GCC/ARM_CM4F/port.c.obj
 *fill*         0x20000b85        0x3 
 .bss.xBlockAllocatedBit
                0x20000b88        0x4 CMakeFiles/Omnitrix.dir/Middlewares/Third_Party/FreeRTOS/Source/portable/MemMang/heap_4.c.obj
 .bss.xNumberOfSuccessfulFrees
                0x20000b8c        0x4 CMakeFiles/Omnitrix.dir/Middlewares/Third_Party/FreeRTOS/Source/portable/MemMang/heap_4.c.obj
 .bss.xNumberOfSuccessfulAllocations
                0x20000b90        0x4 CMakeFiles/Omnitrix.dir/Middlewares/Third_Party/FreeRTOS/Source/portable/MemMang/heap_4.c.obj
 .bss.xMinimumEverFreeBytesRemaining
                0x20000b94        0x4 CMakeFiles/Omnitrix.dir/Middlewares/Third_Party/FreeRTOS/Source/portable/MemMang/heap_4.c.obj
 .bss.xFreeBytesRemaining
                0x20000b98        0x4 CMakeFiles/Omnitrix.dir/Middlewares/Third_Party/FreeRTOS/Source/portable/MemMang/heap_4.c.obj
 .bss.pxEnd     0x20000b9c        0x4 CMakeFiles/Omnitrix.dir/Middlewares/Third_Party/FreeRTOS/Source/portable/MemMang/heap_4.c.obj
 .bss.xStart    0x20000ba0        0x8 CMakeFiles/Omnitrix.dir/Middlewares/Third_Party/FreeRTOS/Source/portable/MemMang/heap_4.c.obj
 .bss.ucHeap    0x20000ba8     0x3c00 CMakeFiles/Omnitrix.dir/Middlewares/Third_Party/FreeRTOS/Source/portable/MemMang/heap_4.c.obj
 .bss.xQueueRegistry
                0x200047a8       0x40 CMakeFiles/Omnitrix.dir/Middlewares/Third_Party/FreeRTOS/Source/queue.c.obj
                0x200047a8                xQueueRegistry
 .bss.uxSchedulerSuspended
                0x200047e8        0x4 CMakeFiles/Omnitrix.dir/Middlewares/Third_Party/FreeRTOS/Source/tasks.c.obj
 .bss.xIdleTaskHandle
                0x200047ec        0x4 CMakeFiles/Omnitrix.dir/Middlewares/Third_Party/FreeRTOS/Source/tasks.c.obj
 .bss.xNextTaskUnblockTime
                0x200047f0        0x4 CMakeFiles/Omnitrix.dir/Middlewares/Third_Party/FreeRTOS/Source/tasks.c.obj
 .bss.uxTaskNumber
                0x200047f4        0x4 CMakeFiles/Omnitrix.dir/Middlewares/Third_Party/FreeRTOS/Source/tasks.c.obj
 .bss.xNumOfOverflows
                0x200047f8        0x4 CMakeFiles/Omnitrix.dir/Middlewares/Third_Party/FreeRTOS/Source/tasks.c.obj
 .bss.xYieldPending
                0x200047fc        0x4 CMakeFiles/Omnitrix.dir/Middlewares/Third_Party/FreeRTOS/Source/tasks.c.obj
 .bss.xPendedTicks
                0x20004800        0x4 CMakeFiles/Omnitrix.dir/Middlewares/Third_Party/FreeRTOS/Source/tasks.c.obj
 .bss.xSchedulerRunning
                0x20004804        0x4 CMakeFiles/Omnitrix.dir/Middlewares/Third_Party/FreeRTOS/Source/tasks.c.obj
 .bss.uxTopReadyPriority
                0x20004808        0x4 CMakeFiles/Omnitrix.dir/Middlewares/Third_Party/FreeRTOS/Source/tasks.c.obj
 .bss.xTickCount
                0x2000480c        0x4 CMakeFiles/Omnitrix.dir/Middlewares/Third_Party/FreeRTOS/Source/tasks.c.obj
 .bss.uxCurrentNumberOfTasks
                0x20004810        0x4 CMakeFiles/Omnitrix.dir/Middlewares/Third_Party/FreeRTOS/Source/tasks.c.obj
 .bss.xSuspendedTaskList