Archive member included to satisfy reference by file (symbol)

/home/tree/toolchain/xpack-arm-none-eabi-gcc-14.2.1-1.1/bin/../lib/gcc/arm-none-eabi/14.2.1/thumb/v7e-m+fp/hard/libgcc.a(_aeabi_uldivmod.o)
                              CMakeFiles/Omnitrix.dir/Drivers/STM32F4xx_HAL_Driver/Src/stm32f4xx_hal_rcc.c.obj (__aeabi_uldivmod)
/home/tree/toolchain/xpack-arm-none-eabi-gcc-14.2.1-1.1/bin/../lib/gcc/arm-none-eabi/14.2.1/thumb/v7e-m+fp/hard/libgcc.a(_udivmoddi4.o)
                              /home/tree/toolchain/xpack-arm-none-eabi-gcc-14.2.1-1.1/bin/../lib/gcc/arm-none-eabi/14.2.1/thumb/v7e-m+fp/hard/libgcc.a(_aeabi_uldivmod.o) (__udivmoddi4)
/home/tree/toolchain/xpack-arm-none-eabi-gcc-14.2.1-1.1/bin/../lib/gcc/arm-none-eabi/14.2.1/thumb/v7e-m+fp/hard/libgcc.a(_dvmd_tls.o)
                              /home/tree/toolchain/xpack-arm-none-eabi-gcc-14.2.1-1.1/bin/../lib/gcc/arm-none-eabi/14.2.1/thumb/v7e-m+fp/hard/libgcc.a(_aeabi_uldivmod.o) (__aeabi_ldiv0)
/home/tree/toolchain/xpack-arm-none-eabi-gcc-14.2.1-1.1/bin/../lib/gcc/arm-none-eabi/14.2.1/../../../../arm-none-eabi/lib/thumb/v7e-m+fp/hard/libg_nano.a(libc_a-atexit.o)
                              /home/tree/toolchain/xpack-arm-none-eabi-gcc-14.2.1-1.1/bin/../lib/gcc/arm-none-eabi/14.2.1/../../../../arm-none-eabi/lib/thumb/v7e-m+fp/hard/crt0.o (atexit)
/home/tree/toolchain/xpack-arm-none-eabi-gcc-14.2.1-1.1/bin/../lib/gcc/arm-none-eabi/14.2.1/../../../../arm-none-eabi/lib/thumb/v7e-m+fp/hard/libg_nano.a(libc_a-exit.o)
                              /home/tree/toolchain/xpack-arm-none-eabi-gcc-14.2.1-1.1/bin/../lib/gcc/arm-none-eabi/14.2.1/../../../../arm-none-eabi/lib/thumb/v7e-m+fp/hard/crt0.o (exit)
/home/tree/toolchain/xpack-arm-none-eabi-gcc-14.2.1-1.1/bin/../lib/gcc/arm-none-eabi/14.2.1/../../../../arm-none-eabi/lib/thumb/v7e-m+fp/hard/libg_nano.a(libc_a-nano-vfprintf_float.o)
                              (_printf_float)
/home/tree/toolchain/xpack-arm-none-eabi-gcc-14.2.1-1.1/bin/../lib/gcc/arm-none-eabi/14.2.1/../../../../arm-none-eabi/lib/thumb/v7e-m+fp/hard/libg_nano.a(libc_a-nano-vfprintf_i.o)
                              /home/tree/toolchain/xpack-arm-none-eabi-gcc-14.2.1-1.1/bin/../lib/gcc/arm-none-eabi/14.2.1/../../../../arm-none-eabi/lib/thumb/v7e-m+fp/hard/libg_nano.a(libc_a-nano-vfprintf_float.o) (_printf_common)
/home/tree/toolchain/xpack-arm-none-eabi-gcc-14.2.1-1.1/bin/../lib/gcc/arm-none-eabi/14.2.1/../../../../arm-none-eabi/lib/thumb/v7e-m+fp/hard/libg_nano.a(libc_a-findfp.o)
                              /home/tree/toolchain/xpack-arm-none-eabi-gcc-14.2.1-1.1/bin/../lib/gcc/arm-none-eabi/14.2.1/../../../../arm-none-eabi/lib/thumb/v7e-m+fp/hard/libg_nano.a(libc_a-exit.o) (__stdio_exit_handler)
/home/tree/toolchain/xpack-arm-none-eabi-gcc-14.2.1-1.1/bin/../lib/gcc/arm-none-eabi/14.2.1/../../../../arm-none-eabi/lib/thumb/v7e-m+fp/hard/libg_nano.a(libc_a-fwalk.o)
                              /home/tree/toolchain/xpack-arm-none-eabi-gcc-14.2.1-1.1/bin/../lib/gcc/arm-none-eabi/14.2.1/../../../../arm-none-eabi/lib/thumb/v7e-m+fp/hard/libg_nano.a(libc_a-findfp.o) (_fwalk_sglue)
/home/tree/toolchain/xpack-arm-none-eabi-gcc-14.2.1-1.1/bin/../lib/gcc/arm-none-eabi/14.2.1/../../../../arm-none-eabi/lib/thumb/v7e-m+fp/hard/libg_nano.a(libc_a-stdio.o)
                              /home/tree/toolchain/xpack-arm-none-eabi-gcc-14.2.1-1.1/bin/../lib/gcc/arm-none-eabi/14.2.1/../../../../arm-none-eabi/lib/thumb/v7e-m+fp/hard/libg_nano.a(libc_a-findfp.o) (__sread)
/home/tree/toolchain/xpack-arm-none-eabi-gcc-14.2.1-1.1/bin/../lib/gcc/arm-none-eabi/14.2.1/../../../../arm-none-eabi/lib/thumb/v7e-m+fp/hard/libg_nano.a(libc_a-memset.o)
                              /home/tree/toolchain/xpack-arm-none-eabi-gcc-14.2.1-1.1/bin/../lib/gcc/arm-none-eabi/14.2.1/../../../../arm-none-eabi/lib/thumb/v7e-m+fp/hard/crt0.o (memset)
/home/tree/toolchain/xpack-arm-none-eabi-gcc-14.2.1-1.1/bin/../lib/gcc/arm-none-eabi/14.2.1/../../../../arm-none-eabi/lib/thumb/v7e-m+fp/hard/libg_nano.a(libc_a-localeconv.o)
                              /home/tree/toolchain/xpack-arm-none-eabi-gcc-14.2.1-1.1/bin/../lib/gcc/arm-none-eabi/14.2.1/../../../../arm-none-eabi/lib/thumb/v7e-m+fp/hard/libg_nano.a(libc_a-nano-vfprintf_float.o) (_localeconv_r)
/home/tree/toolchain/xpack-arm-none-eabi-gcc-14.2.1-1.1/bin/../lib/gcc/arm-none-eabi/14.2.1/../../../../arm-none-eabi/lib/thumb/v7e-m+fp/hard/libg_nano.a(libc_a-closer.o)
                              /home/tree/toolchain/xpack-arm-none-eabi-gcc-14.2.1-1.1/bin/../lib/gcc/arm-none-eabi/14.2.1/../../../../arm-none-eabi/lib/thumb/v7e-m+fp/hard/libg_nano.a(libc_a-stdio.o) (_close_r)
/home/tree/toolchain/xpack-arm-none-eabi-gcc-14.2.1-1.1/bin/../lib/gcc/arm-none-eabi/14.2.1/../../../../arm-none-eabi/lib/thumb/v7e-m+fp/hard/libg_nano.a(libc_a-reent.o)
[...]
Memory Configuration

Name             Origin             Length             Attributes
RAM              0x20000000         0x00020000         xrw
FLASH            0x08000000         0x00080000         xr
*default*        0x00000000         0xffffffff

Linker script and memory map

LOAD /home/tree/toolchain/xpack-arm-none-eabi-gcc-14.2.1-1.1/bin/../lib/gcc/arm-none-eabi/14.2.1/thumb/v7e-m+fp/hard/crti.o
LOAD /home/tree/toolchain/xpack-arm-none-eabi-gcc-14.2.1-1.1/bin/../lib/gcc/arm-none-eabi/14.2.1/thumb/v7e-m+fp/hard/crtbegin.o
LOAD /home/tree/toolchain/xpack-arm-none-eabi-gcc-14.2.1-1.1/bin/../lib/gcc/arm-none-eabi/14.2.1/../../../../arm-none-eabi/lib/thumb/v7e-m+fp/hard/crt0.o
LOAD CMakeFiles/Omnitrix.dir/Core/Src/adc.c.obj
LOAD CMakeFiles/Omnitrix.dir/Core/Src/dma.c.obj
LOAD CMakeFiles/Omnitrix.dir/Core/Src/freertos.c.obj
LOAD CMakeFiles/Omnitrix.dir/Core/Src/gpio.c.obj
LOAD CMakeFiles/Omnitrix.dir/Core/Src/main.c.obj
LOAD CMakeFiles/Omnitrix.dir/Core/Src/rtc.c.obj
LOAD CMakeFiles/Omnitrix.dir/Core/Src/spi.c.obj
LOAD CMakeFiles/Omnitrix.dir/Core/Src/stm32f4xx_hal_msp.c.obj
LOAD CMakeFiles/Omnitrix.dir/Core/Src/stm32f4xx_it.c.obj
LOAD CMakeFiles/Omnitrix.dir/Core/Src/syscalls.c.obj
LOAD CMakeFiles/Omnitrix.dir/Core/Src/sysmem.c.obj
LOAD CMakeFiles/Omnitrix.dir/Core/Src/system_stm32f4xx.c.obj
LOAD CMakeFiles/Omnitrix.dir/Core/Src/tim.c.obj
LOAD CMakeFiles/Omnitrix.dir/Core/Src/usart.c.obj
LOAD CMakeFiles/Omnitrix.dir/User/bsp/bsp_delay.c.obj
LOAD CMakeFiles/Omnitrix.dir/User/bsp/bsp_iic.c.obj
LOAD CMakeFiles/Omnitrix.dir/User/device/BL24C02.c.obj
LOAD CMakeFiles/Omnitrix.dir/User/device/DataSave.c.obj
LOAD CMakeFiles/Omnitrix.dir/User/task/initTask.c.obj
LOAD CMakeFiles/Omnitrix.dir/User/task/ledTask.c.obj
LOAD CMakeFiles/Omnitrix.dir/User/task/userTask.c.obj
LOAD CMakeFiles/Omnitrix.dir/Drivers/STM32F4xx_HAL_Driver/Src/stm32f4xx_hal.c.obj
LOAD CMakeFiles/Omnitrix.dir/Drivers/STM32F4xx_HAL_Driver/Src/stm32f4xx_hal_adc.c.obj
LOAD CMakeFiles/Omnitrix.dir/Drivers/STM32F4xx_HAL_Driver/Src/stm32f4xx_hal_adc_ex.c.obj
LOAD CMakeFiles/Omnitrix.dir/Drivers/STM32F4xx_HAL_Driver/Src/stm32f4xx_hal_cortex.c.obj
LOAD CMakeFiles/Omnitrix.dir/Drivers/STM32F4xx_HAL_Driver/Src/stm32f4xx_hal_dma.c.obj
LOAD CMakeFiles/Omnitrix.dir/Drivers/STM32F4xx_HAL_Driver/Src/stm32f4xx_hal_dma_ex.c.obj
LOAD CMakeFiles/Omnitrix.dir/Drivers/STM32F4xx_HAL_Driver/Src/stm32f4xx_hal_exti.c.obj
LOAD CMakeFiles/Omnitrix.dir/Drivers/STM32F4xx_HAL_Driver/Src/stm32f4xx_hal_flash.c.obj
LOAD CMakeFiles/Omnitrix.dir/Drivers/STM32F4xx_HAL_Driver/Src/stm32f4xx_hal_flash_ex.c.obj
LOAD CMakeFiles/Omnitrix.dir/Drivers/STM32F4xx_HAL_Driver/Src/stm32f4xx_hal_flash_ramfunc.c.obj
LOAD CMakeFiles/Omnitrix.dir/Drivers/STM32F4xx_HAL_Driver/Src/stm32f4xx_hal_gpio.c.obj
LOAD CMakeFiles/Omnitrix.dir/Drivers/STM32F4xx_HAL_Driver/Src/stm32f4xx_hal_pwr.c.obj
LOAD CMakeFiles/Omnitrix.dir/Drivers/STM32F4xx_HAL_Driver/Src/stm32f4xx_hal_pwr_ex.c.obj
LOAD CMakeFiles/Omnitrix.dir/Drivers/STM32F4xx_HAL_Driver/Src/stm32f4xx_hal_rcc.c.obj
LOAD CMakeFiles/Omnitrix.dir/Drivers/STM32F4xx_HAL_Driver/Src/stm32f4xx_hal_rcc_ex.c.obj
LOAD CMakeFiles/Omnitrix.dir/Drivers/STM32F4xx_HAL_Driver/Src/stm32f4xx_hal_rtc.c.obj
LOAD CMakeFiles/Omnitrix.dir/Drivers/STM32F4xx_HAL_Driver/Src/stm32f4xx_hal_rtc_ex.c.obj
LOAD CMakeFiles/Omnitrix.dir/Drivers/STM32F4xx_HAL_Driver/Src/stm32f4xx_hal_spi.c.obj
LOAD CMakeFiles/Omnitrix.dir/Drivers/STM32F4xx_HAL_Driver/Src/stm32f4xx_hal_tim.c.obj
LOAD CMakeFiles/Omnitrix.dir/Drivers/STM32F4xx_HAL_Driver/Src/stm32f4xx_hal_tim_ex.c.obj
LOAD CMakeFiles/Omnitrix.dir/Drivers/STM32F4xx_HAL_Driver/Src/stm32f4xx_hal_uart.c.obj
LOAD CMakeFiles/Omnitrix.dir/Drivers/STM32F4xx_HAL_Driver/Src/stm32f4xx_ll_adc.c.obj
LOAD CMakeFiles/Omnitrix.dir/Middlewares/Third_Party/FreeRTOS/Source/CMSIS_RTOS_V2/cmsis_os2.c.obj
LOAD CMakeFiles/Omnitrix.dir/Middlewares/Third_Party/FreeRTOS/Source/croutine.c.obj
LOAD CMakeFiles/Omnitrix.dir/Middlewares/Third_Party/FreeRTOS/Source/event_groups.c.obj
LOAD CMakeFiles/Omnitrix.dir/Middlewares/Third_Party/FreeRTOS/Source/list.c.obj
LOAD CMakeFiles/Omnitrix.dir/Middlewares/Third_Party/FreeRTOS/Source/portable/GCC/ARM_CM4F/port.c.obj
LOAD CMakeFiles/Omnitrix.dir/Middlewares/Third_Party/FreeRTOS/Source/portable/MemMang/heap_4.c.obj
LOAD CMakeFiles/Omnitrix.dir/Middlewares/Third_Party/FreeRTOS/Source/queue.c.obj
LOAD CMakeFiles/Omnitrix.dir/Middlewares/Third_Party/FreeRTOS/Source/stream_buffer.c.obj
LOAD CMakeFiles/Omnitrix.dir/Middlewares/Third_Party/FreeRTOS/Source/tasks.c.obj
LOAD CMakeFiles/Omnitrix.dir/Middlewares/Third_Party/FreeRTOS/Source/timers.c.obj
LOAD CMakeFiles/Omnitrix.dir/startup_stm32f411xe.s.obj
START GROUP
LOAD /home/tree/toolchain/xpack-arm-none-eabi-gcc-14.2.1-1.1/bin/../lib/gcc/arm-none-eabi/14.2.1/thumb/v7e-m+fp/hard/libgcc.a
LOAD /home/tree/toolchain/xpack-arm-none-eabi-gcc-14.2.1-1.1/bin/../lib/gcc/arm-none-eabi/14.2.1/../../../../arm-none-eabi/lib/thumb/v7e-m+fp/hard/libg_nano.a
LOAD /home/tree/toolchain/xpack-arm-none-eabi-gcc-14.2.1-1.1/bin/../lib/gcc/arm-none-eabi/14.2.1/../../../../arm-none-eabi/lib/thumb/v7e-m+fp/hard/libc_nano.a
END GROUP
START GROUP
LOAD /home/tree/toolchain/xpack-arm-none-eabi-gcc-14.2.1-1.1/bin/../lib/gcc/arm-none-eabi/14.2.1/thumb/v7e-m+fp/hard/libgcc.a
LOAD /home/tree/toolchain/xpack-arm-none-eabi-gcc-14.2.1-1.1/bin/../lib/gcc/arm-none-eabi/14.2.1/../../../../arm-none-eabi/lib/thumb/v7e-m+fp/hard/libc_nano.a
END GROUP
LOAD /home/tree/toolchain/xpack-arm-none-eabi-gcc-14.2.1-1.1/bin/../lib/gcc/arm-none-eabi/14.2.1/thumb/v7e-m+fp/hard/crtend.o
LOAD /home/tree/toolchain/xpack-arm-none-eabi-gcc-14.2.1-1.1/bin/../lib/gcc/arm-none-eabi/14.2.1/thumb/v7e-m+fp/hard/crtn.o
                0x20020000                        _estack = (ORIGIN (RAM) + LENGTH (RAM))
                0x00000200                        _Min_Heap_Size = 0x200
                0x00000400                        _Min_Stack_Size = 0x400

.isr_vector     0x08000000      0x198
                0x08000000                        . = ALIGN (0x4)
 *(.isr_vector)
 .isr_vector    0x08000000      0x198 CMakeFiles/Omnitrix.dir/startup_stm32f411xe.s.obj
                0x08000000                g_pfnVectors
                0x08000198                        . = ALIGN (0x4)

.text           0x080001a0     0x7cf8
                0x080001a0                        . = ALIGN (0x4)
 *(.text)
 .text          0x080001a0       0x30 /home/tree/toolchain/xpack-arm-none-eabi-gcc-14.2.1-1.1/bin/../lib/gcc/arm-none-eabi/14.2.1/thumb/v7e-m+fp/hard/libgcc.a(_aeabi_uldivmod.o)
                0x080001a0                __aeabi_uldivmod
 .text          0x080001d0        0x4 /home/tree/toolchain/xpack-arm-none-eabi-gcc-14.2.1-1.1/bin/../lib/gcc/arm-none-eabi/14.2.1/thumb/v7e-m+fp/hard/libgcc.a(_dvmd_tls.o)
                0x080001d0                __aeabi_ldiv0
                0x080001d0                __aeabi_idiv0
 *fill*         0x080001d4        0xc 
 .text          0x080001e0       0xa0 /home/tree/toolchain/xpack-arm-none-eabi-gcc-14.2.1-1.1/bin/../lib/gcc/arm-none-eabi/14.2.1/../../../../arm-none-eabi/lib/thumb/v7e-m+fp/hard/libg_nano.a(libc_a-memchr.o)
                0x080001e0                memchr
 .text          0x08000280       0x10 /home/tree/toolchain/xpack-arm-none-eabi-gcc-14.2.1-1.1/bin/../lib/gcc/arm-none-eabi/14.2.1/../../../../arm-none-eabi/lib/thumb/v7e-m+fp/hard/libg_nano.a(libc_a-strlen.o)
                0x08000280                strlen
 .text          0x08000290      0x378 /home/tree/toolchain/xpack-arm-none-eabi-gcc-14.2.1-1.1/bin/../lib/gcc/arm-none-eabi/14.2.1/thumb/v7e-m+fp/hard/libgcc.a(_arm_addsubdf3.o)
                0x08000290                __aeabi_drsub
                0x08000298                __aeabi_dsub
                0x08000298                __subdf3
                0x0800029c                __adddf3
                0x0800029c                __aeabi_dadd
                0x08000514                __aeabi_ui2d
                0x08000514                __floatunsidf
                0x08000534                __floatsidf
                0x08000534                __aeabi_i2d
                0x08000558                __extendsfdf2
                0x08000558                __aeabi_f2d
                0x0800059c                __aeabi_ul2d
                0x0800059c                __floatundidf
                0x080005ac                __floatdidf
                0x080005ac                __aeabi_l2d
 .text          0x08000608      0x424 /home/tree/toolchain/xpack-arm-none-eabi-gcc-14.2.1-1.1/bin/../lib/gcc/arm-none-eabi/14.2.1/thumb/v7e-m+fp/hard/libgcc.a(_arm_muldivdf3.o)
                0x08000608                __aeabi_dmul
                0x08000608                __muldf3
                0x0800085c                __aeabi_ddiv
                0x0800085c                __divdf3
 .text          0x08000a2c      0x110 /home/tree/toolchain/xpack-arm-none-eabi-gcc-14.2.1-1.1/bin/../lib/gcc/arm-none-eabi/14.2.1/thumb/v7e-m+fp/hard/libgcc.a(_arm_cmpdf2.o)
                0x08000a2c                __gtdf2
                0x08000a2c                __gedf2
                0x08000a34                __ltdf2
                0x08000a34                __ledf2
                0x08000a3c                __cmpdf2
                0x08000a3c                __eqdf2
                0x08000a3c                __nedf2
                0x08000ab8                __aeabi_cdrcmple
                0x08000ac8                __aeabi_cdcmple
                0x08000ac8                __aeabi_cdcmpeq
                0x08000ad8                __aeabi_dcmpeq
                0x08000aec                __aeabi_dcmplt
                0x08000b00                __aeabi_dcmple
                0x08000b14                __aeabi_dcmpge
                0x08000b28                __aeabi_dcmpgt
 .text          0x08000b3c       0x2c /home/tree/toolchain/xpack-arm-none-eabi-gcc-14.2.1-1.1/bin/../lib/gcc/arm-none-eabi/14.2.1/thumb/v7e-m+fp/hard/libgcc.a(_arm_unorddf2.o)
                0x08000b3c                __aeabi_dcmpun
                0x08000b3c                __unorddf2
 .text          0x08000b68       0x50 /home/tree/toolchain/xpack-arm-none-eabi-gcc-14.2.1-1.1/bin/../lib/gcc/arm-none-eabi/14.2.1/thumb/v7e-m+fp/hard/libgcc.a(_arm_fixdfsi.o)
                0x08000b68                __fixdfsi
                0x08000b68                __aeabi_d2iz
 *(.text*)
 .text.__do_global_dtors_aux
                0x08000bb8       0x24 /home/tree/toolchain/xpack-arm-none-eabi-gcc-14.2.1-1.1/bin/../lib/gcc/arm-none-eabi/14.2.1/thumb/v7e-m+fp/hard/crtbegin.o
 .text.frame_dummy
                0x08000bdc       0x1c /home/tree/toolchain/xpack-arm-none-eabi-gcc-14.2.1-1.1/bin/../lib/gcc/arm-none-eabi/14.2.1/thumb/v7e-m+fp/hard/crtbegin.o
 .text.MX_ADC1_Init
                0x08000bf8       0x70 CMakeFiles/Omnitrix.dir/Core/Src/adc.c.obj
                0x08000bf8                MX_ADC1_Init
 .text.HAL_ADC_MspInit
                0x08000c68       0xac CMakeFiles/Omnitrix.dir/Core/Src/adc.c.obj
                0x08000c68                HAL_ADC_MspInit
 .text.MX_DMA_Init
                0x08000d14       0x34 CMakeFiles/Omnitrix.dir/Core/Src/dma.c.obj
                0x08000d14                MX_DMA_Init
 .text.StartDefaultTask
                0x08000d48        0xa CMakeFiles/Omnitrix.dir/Core/Src/freertos.c.obj
                0x08000d48                StartDefaultTask
 *fill*         0x08000d52        0x2 
 .text.MX_FREERTOS_Init
                0x08000d54       0x38 CMakeFiles/Omnitrix.dir/Core/Src/freertos.c.obj
                0x08000d54                MX_FREERTOS_Init
 .text.MX_GPIO_Init
                0x08000d8c       0x80 CMakeFiles/Omnitrix.dir/Core/Src/gpio.c.obj
                0x08000d8c                MX_GPIO_Init
 .text.Error_Handler
                0x08000e0c        0x4 CMakeFiles/Omnitrix.dir/Core/Src/main.c.obj
                0x08000e0c                Error_Handler
 .text.SystemClock_Config
                0x08000e10       0xa4 CMakeFiles/Omnitrix.dir/Core/Src/main.c.obj
                0x08000e10                SystemClock_Config
 .text.main     0x08000eb4       0x38 CMakeFiles/Omnitrix.dir/Core/Src/main.c.obj
                0x08000eb4                main
 .text.MX_RTC_Init
                0x08000eec       0x8c CMakeFiles/Omnitrix.dir/Core/Src/rtc.c.obj
                0x08000eec                MX_RTC_Init
 .text.HAL_RTC_MspInit
                0x08000f78       0x4c CMakeFiles/Omnitrix.dir/Core/Src/rtc.c.obj
                0x08000f78                HAL_RTC_MspInit
 .text.MX_SPI1_Init
                0x08000fc4       0x40 CMakeFiles/Omnitrix.dir/Core/Src/spi.c.obj
                0x08000fc4                MX_SPI1_Init
 .text.HAL_SPI_MspInit
                0x08001004       0x70 CMakeFiles/Omnitrix.dir/Core/Src/spi.c.obj
                0x08001004                HAL_SPI_MspInit
 .text.HAL_MspInit
                0x08001074       0x44 CMakeFiles/Omnitrix.dir/Core/Src/stm32f4xx_hal_msp.c.obj
                0x08001074                HAL_MspInit
 .text.NMI_Handler
                0x080010b8        0x2 CMakeFiles/Omnitrix.dir/Core/Src/stm32f4xx_it.c.obj
                0x080010b8                NMI_Handler
 .text.HardFault_Handler
                0x080010ba        0x2 CMakeFiles/Omnitrix.dir/Core/Src/stm32f4xx_it.c.obj
                0x080010ba                HardFault_Handler
 .text.MemManage_Handler
                0x080010bc        0x2 CMakeFiles/Omnitrix.dir/Core/Src/stm32f4xx_it.c.obj
                0x080010bc                MemManage_Handler
 .text.BusFault_Handler
                0x080010be        0x2 CMakeFiles/Omnitrix.dir/Core/Src/stm32f4xx_it.c.obj
                0x080010be                BusFault_Handler
 .text.UsageFault_Handler
                0x080010c0        0x2 CMakeFiles/Omnitrix.dir/Core/Src/stm32f4xx_it.c.obj
                0x080010c0                UsageFault_Handler
 .text.DebugMon_Handler
                0x080010c2        0x2 CMakeFiles/Omnitrix.dir/Core/Src/stm32f4xx_it.c.obj
                0x080010c2                DebugMon_Handler
 .text.SysTick_Handler
                0x080010c4       0x16 CMakeFiles/Omnitrix.dir/Core/Src/stm32f4xx_it.c.obj
                0x080010c4                SysTick_Handler
 *fill*         0x080010da        0x2 
 .text.DMA2_Stream0_IRQHandler
                0x080010dc       0x10 CMakeFiles/Omnitrix.dir/Core/Src/stm32f4xx_it.c.obj
                0x080010dc                DMA2_Stream0_IRQHandler
 .text._getpid  0x080010ec        0x4 CMakeFiles/Omnitrix.dir/Core/Src/syscalls.c.obj
                0x080010ec                _getpid
 .text._kill    0x080010f0       0x10 CMakeFiles/Omnitrix.dir/Core/Src/syscalls.c.obj
                0x080010f0                _kill
 .text._exit    0x08001100        0xc CMakeFiles/Omnitrix.dir/Core/Src/syscalls.c.obj
                0x08001100                _exit
 .text._read    0x0800110c       0x20 CMakeFiles/Omnitrix.dir/Core/Src/syscalls.c.obj
                0x0800110c                _read
 .text._write   0x0800112c       0x1c CMakeFiles/Omnitrix.dir/Core/Src/syscalls.c.obj
                0x0800112c                _write
 .text._close   0x08001148        0x6 CMakeFiles/Omnitrix.dir/Core/Src/syscalls.c.obj
                0x08001148                _close
 .text._fstat   0x0800114e        0xa CMakeFiles/Omnitrix.dir/Core/Src/syscalls.c.obj
                0x0800114e                _fstat
 .text._isatty  0x08001158        0x4 CMakeFiles/Omnitrix.dir/Core/Src/syscalls.c.obj
                0x08001158                _isatty
 .text._lseek   0x0800115c        0x4 CMakeFiles/Omnitrix.dir/Core/Src/syscalls.c.obj
                0x0800115c                _lseek
 .text._sbrk    0x08001160       0x48 CMakeFiles/Omnitrix.dir/Core/Src/sysmem.c.obj
                0x08001160                _sbrk
 .text.SystemInit
                0x080011a8       0x14 CMakeFiles/Omnitrix.dir/Core/Src/system_stm32f4xx.c.obj
                0x080011a8                SystemInit
 .text.HAL_TIM_Base_MspInit
                0x080011bc       0x30 CMakeFiles/Omnitrix.dir/Core/Src/tim.c.obj
                0x080011bc                HAL_TIM_Base_MspInit
 .text.HAL_TIM_MspPostInit
                0x080011ec       0x5c CMakeFiles/Omnitrix.dir/Core/Src/tim.c.obj
                0x080011ec                HAL_TIM_MspPostInit
 .text.MX_TIM1_Init
                0x08001248      0x100 CMakeFiles/Omnitrix.dir/Core/Src/tim.c.obj
                0x08001248                MX_TIM1_Init
 .text.MX_USART1_UART_Init
                0x08001348       0x34 CMakeFiles/Omnitrix.dir/Core/Src/usart.c.obj
                0x08001348                MX_USART1_UART_Init
 .text.MX_USART6_UART_Init
                0x0800137c       0x34 CMakeFiles/Omnitrix.dir/Core/Src/usart.c.obj
                0x0800137c                MX_USART6_UART_Init
 .text.HAL_UART_MspInit
                0x080013b0       0xc4 CMakeFiles/Omnitrix.dir/Core/Src/usart.c.obj
                0x080013b0                HAL_UART_MspInit
 .text.initFunction
                0x08001474       0x3c CMakeFiles/Omnitrix.dir/User/task/initTask.c.obj
                0x08001474                initFunction
 .text.Function_led
                0x080014b0       0x54 CMakeFiles/Omnitrix.dir/User/task/ledTask.c.obj
                0x080014b0                Function_led
 .text.HAL_InitTick
                0x08001504       0x4c CMakeFiles/Omnitrix.dir/Drivers/STM32F4xx_HAL_Driver/Src/stm32f4xx_hal.c.obj
                0x08001504                HAL_InitTick
 .text.HAL_Init
                0x08001550       0x34 CMakeFiles/Omnitrix.dir/Drivers/STM32F4xx_HAL_Driver/Src/stm32f4xx_hal.c.obj
                0x08001550                HAL_Init
 .text.HAL_IncTick
                0x08001584       0x18 CMakeFiles/Omnitrix.dir/Drivers/STM32F4xx_HAL_Driver/Src/stm32f4xx_hal.c.obj
                0x08001584                HAL_IncTick
 .text.HAL_GetTick
                0x0800159c        0xc CMakeFiles/Omnitrix.dir/Drivers/STM32F4xx_HAL_Driver/Src/stm32f4xx_hal.c.obj
                0x0800159c                HAL_GetTick
 .text.ADC_Init
                0x080015a8      0x134 CMakeFiles/Omnitrix.dir/Drivers/STM32F4xx_HAL_Driver/Src/stm32f4xx_hal_adc.c.obj
 .text.HAL_ADC_Init
                0x080016dc       0x56 CMakeFiles/Omnitrix.dir/Drivers/STM32F4xx_HAL_Driver/Src/stm32f4xx_hal_adc.c.obj
                0x080016dc                HAL_ADC_Init
 *fill*         0x08001732        0x2 
 .text.HAL_ADC_ConfigChannel
                0x08001734      0x1ac CMakeFiles/Omnitrix.dir/Drivers/STM32F4xx_HAL_Driver/Src/stm32f4xx_hal_adc.c.obj
                0x08001734                HAL_ADC_ConfigChannel
 .text.__NVIC_EnableIRQ
                0x080018e0       0x1c CMakeFiles/Omnitrix.dir/Drivers/STM32F4xx_HAL_Driver/Src/stm32f4xx_hal_cortex.c.obj
 .text.__NVIC_SetPriority
                0x080018fc       0x28 CMakeFiles/Omnitrix.dir/Drivers/STM32F4xx_HAL_Driver/Src/stm32f4xx_hal_cortex.c.obj
 .text.NVIC_EncodePriority
                0x08001924       0x3e CMakeFiles/Omnitrix.dir/Drivers/STM32F4xx_HAL_Driver/Src/stm32f4xx_hal_cortex.c.obj
 *fill*         0x08001962        0x2 
 .text.HAL_NVIC_SetPriorityGrouping
                0x08001964       0x24 CMakeFiles/Omnitrix.dir/Drivers/STM32F4xx_HAL_Driver/Src/stm32f4xx_hal_cortex.c.obj
                0x08001964                HAL_NVIC_SetPriorityGrouping
 .text.HAL_NVIC_SetPriority
                0x08001988       0x20 CMakeFiles/Omnitrix.dir/Drivers/STM32F4xx_HAL_Driver/Src/stm32f4xx_hal_cortex.c.obj
                0x08001988                HAL_NVIC_SetPriority
 .text.HAL_NVIC_EnableIRQ
                0x080019a8        0x8 CMakeFiles/Omnitrix.dir/Drivers/STM32F4xx_HAL_Driver/Src/stm32f4xx_hal_cortex.c.obj
                0x080019a8                HAL_NVIC_EnableIRQ
 .text.HAL_SYSTICK_Config
                0x080019b0       0x28 CMakeFiles/Omnitrix.dir/Drivers/STM32F4xx_HAL_Driver/Src/stm32f4xx_hal_cortex.c.obj
                0x080019b0                HAL_SYSTICK_Config
 .text.DMA_CalcBaseAndBitshift
                0x080019d8       0x3c CMakeFiles/Omnitrix.dir/Drivers/STM32F4xx_HAL_Driver/Src/stm32f4xx_hal_dma.c.obj
 .text.DMA_CheckFifoParam
                0x08001a14       0x8e CMakeFiles/Omnitrix.dir/Drivers/STM32F4xx_HAL_Driver/Src/stm32f4xx_hal_dma.c.obj
 *fill*         0x08001aa2        0x2 
 .text.HAL_DMA_Init
                0x08001aa4       0xcc CMakeFiles/Omnitrix.dir/Drivers/STM32F4xx_HAL_Driver/Src/stm32f4xx_hal_dma.c.obj
                0x08001aa4                HAL_DMA_Init
 .text.HAL_DMA_IRQHandler
                0x08001b70      0x1dc CMakeFiles/Omnitrix.dir/Drivers/STM32F4xx_HAL_Driver/Src/stm32f4xx_hal_dma.c.obj
                0x08001b70                HAL_DMA_IRQHandler
 .text.HAL_GPIO_Init
                0x08001d4c      0x1c8 CMakeFiles/Omnitrix.dir/Drivers/STM32F4xx_HAL_Driver/Src/stm32f4xx_hal_gpio.c.obj
                0x08001d4c                HAL_GPIO_Init
 .text.HAL_GPIO_WritePin
                0x08001f14        0xc CMakeFiles/Omnitrix.dir/Drivers/STM32F4xx_HAL_Driver/Src/stm32f4xx_hal_gpio.c.obj
                0x08001f14                HAL_GPIO_WritePin
 .text.HAL_GPIO_TogglePin
                0x08001f20       0x12 CMakeFiles/Omnitrix.dir/Drivers/STM32F4xx_HAL_Driver/Src/stm32f4xx_hal_gpio.c.obj
                0x08001f20                HAL_GPIO_TogglePin
 *fill*         0x08001f32        0x2 
 .text.HAL_RCC_OscConfig
                0x08001f34      0x3f8 CMakeFiles/Omnitrix.dir/Drivers/STM32F4xx_HAL_Driver/Src/stm32f4xx_hal_rcc.c.obj
                0x08001f34                HAL_RCC_OscConfig
 .text.HAL_RCC_GetSysClockFreq
                0x0800232c       0xa8 CMakeFiles/Omnitrix.dir/Drivers/STM32F4xx_HAL_Driver/Src/stm32f4xx_hal_rcc.c.obj
                0x0800232c                HAL_RCC_GetSysClockFreq
 .text.HAL_RCC_ClockConfig
                0x080023d4      0x160 CMakeFiles/Omnitrix.dir/Drivers/STM32F4xx_HAL_Driver/Src/stm32f4xx_hal_rcc.c.obj
                0x080023d4                HAL_RCC_ClockConfig
 .text.HAL_RCC_GetHCLKFreq
                0x08002534        0xc CMakeFiles/Omnitrix.dir/Drivers/STM32F4xx_HAL_Driver/Src/stm32f4xx_hal_rcc.c.obj
                0x08002534                HAL_RCC_GetHCLKFreq
 .text.HAL_RCC_GetPCLK1Freq
                0x08002540       0x20 CMakeFiles/Omnitrix.dir/Drivers/STM32F4xx_HAL_Driver/Src/stm32f4xx_hal_rcc.c.obj
                0x08002540                HAL_RCC_GetPCLK1Freq
 .text.HAL_RCC_GetPCLK2Freq
                0x08002560       0x20 CMakeFiles/Omnitrix.dir/Drivers/STM32F4xx_HAL_Driver/Src/stm32f4xx_hal_rcc.c.obj
                0x08002560                HAL_RCC_GetPCLK2Freq
 .text.HAL_RCCEx_PeriphCLKConfig
                0x08002580      0x170 CMakeFiles/Omnitrix.dir/Drivers/STM32F4xx_HAL_Driver/Src/stm32f4xx_hal_rcc_ex.c.obj
                0x08002580                HAL_RCCEx_PeriphCLKConfig
 .text.HAL_RTC_WaitForSynchro
                0x080026f0       0x34 CMakeFiles/Omnitrix.dir/Drivers/STM32F4xx_HAL_Driver/Src/stm32f4xx_hal_rtc.c.obj
                0x080026f0                HAL_RTC_WaitForSynchro
 .text.RTC_EnterInitMode
                0x08002724       0x46 CMakeFiles/Omnitrix.dir/Drivers/STM32F4xx_HAL_Driver/Src/stm32f4xx_hal_rtc.c.obj
                0x08002724                RTC_EnterInitMode
 .text.RTC_ExitInitMode
                0x0800276a       0x2a CMakeFiles/Omnitrix.dir/Drivers/STM32F4xx_HAL_Driver/Src/stm32f4xx_hal_rtc.c.obj
                0x0800276a                RTC_ExitInitMode
 .text.HAL_RTC_Init
                0x08002794       0x9e CMakeFiles/Omnitrix.dir/Drivers/STM32F4xx_HAL_Driver/Src/stm32f4xx_hal_rtc.c.obj
                0x08002794                HAL_RTC_Init
 .text.RTC_ByteToBcd2
                0x08002832       0x16 CMakeFiles/Omnitrix.dir/Drivers/STM32F4xx_HAL_Driver/Src/stm32f4xx_hal_rtc.c.obj
                0x08002832                RTC_ByteToBcd2
 .text.HAL_RTC_SetTime
                0x08002848       0xc0 CMakeFiles/Omnitrix.dir/Drivers/STM32F4xx_HAL_Driver/Src/stm32f4xx_hal_rtc.c.obj
                0x08002848                HAL_RTC_SetTime
 .text.HAL_RTC_SetDate
                0x08002908       0x9c CMakeFiles/Omnitrix.dir/Drivers/STM32F4xx_HAL_Driver/Src/stm32f4xx_hal_rtc.c.obj
                0x08002908                HAL_RTC_SetDate
 .text.HAL_SPI_Init
                0x080029a4       0xbe CMakeFiles/Omnitrix.dir/Drivers/STM32F4xx_HAL_Driver/Src/stm32f4xx_hal_spi.c.obj
                0x080029a4                HAL_SPI_Init
 *fill*         0x08002a62        0x2 
 .text.TIM_OC1_SetConfig
                0x08002a64       0x54 CMakeFiles/Omnitrix.dir/Drivers/STM32F4xx_HAL_Driver/Src/stm32f4xx_hal_tim.c.obj
 .text.TIM_OC3_SetConfig
                0x08002ab8       0x5c CMakeFiles/Omnitrix.dir/Drivers/STM32F4xx_HAL_Driver/Src/stm32f4xx_hal_tim.c.obj
 .text.TIM_OC4_SetConfig
                0x08002b14       0x48 CMakeFiles/Omnitrix.dir/Drivers/STM32F4xx_HAL_Driver/Src/stm32f4xx_hal_tim.c.obj
 .text.TIM_TI1_ConfigInputStage
                0x08002b5c       0x26 CMakeFiles/Omnitrix.dir/Drivers/STM32F4xx_HAL_Driver/Src/stm32f4xx_hal_tim.c.obj
 .text.TIM_TI2_ConfigInputStage
                0x08002b82       0x28 CMakeFiles/Omnitrix.dir/Drivers/STM32F4xx_HAL_Driver/Src/stm32f4xx_hal_tim.c.obj
 .text.TIM_ITRx_SetConfig
                0x08002baa       0x10 CMakeFiles/Omnitrix.dir/Drivers/STM32F4xx_HAL_Driver/Src/stm32f4xx_hal_tim.c.obj
 .text.HAL_TIM_PWM_MspInit
                0x08002bba        0x2 CMakeFiles/Omnitrix.dir/Drivers/STM32F4xx_HAL_Driver/Src/stm32f4xx_hal_tim.c.obj
                0x08002bba                HAL_TIM_PWM_MspInit
 .text.TIM_Base_SetConfig
                0x08002bbc       0xa4 CMakeFiles/Omnitrix.dir/Drivers/STM32F4xx_HAL_Driver/Src/stm32f4xx_hal_tim.c.obj
                0x08002bbc                TIM_Base_SetConfig
 .text.HAL_TIM_Base_Init
                0x08002c60       0x58 CMakeFiles/Omnitrix.dir/Drivers/STM32F4xx_HAL_Driver/Src/stm32f4xx_hal_tim.c.obj
                0x08002c60                HAL_TIM_Base_Init
 .text.HAL_TIM_PWM_Init
                0x08002cb8       0x58 CMakeFiles/Omnitrix.dir/Drivers/STM32F4xx_HAL_Driver/Src/stm32f4xx_hal_tim.c.obj
                0x08002cb8                HAL_TIM_PWM_Init
 .text.TIM_OC2_SetConfig
                0x08002d10       0x5c CMakeFiles/Omnitrix.dir/Drivers/STM32F4xx_HAL_Driver/Src/stm32f4xx_hal_tim.c.obj
                0x08002d10                TIM_OC2_SetConfig
 .text.HAL_TIM_PWM_ConfigChannel
                0x08002d6c       0xdc CMakeFiles/Omnitrix.dir/Drivers/STM32F4xx_HAL_Driver/Src/stm32f4xx_hal_tim.c.obj
                0x08002d6c                HAL_TIM_PWM_ConfigChannel
 .text.TIM_ETR_SetConfig
                0x08002e48       0x1a CMakeFiles/Omnitrix.dir/Drivers/STM32F4xx_HAL_Driver/Src/stm32f4xx_hal_tim.c.obj
                0x08002e48                TIM_ETR_SetConfig
 .text.HAL_TIM_ConfigClockSource
                0x08002e62       0xfe CMakeFiles/Omnitrix.dir/Drivers/STM32F4xx_HAL_Driver/Src/stm32f4xx_hal_tim.c.obj
                0x08002e62                HAL_TIM_ConfigClockSource
 .text.HAL_TIMEx_MasterConfigSynchronization
                0x08002f60       0x7c CMakeFiles/Omnitrix.dir/Drivers/STM32F4xx_HAL_Driver/Src/stm32f4xx_hal_tim_ex.c.obj
                0x08002f60                HAL_TIMEx_MasterConfigSynchronization
 .text.HAL_TIMEx_ConfigBreakDeadTime
                0x08002fdc       0x52 CMakeFiles/Omnitrix.dir/Drivers/STM32F4xx_HAL_Driver/Src/stm32f4xx_hal_tim_ex.c.obj
                0x08002fdc                HAL_TIMEx_ConfigBreakDeadTime
 *fill*         0x0800302e        0x2 
 .text.UART_SetConfig
                0x08003030      0x110 CMakeFiles/Omnitrix.dir/Drivers/STM32F4xx_HAL_Driver/Src/stm32f4xx_hal_uart.c.obj
 .text.HAL_UART_Init
                0x08003140       0x60 CMakeFiles/Omnitrix.dir/Drivers/STM32F4xx_HAL_Driver/Src/stm32f4xx_hal_uart.c.obj
                0x08003140                HAL_UART_Init
 .text.osKernelInitialize
                0x080031a0       0x24 CMakeFiles/Omnitrix.dir/Middlewares/Third_Party/FreeRTOS/Source/CMSIS_RTOS_V2/cmsis_os2.c.obj
                0x080031a0                osKernelInitialize
 .text.osKernelStart
                0x080031c4       0x38 CMakeFiles/Omnitrix.dir/Middlewares/Third_Party/FreeRTOS/Source/CMSIS_RTOS_V2/cmsis_os2.c.obj
                0x080031c4                osKernelStart
 .text.osKernelLock
                0x080031fc       0x2a CMakeFiles/Omnitrix.dir/Middlewares/Third_Party/FreeRTOS/Source/CMSIS_RTOS_V2/cmsis_os2.c.obj
                0x080031fc                osKernelLock
 .text.osKernelUnlock
                0x08003226       0x3a CMakeFiles/Omnitrix.dir/Middlewares/Third_Party/FreeRTOS/Source/CMSIS_RTOS_V2/cmsis_os2.c.obj
                0x08003226                osKernelUnlock
 .text.osKernelGetTickCount
                0x08003260       0x14 CMakeFiles/Omnitrix.dir/Middlewares/Third_Party/FreeRTOS/Source/CMSIS_RTOS_V2/cmsis_os2.c.obj
                0x08003260                osKernelGetTickCount
 .text.osKernelGetTickFreq
                0x08003274        0x6 CMakeFiles/Omnitrix.dir/Middlewares/Third_Party/FreeRTOS/Source/CMSIS_RTOS_V2/cmsis_os2.c.obj
                0x08003274                osKernelGetTickFreq
 .text.osThreadNew
                0x0800327a       0xb4 CMakeFiles/Omnitrix.dir/Middlewares/Third_Party/FreeRTOS/Source/CMSIS_RTOS_V2/cmsis_os2.c.obj
                0x0800327a                osThreadNew
 .text.osThreadGetId
                0x0800332e        0x8 CMakeFiles/Omnitrix.dir/Middlewares/Third_Party/FreeRTOS/Source/CMSIS_RTOS_V2/cmsis_os2.c.obj
                0x0800332e                osThreadGetId
 .text.osThreadGetStackSpace
                0x08003336       0x1a CMakeFiles/Omnitrix.dir/Middlewares/Third_Party/FreeRTOS/Source/CMSIS_RTOS_V2/cmsis_os2.c.obj
                0x08003336                osThreadGetStackSpace
 .text.osThreadTerminate
                0x08003350       0x30 CMakeFiles/Omnitrix.dir/Middlewares/Third_Party/FreeRTOS/Source/CMSIS_RTOS_V2/cmsis_os2.c.obj
                0x08003350                osThreadTerminate
 .text.osDelay  0x08003380       0x1c CMakeFiles/Omnitrix.dir/Middlewares/Third_Party/FreeRTOS/Source/CMSIS_RTOS_V2/cmsis_os2.c.obj
                0x08003380                osDelay
 .text.osDelayUntil
                0x0800339c       0x30 CMakeFiles/Omnitrix.dir/Middlewares/Third_Party/FreeRTOS/Source/CMSIS_RTOS_V2/cmsis_os2.c.obj
                0x0800339c                osDelayUntil
 .text.osEventFlagsNew
                0x080033cc       0x44 CMakeFiles/Omnitrix.dir/Middlewares/Third_Party/FreeRTOS/Source/CMSIS_RTOS_V2/cmsis_os2.c.obj
                0x080033cc                osEventFlagsNew
 .text.vApplicationGetIdleTaskMemory
                0x08003410       0x18 CMakeFiles/Omnitrix.dir/Middlewares/Third_Party/FreeRTOS/Source/CMSIS_RTOS_V2/cmsis_os2.c.obj
                0x08003410                vApplicationGetIdleTaskMemory
 .text.vApplicationGetTimerTaskMemory
                0x08003428       0x18 CMakeFiles/Omnitrix.dir/Middlewares/Third_Party/FreeRTOS/Source/CMSIS_RTOS_V2/cmsis_os2.c.obj
                0x08003428                vApplicationGetTimerTaskMemory
 .text.xEventGroupCreateStatic
                0x08003440       0x4a CMakeFiles/Omnitrix.dir/Middlewares/Third_Party/FreeRTOS/Source/event_groups.c.obj
                0x08003440                xEventGroupCreateStatic
 .text.xEventGroupCreate
                0x0800348a       0x1c CMakeFiles/Omnitrix.dir/Middlewares/Third_Party/FreeRTOS/Source/event_groups.c.obj
                0x0800348a                xEventGroupCreate
 .text.vListInitialise
                0x080034a6       0x16 CMakeFiles/Omnitrix.dir/Middlewares/Third_Party/FreeRTOS/Source/list.c.obj
                0x080034a6                vListInitialise
 .text.vListInitialiseItem
                0x080034bc        0x6 CMakeFiles/Omnitrix.dir/Middlewares/Third_Party/FreeRTOS/Source/list.c.obj
                0x080034bc                vListInitialiseItem
 .text.vListInsertEnd
                0x080034c2       0x16 CMakeFiles/Omnitrix.dir/Middlewares/Third_Party/FreeRTOS/Source/list.c.obj
                0x080034c2                vListInsertEnd
 .text.vListInsert
                0x080034d8       0x32 CMakeFiles/Omnitrix.dir/Middlewares/Third_Party/FreeRTOS/Source/list.c.obj
                0x080034d8                vListInsert
 .text.uxListRemove
                0x0800350a       0x26 CMakeFiles/Omnitrix.dir/Middlewares/Third_Party/FreeRTOS/Source/list.c.obj
                0x0800350a                uxListRemove
 .text.prvTaskExitError
                0x08003530       0x40 CMakeFiles/Omnitrix.dir/Middlewares/Third_Party/FreeRTOS/Source/portable/GCC/ARM_CM4F/port.c.obj
 .text.prvPortStartFirstTask
                0x08003570       0x28 CMakeFiles/Omnitrix.dir/Middlewares/Third_Party/FreeRTOS/Source/portable/GCC/ARM_CM4F/port.c.obj
 .text.vPortEnableVFP
                0x08003598       0x14 CMakeFiles/Omnitrix.dir/Middlewares/Third_Party/FreeRTOS/Source/portable/GCC/ARM_CM4F/port.c.obj
 .text.pxPortInitialiseStack
                0x080035ac       0x2c CMakeFiles/Omnitrix.dir/Middlewares/Third_Party/FreeRTOS/Source/portable/GCC/ARM_CM4F/port.c.obj
                0x080035ac                pxPortInitialiseStack
 *fill*         0x080035d8        0x8 
 .text.SVC_Handler
                0x080035e0       0x24 CMakeFiles/Omnitrix.dir/Middlewares/Third_Party/FreeRTOS/Source/portable/GCC/ARM_CM4F/port.c.obj
                0x080035e0                SVC_Handler
 .text.vPortEnterCritical
                0x08003604       0x44 CMakeFiles/Omnitrix.dir/Middlewares/Third_Party/FreeRTOS/Source/portable/GCC/ARM_CM4F/port.c.obj
                0x08003604                vPortEnterCritical
 .text.vPortExitCritical
                0x08003648       0x2c CMakeFiles/Omnitrix.dir/Middlewares/Third_Party/FreeRTOS/Source/portable/GCC/ARM_CM4F/port.c.obj
                0x08003648                vPortExitCritical
 *fill*         0x08003674        0xc 
 .text.PendSV_Handler
                0x08003680       0x64 CMakeFiles/Omnitrix.dir/Middlewares/Third_Party/FreeRTOS/Source/portable/GCC/ARM_CM4F/port.c.obj
                0x08003680                PendSV_Handler
 .text.xPortSysTickHandler
                0x080036e4       0x2c CMakeFiles/Omnitrix.dir/Middlewares/Third_Party/FreeRTOS/Source/portable/GCC/ARM_CM4F/port.c.obj
                0x080036e4                xPortSysTickHandler
 .text.vPortSetupTimerInterrupt
                0x08003710       0x28 CMakeFiles/Omnitrix.dir/Middlewares/Third_Party/FreeRTOS/Source/portable/GCC/ARM_CM4F/port.c.obj
                0x08003710                vPortSetupTimerInterrupt
 .text.xPortStartScheduler
                0x08003738      0x118 CMakeFiles/Omnitrix.dir/Middlewares/Third_Party/FreeRTOS/Source/portable/GCC/ARM_CM4F/port.c.obj
                0x08003738                xPortStartScheduler
 .text.vPortValidateInterruptPriority
                0x08003850       0x5c CMakeFiles/Omnitrix.dir/Middlewares/Third_Party/FreeRTOS/Source/portable/GCC/ARM_CM4F/port.c.obj
                0x08003850                vPortValidateInterruptPriority
 .text.prvHeapInit
                0x080038ac       0x64 CMakeFiles/Omnitrix.dir/Middlewares/Third_Party/FreeRTOS/Source/portable/MemMang/heap_4.c.obj
 .text.prvInsertBlockIntoFreeList
                0x08003910       0x64 CMakeFiles/Omnitrix.dir/Middlewares/Third_Party/FreeRTOS/Source/portable/MemMang/heap_4.c.obj
 .text.pvPortMalloc
                0x08003974      0x104 CMakeFiles/Omnitrix.dir/Middlewares/Third_Party/FreeRTOS/Source/portable/MemMang/heap_4.c.obj
                0x08003974                pvPortMalloc
 .text.vPortFree
                0x08003a78       0x7c CMakeFiles/Omnitrix.dir/Middlewares/Third_Party/FreeRTOS/Source/portable/MemMang/heap_4.c.obj
                0x08003a78                vPortFree
 .text.prvIsQueueFull
                0x08003af4       0x1e CMakeFiles/Omnitrix.dir/Middlewares/Third_Party/FreeRTOS/Source/queue.c.obj
 .text.prvIsQueueEmpty
                0x08003b12       0x1a CMakeFiles/Omnitrix.dir/Middlewares/Third_Party/FreeRTOS/Source/queue.c.obj
 .text.prvCopyDataToQueue
                0x08003b2c       0x76 CMakeFiles/Omnitrix.dir/Middlewares/Third_Party/FreeRTOS/Source/queue.c.obj
 .text.prvCopyDataFromQueue
                0x08003ba2       0x24 CMakeFiles/Omnitrix.dir/Middlewares/Third_Party/FreeRTOS/Source/queue.c.obj
 .text.prvUnlockQueue
                0x08003bc6       0x6e CMakeFiles/Omnitrix.dir/Middlewares/Third_Party/FreeRTOS/Source/queue.c.obj
 .text.xQueueGenericReset
                0x08003c34       0x84 CMakeFiles/Omnitrix.dir/Middlewares/Third_Party/FreeRTOS/Source/queue.c.obj
                0x08003c34                xQueueGenericReset
 .text.prvInitialiseNewQueue
                0x08003cb8       0x22 CMakeFiles/Omnitrix.dir/Middlewares/Third_Party/FreeRTOS/Source/queue.c.obj
 .text.xQueueGenericCreateStatic
                0x08003cda       0x94 CMakeFiles/Omnitrix.dir/Middlewares/Third_Party/FreeRTOS/Source/queue.c.obj
                0x08003cda                xQueueGenericCreateStatic
 .text.xQueueGenericSend
                0x08003d6e      0x188 CMakeFiles/Omnitrix.dir/Middlewares/Third_Party/FreeRTOS/Source/queue.c.obj
                0x08003d6e                xQueueGenericSend
 .text.xQueueGenericSendFromISR
                0x08003ef6       0xce CMakeFiles/Omnitrix.dir/Middlewares/Third_Party/FreeRTOS/Source/queue.c.obj
                0x08003ef6                xQueueGenericSendFromISR
 .text.xQueueReceive
                0x08003fc4      0x15e CMakeFiles/Omnitrix.dir/Middlewares/Third_Party/FreeRTOS/Source/queue.c.obj
                0x08003fc4                xQueueReceive
 *fill*         0x08004122        0x2 
 .text.vQueueAddToRegistry
                0x08004124       0x28 CMakeFiles/Omnitrix.dir/Middlewares/Third_Party/FreeRTOS/Source/queue.c.obj
                0x08004124                vQueueAddToRegistry
 .text.vQueueWaitForMessageRestricted
                0x0800414c       0x52 CMakeFiles/Omnitrix.dir/Middlewares/Third_Party/FreeRTOS/Source/queue.c.obj
                0x0800414c                vQueueWaitForMessageRestricted
 .text.prvTaskCheckFreeStackSpace
                0x0800419e       0x14 CMakeFiles/Omnitrix.dir/Middlewares/Third_Party/FreeRTOS/Source/tasks.c.obj
 *fill*         0x080041b2        0x2 
 .text.prvResetNextTaskUnblockTime
                0x080041b4       0x2c CMakeFiles/Omnitrix.dir/Middlewares/Third_Party/FreeRTOS/Source/tasks.c.obj
 .text.prvInitialiseNewTask
                0x080041e0       0xa2 CMakeFiles/Omnitrix.dir/Middlewares/Third_Party/FreeRTOS/Source/tasks.c.obj
 *fill*         0x08004282        0x2 
 .text.prvInitialiseTaskLists
                0x08004284       0x68 CMakeFiles/Omnitrix.dir/Middlewares/Third_Party/FreeRTOS/Source/tasks.c.obj
 .text.prvAddNewTaskToReadyList
                0x080042ec       0xac CMakeFiles/Omnitrix.dir/Middlewares/Third_Party/FreeRTOS/Source/tasks.c.obj
 .text.prvDeleteTCB
                0x08004398       0x38 CMakeFiles/Omnitrix.dir/Middlewares/Third_Party/FreeRTOS/Source/tasks.c.obj
 .text.prvCheckTasksWaitingTermination
                0x080043d0       0x4c CMakeFiles/Omnitrix.dir/Middlewares/Third_Party/FreeRTOS/Source/tasks.c.obj
 .text.prvIdleTask
                0x0800441c       0x28 CMakeFiles/Omnitrix.dir/Middlewares/Third_Party/FreeRTOS/Source/tasks.c.obj
 .text.prvAddCurrentTaskToDelayedList
                0x08004444       0x7c CMakeFiles/Omnitrix.dir/Middlewares/Third_Party/FreeRTOS/Source/tasks.c.obj
 .text.xTaskCreateStatic
                0x080044c0       0x76 CMakeFiles/Omnitrix.dir/Middlewares/Third_Party/FreeRTOS/Source/tasks.c.obj
                0x080044c0                xTaskCreateStatic
 .text.xTaskCreate
                0x08004536       0x64 CMakeFiles/Omnitrix.dir/Middlewares/Third_Party/FreeRTOS/Source/tasks.c.obj
                0x08004536                xTaskCreate
 *fill*         0x0800459a        0x2 
 .text.vTaskDelete
                0x0800459c       0xb8 CMakeFiles/Omnitrix.dir/Middlewares/Third_Party/FreeRTOS/Source/tasks.c.obj
                0x0800459c                vTaskDelete
 .text.eTaskGetState
                0x08004654       0x8c CMakeFiles/Omnitrix.dir/Middlewares/Third_Party/FreeRTOS/Source/tasks.c.obj
                0x08004654                eTaskGetState
 .text.vTaskStartScheduler
                0x080046e0       0x98 CMakeFiles/Omnitrix.dir/Middlewares/Third_Party/FreeRTOS/Source/tasks.c.obj
                0x080046e0                vTaskStartScheduler
 .text.vTaskSuspendAll
                0x08004778       0x10 CMakeFiles/Omnitrix.dir/Middlewares/Third_Party/FreeRTOS/Source/tasks.c.obj
                0x08004778                vTaskSuspendAll
 .text.xTaskGetTickCount
                0x08004788        0xc CMakeFiles/Omnitrix.dir/Middlewares/Third_Party/FreeRTOS/Source/tasks.c.obj
                0x08004788                xTaskGetTickCount
 .text.xTaskGetTickCountFromISR
                0x08004794       0x10 CMakeFiles/Omnitrix.dir/Middlewares/Third_Party/FreeRTOS/Source/tasks.c.obj
                0x08004794                xTaskGetTickCountFromISR
 .text.xTaskIncrementTick
                0x080047a4      0x118 CMakeFiles/Omnitrix.dir/Middlewares/Third_Party/FreeRTOS/Source/tasks.c.obj
                0x080047a4                xTaskIncrementTick
 .text.xTaskResumeAll
                0x080048bc       0xf8 CMakeFiles/Omnitrix.dir/Middlewares/Third_Party/FreeRTOS/Source/tasks.c.obj
                0x080048bc                xTaskResumeAll
 .text.vTaskDelayUntil
                0x080049b4       0xa4 CMakeFiles/Omnitrix.dir/Middlewares/Third_Party/FreeRTOS/Source/tasks.c.obj
                0x080049b4                vTaskDelayUntil
 .text.vTaskDelay
                0x08004a58       0x4c CMakeFiles/Omnitrix.dir/Middlewares/Third_Party/FreeRTOS/Source/tasks.c.obj
                0x08004a58                vTaskDelay
 .text.vTaskSwitchContext
                0x08004aa4       0x98 CMakeFiles/Omnitrix.dir/Middlewares/Third_Party/FreeRTOS/Source/tasks.c.obj
                0x08004aa4                vTaskSwitchContext
 .text.vTaskPlaceOnEventList
                0x08004b3c       0x30 CMakeFiles/Omnitrix.dir/Middlewares/Third_Party/FreeRTOS/Source/tasks.c.obj
                0x08004b3c                vTaskPlaceOnEventList
 .text.vTaskPlaceOnEventListRestricted
                0x08004b6c       0x38 CMakeFiles/Omnitrix.dir/Middlewares/Third_Party/FreeRTOS/Source/tasks.c.obj
                0x08004b6c                vTaskPlaceOnEventListRestricted
 .text.xTaskRemoveFromEventList
                0x08004ba4       0x8c CMakeFiles/Omnitrix.dir/Middlewares/Third_Party/FreeRTOS/Source/tasks.c.obj
                0x08004ba4                xTaskRemoveFromEventList
 .text.vTaskInternalSetTimeOutState
                0x08004c30       0x18 CMakeFiles/Omnitrix.dir/Middlewares/Third_Party/FreeRTOS/Source/tasks.c.obj
                0x08004c30                vTaskInternalSetTimeOutState
 .text.xTaskCheckForTimeOut
                0x08004c48       0x88 CMakeFiles/Omnitrix.dir/Middlewares/Third_Party/FreeRTOS/Source/tasks.c.obj
                0x08004c48                xTaskCheckForTimeOut
 .text.vTaskMissedYield
                0x08004cd0        0xc CMakeFiles/Omnitrix.dir/Middlewares/Third_Party/FreeRTOS/Source/tasks.c.obj
                0x08004cd0                vTaskMissedYield
 .text.uxTaskGetStackHighWaterMark
                0x08004cdc       0x18 CMakeFiles/Omnitrix.dir/Middlewares/Third_Party/FreeRTOS/Source/tasks.c.obj
                0x08004cdc                uxTaskGetStackHighWaterMark
 .text.xTaskGetCurrentTaskHandle
                0x08004cf4        0xc CMakeFiles/Omnitrix.dir/Middlewares/Third_Party/FreeRTOS/Source/tasks.c.obj
                0x08004cf4                xTaskGetCurrentTaskHandle
 .text.xTaskGetSchedulerState
                0x08004d00       0x20 CMakeFiles/Omnitrix.dir/Middlewares/Third_Party/FreeRTOS/Source/tasks.c.obj
                0x08004d00                xTaskGetSchedulerState
 .text.xTaskPriorityDisinherit
                0x08004d20       0x90 CMakeFiles/Omnitrix.dir/Middlewares/Third_Party/FreeRTOS/Source/tasks.c.obj
                0x08004d20                xTaskPriorityDisinherit
 .text.prvGetNextExpireTime
                0x08004db0       0x20 CMakeFiles/Omnitrix.dir/Middlewares/Third_Party/FreeRTOS/Source/timers.c.obj
 .text.prvInsertTimerInActiveList
                0x08004dd0       0x48 CMakeFiles/Omnitrix.dir/Middlewares/Third_Party/FreeRTOS/Source/timers.c.obj
 .text.prvCheckForValidListAndQueue
                0x08004e18       0x70 CMakeFiles/Omnitrix.dir/Middlewares/Third_Party/FreeRTOS/Source/timers.c.obj
 .text.xTimerCreateTimerTask
                0x08004e88       0x64 CMakeFiles/Omnitrix.dir/Middlewares/Third_Party/FreeRTOS/Source/timers.c.obj
                0x08004e88                xTimerCreateTimerTask
 .text.xTimerGenericCommand
                0x08004eec       0x6c CMakeFiles/Omnitrix.dir/Middlewares/Third_Party/FreeRTOS/Source/timers.c.obj
                0x08004eec                xTimerGenericCommand
 .text.prvSwitchTimerLists
                0x08004f58       0x7c CMakeFiles/Omnitrix.dir/Middlewares/Third_Party/FreeRTOS/Source/timers.c.obj
 .text.prvSampleTimeNow
                0x08004fd4       0x2c CMakeFiles/Omnitrix.dir/Middlewares/Third_Party/FreeRTOS/Source/timers.c.obj
 .text.prvProcessExpiredTimer
                0x08005000       0x6c CMakeFiles/Omnitrix.dir/Middlewares/Third_Party/FreeRTOS/Source/timers.c.obj
 .text.prvProcessTimerOrBlockTask
                0x0800506c       0x74 CMakeFiles/Omnitrix.dir/Middlewares/Third_Party/FreeRTOS/Source/timers.c.obj
 .text.prvProcessReceivedCommands
                0x080050e0      0x10c CMakeFiles/Omnitrix.dir/Middlewares/Third_Party/FreeRTOS/Source/timers.c.obj
 .text.prvTimerTask
                0x080051ec       0x16 CMakeFiles/Omnitrix.dir/Middlewares/Third_Party/FreeRTOS/Source/timers.c.obj
 *fill*         0x08005202        0x2 
 .text.Reset_Handler
                0x08005204       0x50 CMakeFiles/Omnitrix.dir/startup_stm32f411xe.s.obj
                0x08005204                Reset_Handler
 .text.Default_Handler
                0x08005254        0x2 CMakeFiles/Omnitrix.dir/startup_stm32f411xe.s.obj
                0x08005254                RTC_Alarm_IRQHandler
                0x08005254                EXTI2_IRQHandler
                0x08005254                SPI4_IRQHandler
                0x08005254                TIM1_CC_IRQHandler
                0x08005254                DMA2_Stream5_IRQHandler
                0x08005254                DMA1_Stream5_IRQHandler
                0x08005254                PVD_IRQHandler
                0x08005254                SDIO_IRQHandler
                0x08005254                TAMP_STAMP_IRQHandler
                0x08005254                EXTI3_IRQHandler
                0x08005254                TIM1_UP_TIM10_IRQHandler
                0x08005254                I2C3_ER_IRQHandler
                0x08005254                EXTI0_IRQHandler
                0x08005254                I2C2_EV_IRQHandler
                0x08005254                DMA1_Stream2_IRQHandler
                0x08005254                FPU_IRQHandler
                0x08005254                DMA2_Stream2_IRQHandler
                0x08005254                SPI1_IRQHandler
                0x08005254                TIM1_BRK_TIM9_IRQHandler
                0x08005254                DMA2_Stream3_IRQHandler
                0x08005254                USART6_IRQHandler
                0x08005254                TIM4_IRQHandler
                0x08005254                I2C1_EV_IRQHandler
                0x08005254                DMA1_Stream6_IRQHandler
                0x08005254                DMA1_Stream1_IRQHandler
                0x08005254                TIM3_IRQHandler
                0x08005254                RCC_IRQHandler
                0x08005254                Default_Handler
                0x08005254                EXTI15_10_IRQHandler
                0x08005254                ADC_IRQHandler
                0x08005254                DMA1_Stream7_IRQHandler
                0x08005254                SPI5_IRQHandler
                0x08005254                TIM5_IRQHandler
                0x08005254                DMA2_Stream7_IRQHandler
                0x08005254                I2C3_EV_IRQHandler
                0x08005254                EXTI9_5_IRQHandler
                0x08005254                RTC_WKUP_IRQHandler
                0x08005254                SPI2_IRQHandler
                0x08005254                DMA1_Stream0_IRQHandler
                0x08005254                EXTI4_IRQHandler
                0x08005254                WWDG_IRQHandler
                0x08005254                TIM2_IRQHandler
                0x08005254                OTG_FS_WKUP_IRQHandler
                0x08005254                TIM1_TRG_COM_TIM11_IRQHandler
                0x08005254                EXTI1_IRQHandler
                0x08005254                USART2_IRQHandler
                0x08005254                I2C2_ER_IRQHandler
                0x08005254                DMA2_Stream1_IRQHandler
                0x08005254                FLASH_IRQHandler
                0x08005254                DMA2_Stream4_IRQHandler
                0x08005254                USART1_IRQHandler
                0x08005254                OTG_FS_IRQHandler
                0x08005254                SPI3_IRQHandler
                0x08005254                DMA1_Stream4_IRQHandler
                0x08005254                I2C1_ER_IRQHandler
                0x08005254                DMA2_Stream6_IRQHandler
                0x08005254                DMA1_Stream3_IRQHandler
 *fill*         0x08005256        0x2 
 .text.__udivmoddi4
                0x08005258      0x2f8 /home/tree/toolchain/xpack-arm-none-eabi-gcc-14.2.1-1.1/bin/../lib/gcc/arm-none-eabi/14.2.1/thumb/v7e-m+fp/hard/libgcc.a(_udivmoddi4.o)
                0x08005258                __udivmoddi4
 .text.__cvt    0x08005550       0xca /home/tree/toolchain/xpack-arm-none-eabi-gcc-14.2.1-1.1/bin/../lib/gcc/arm-none-eabi/14.2.1/../../../../arm-none-eabi/lib/thumb/v7e-m+fp/hard/libg_nano.a(libc_a-nano-vfprintf_float.o)
                0x08005550                __cvt
 .text.__exponent
                0x0800561a       0x74 /home/tree/toolchain/xpack-arm-none-eabi-gcc-14.2.1-1.1/bin/../lib/gcc/arm-none-eabi/14.2.1/../../../../arm-none-eabi/lib/thumb/v7e-m+fp/hard/libg_nano.a(libc_a-nano-vfprintf_float.o)
                0x0800561a                __exponent
 *fill*         0x0800568e        0x2 
 .text._printf_float
                0x08005690      0x450 /home/tree/toolchain/xpack-arm-none-eabi-gcc-14.2.1-1.1/bin/../lib/gcc/arm-none-eabi/14.2.1/../../../../arm-none-eabi/lib/thumb/v7e-m+fp/hard/libg_nano.a(libc_a-nano-vfprintf_float.o)
                0x08005690                _printf_float
 .text._printf_common
                0x08005ae0       0xda /home/tree/toolchain/xpack-arm-none-eabi-gcc-14.2.1-1.1/bin/../lib/gcc/arm-none-eabi/14.2.1/../../../../arm-none-eabi/lib/thumb/v7e-m+fp/hard/libg_nano.a(libc_a-nano-vfprintf_i.o)
                0x08005ae0                _printf_common
 *fill*         0x08005bba        0x2 
 .text._printf_i
                0x08005bbc      0x240 /home/tree/toolchain/xpack-arm-none-eabi-gcc-14.2.1-1.1/bin/../lib/gcc/arm-none-eabi/14.2.1/../../../../arm-none-eabi/lib/thumb/v7e-m+fp/hard/libg_nano.a(libc_a-nano-vfprintf_i.o)
                0x08005bbc                _printf_i
 .text.std      0x08005dfc       0x6c /home/tree/toolchain/xpack-arm-none-eabi-gcc-14.2.1-1.1/bin/../lib/gcc/arm-none-eabi/14.2.1/../../../../arm-none-eabi/lib/thumb/v7e-m+fp/hard/libg_nano.a(libc_a-findfp.o)
 .text.stdio_exit_handler
                0x08005e68       0x18 /home/tree/toolchain/xpack-arm-none-eabi-gcc-14.2.1-1.1/bin/../lib/gcc/arm-none-eabi/14.2.1/../../../../arm-none-eabi/lib/thumb/v7e-m+fp/hard/libg_nano.a(libc_a-findfp.o)
 .text.cleanup_stdio
                0x08005e80       0x40 /home/tree/toolchain/xpack-arm-none-eabi-gcc-14.2.1-1.1/bin/../lib/gcc/arm-none-eabi/14.2.1/../../../../arm-none-eabi/lib/thumb/v7e-m+fp/hard/libg_nano.a(libc_a-findfp.o)
 .text.global_stdio_init.part.0
                0x08005ec0       0x40 /home/tree/toolchain/xpack-arm-none-eabi-gcc-14.2.1-1.1/bin/../lib/gcc/arm-none-eabi/14.2.1/../../../../arm-none-eabi/lib/thumb/v7e-m+fp/hard/libg_nano.a(libc_a-findfp.o)
 .text.__sfp_lock_acquire
                0x08005f00        0xc /home/tree/toolchain/xpack-arm-none-eabi-gcc-14.2.1-1.1/bin/../lib/gcc/arm-none-eabi/14.2.1/../../../../arm-none-eabi/lib/thumb/v7e-m+fp/hard/libg_nano.a(libc_a-findfp.o)
                0x08005f00                __sfp_lock_acquire
 .text.__sfp_lock_release
                0x08005f0c        0xc /home/tree/toolchain/xpack-arm-none-eabi-gcc-14.2.1-1.1/bin/../lib/gcc/arm-none-eabi/14.2.1/../../../../arm-none-eabi/lib/thumb/v7e-m+fp/hard/libg_nano.a(libc_a-findfp.o)
                0x08005f0c                __sfp_lock_release
 .text.__sinit  0x08005f18       0x30 /home/tree/toolchain/xpack-arm-none-eabi-gcc-14.2.1-1.1/bin/../lib/gcc/arm-none-eabi/14.2.1/../../../../arm-none-eabi/lib/thumb/v7e-m+fp/hard/libg_nano.a(libc_a-findfp.o)
                0x08005f18                __sinit
 .text._fwalk_sglue
                0x08005f48       0x3c /home/tree/toolchain/xpack-arm-none-eabi-gcc-14.2.1-1.1/bin/../lib/gcc/arm-none-eabi/14.2.1/../../../../arm-none-eabi/lib/thumb/v7e-m+fp/hard/libg_nano.a(libc_a-fwalk.o)
                0x08005f48                _fwalk_sglue
 .text.__sread  0x08005f84       0x22 /home/tree/toolchain/xpack-arm-none-eabi-gcc-14.2.1-1.1/bin/../lib/gcc/arm-none-eabi/14.2.1/../../../../arm-none-eabi/lib/thumb/v7e-m+fp/hard/libg_nano.a(libc_a-stdio.o)
                0x08005f84                __sread
 .text.__swrite
                0x08005fa6       0x38 /home/tree/toolchain/xpack-arm-none-eabi-gcc-14.2.1-1.1/bin/../lib/gcc/arm-none-eabi/14.2.1/../../../../arm-none-eabi/lib/thumb/v7e-m+fp/hard/libg_nano.a(libc_a-stdio.o)
                0x08005fa6                __swrite
 .text.__sseek  0x08005fde       0x26 /home/tree/toolchain/xpack-arm-none-eabi-gcc-14.2.1-1.1/bin/../lib/gcc/arm-none-eabi/14.2.1/../../../../arm-none-eabi/lib/thumb/v7e-m+fp/hard/libg_nano.a(libc_a-stdio.o)
                0x08005fde                __sseek
 .text.__sclose
                0x08006004        0x8 /home/tree/toolchain/xpack-arm-none-eabi-gcc-14.2.1-1.1/bin/../lib/gcc/arm-none-eabi/14.2.1/../../../../arm-none-eabi/lib/thumb/v7e-m+fp/hard/libg_nano.a(libc_a-stdio.o)
                0x08006004                __sclose
 .text.memset   0x0800600c       0x10 /home/tree/toolchain/xpack-arm-none-eabi-gcc-14.2.1-1.1/bin/../lib/gcc/arm-none-eabi/14.2.1/../../../../arm-none-eabi/lib/thumb/v7e-m+fp/hard/libg_nano.a(libc_a-memset.o)
                0x0800600c                memset
 .text._localeconv_r
                0x0800601c        0x8 /home/tree/toolchain/xpack-arm-none-eabi-gcc-14.2.1-1.1/bin/../lib/gcc/arm-none-eabi/14.2.1/../../../../arm-none-eabi/lib/thumb/v7e-m+fp/hard/libg_nano.a(libc_a-localeconv.o)
                0x0800601c                _localeconv_r
 .text._close_r
                0x08006024       0x20 /home/tree/toolchain/xpack-arm-none-eabi-gcc-14.2.1-1.1/bin/../lib/gcc/arm-none-eabi/14.2.1/../../../../arm-none-eabi/lib/thumb/v7e-m+fp/hard/libg_nano.a(libc_a-closer.o)
                0x08006024                _close_r
 .text._lseek_r
                0x08006044       0x24 /home/tree/toolchain/xpack-arm-none-eabi-gcc-14.2.1-1.1/bin/../lib/gcc/arm-none-eabi/14.2.1/../../../../arm-none-eabi/lib/thumb/v7e-m+fp/hard/libg_nano.a(libc_a-lseekr.o)
                0x08006044                _lseek_r
 .text._read_r  0x08006068       0x24 /home/tree/toolchain/xpack-arm-none-eabi-gcc-14.2.1-1.1/bin/../lib/gcc/arm-none-eabi/14.2.1/../../../../arm-none-eabi/lib/thumb/v7e-m+fp/hard/libg_nano.a(libc_a-readr.o)
                0x08006068                _read_r
 .text._write_r
                0x0800608c       0x24 /home/tree/toolchain/xpack-arm-none-eabi-gcc-14.2.1-1.1/bin/../lib/gcc/arm-none-eabi/14.2.1/../../../../arm-none-eabi/lib/thumb/v7e-m+fp/hard/libg_nano.a(libc_a-writer.o)
                0x0800608c                _write_r
 .text.__errno  0x080060b0        0xc /home/tree/toolchain/xpack-arm-none-eabi-gcc-14.2.1-1.1/bin/../lib/gcc/arm-none-eabi/14.2.1/../../../../arm-none-eabi/lib/thumb/v7e-m+fp/hard/libg_nano.a(libc_a-errno.o)
                0x080060b0                __errno
 .text.__libc_init_array
                0x080060bc       0x48 /home/tree/toolchain/xpack-arm-none-eabi-gcc-14.2.1-1.1/bin/../lib/gcc/arm-none-eabi/14.2.1/../../../../arm-none-eabi/lib/thumb/v7e-m+fp/hard/libg_nano.a(libc_a-init.o)
                0x080060bc                __libc_init_array
 .text.__retarget_lock_init_recursive
                0x08006104        0x2 /home/tree/toolchain/xpack-arm-none-eabi-gcc-14.2.1-1.1/bin/../lib/gcc/arm-none-eabi/14.2.1/../../../../arm-none-eabi/lib/thumb/v7e-m+fp/hard/libg_nano.a(libc_a-lock.o)
                0x08006104                __retarget_lock_init_recursive
 .text.__retarget_lock_acquire_recursive
                0x08006106        0x2 /home/tree/toolchain/xpack-arm-none-eabi-gcc-14.2.1-1.1/bin/../lib/gcc/arm-none-eabi/14.2.1/../../../../arm-none-eabi/lib/thumb/v7e-m+fp/hard/libg_nano.a(libc_a-lock.o)
                0x08006106                __retarget_lock_acquire_recursive
 .text.__retarget_lock_release_recursive
                0x08006108        0x2 /home/tree/toolchain/xpack-arm-none-eabi-gcc-14.2.1-1.1/bin/../lib/gcc/arm-none-eabi/14.2.1/../../../../arm-none-eabi/lib/thumb/v7e-m+fp/hard/libg_nano.a(libc_a-lock.o)
                0x08006108                __retarget_lock_release_recursive
 .text.memcpy   0x0800610a       0x1c /home/tree/toolchain/xpack-arm-none-eabi-gcc-14.2.1-1.1/bin/../lib/gcc/arm-none-eabi/14.2.1/../../../../arm-none-eabi/lib/thumb/v7e-m+fp/hard/libg_nano.a(libc_a-memcpy-stub.o)
                0x0800610a                memcpy
 .text.quorem   0x08006126      0x110 /home/tree/toolchain/xpack-arm-none-eabi-gcc-14.2.1-1.1/bin/../lib/gcc/arm-none-eabi/14.2.1/../../../../arm-none-eabi/lib/thumb/v7e-m+fp/hard/libg_nano.a(libc_a-dtoa.o)
 *fill*         0x08006236        0x2 
 .text._dtoa_r  0x08006238      0xbc0 /home/tree/toolchain/xpack-arm-none-eabi-gcc-14.2.1-1.1/bin/../lib/gcc/arm-none-eabi/14.2.1/../../../../arm-none-eabi/lib/thumb/v7e-m+fp/hard/libg_nano.a(libc_a-dtoa.o)
                0x08006238                _dtoa_r
 .text._free_r  0x08006df8       0x94 /home/tree/toolchain/xpack-arm-none-eabi-gcc-14.2.1-1.1/bin/../lib/gcc/arm-none-eabi/14.2.1/../../../../arm-none-eabi/lib/thumb/v7e-m+fp/hard/libg_nano.a(libc_a-freer.o)
                0x08006df8                _free_r
 .text.malloc   0x08006e8c       0x10 /home/tree/toolchain/xpack-arm-none-eabi-gcc-14.2.1-1.1/bin/../lib/gcc/arm-none-eabi/14.2.1/../../../../arm-none-eabi/lib/thumb/v7e-m+fp/hard/libg_nano.a(libc_a-malloc.o)
                0x08006e8c                malloc
 .text.sbrk_aligned
                0x08006e9c       0x44 /home/tree/toolchain/xpack-arm-none-eabi-gcc-14.2.1-1.1/bin/../lib/gcc/arm-none-eabi/14.2.1/../../../../arm-none-eabi/lib/thumb/v7e-m+fp/hard/libg_nano.a(libc_a-mallocr.o)
 .text._malloc_r
                0x08006ee0      0x100 /home/tree/toolchain/xpack-arm-none-eabi-gcc-14.2.1-1.1/bin/../lib/gcc/arm-none-eabi/14.2.1/../../../../arm-none-eabi/lib/thumb/v7e-m+fp/hard/libg_nano.a(libc_a-mallocr.o)
                0x08006ee0                _malloc_r
 .text.__malloc_lock
                0x08006fe0        0xc /home/tree/toolchain/xpack-arm-none-eabi-gcc-14.2.1-1.1/bin/../lib/gcc/arm-none-eabi/14.2.1/../../../../arm-none-eabi/lib/thumb/v7e-m+fp/hard/libg_nano.a(libc_a-mlock.o)
                0x08006fe0                __malloc_lock
 .text.__malloc_unlock
                0x08006fec        0xc /home/tree/toolchain/xpack-arm-none-eabi-gcc-14.2.1-1.1/bin/../lib/gcc/arm-none-eabi/14.2.1/../../../../arm-none-eabi/lib/thumb/v7e-m+fp/hard/libg_nano.a(libc_a-mlock.o)
                0x08006fec                __malloc_unlock
 .text._Balloc  0x08006ff8       0x7c /home/tree/toolchain/xpack-arm-none-eabi-gcc-14.2.1-1.1/bin/../lib/gcc/arm-none-eabi/14.2.1/../../../../arm-none-eabi/lib/thumb/v7e-m+fp/hard/libg_nano.a(libc_a-mprec.o)
                0x08006ff8                _Balloc
 .text._Bfree   0x08007074       0x44 /home/tree/toolchain/xpack-arm-none-eabi-gcc-14.2.1-1.1/bin/../lib/gcc/arm-none-eabi/14.2.1/../../../../arm-none-eabi/lib/thumb/v7e-m+fp/hard/libg_nano.a(libc_a-mprec.o)
                0x08007074                _Bfree
 .text.__multadd
                0x080070b8       0x8c /home/tree/toolchain/xpack-arm-none-eabi-gcc-14.2.1-1.1/bin/../lib/gcc/arm-none-eabi/14.2.1/../../../../arm-none-eabi/lib/thumb/v7e-m+fp/hard/libg_nano.a(libc_a-mprec.o)
                0x080070b8                __multadd
 .text.__hi0bits
                0x08007144       0x3e /home/tree/toolchain/xpack-arm-none-eabi-gcc-14.2.1-1.1/bin/../lib/gcc/arm-none-eabi/14.2.1/../../../../arm-none-eabi/lib/thumb/v7e-m+fp/hard/libg_nano.a(libc_a-mprec.o)
                0x08007144                __hi0bits
 .text.__lo0bits
                0x08007182       0x5a /home/tree/toolchain/xpack-arm-none-eabi-gcc-14.2.1-1.1/bin/../lib/gcc/arm-none-eabi/14.2.1/../../../../arm-none-eabi/lib/thumb/v7e-m+fp/hard/libg_nano.a(libc_a-mprec.o)
                0x08007182                __lo0bits
 .text.__i2b    0x080071dc       0x2c /home/tree/toolchain/xpack-arm-none-eabi-gcc-14.2.1-1.1/bin/../lib/gcc/arm-none-eabi/14.2.1/../../../../arm-none-eabi/lib/thumb/v7e-m+fp/hard/libg_nano.a(libc_a-mprec.o)
                0x080071dc                __i2b
 .text.__multiply
                0x08007208      0x154 /home/tree/toolchain/xpack-arm-none-eabi-gcc-14.2.1-1.1/bin/../lib/gcc/arm-none-eabi/14.2.1/../../../../arm-none-eabi/lib/thumb/v7e-m+fp/hard/libg_nano.a(libc_a-mprec.o)
                0x08007208                __multiply
 .text.__pow5mult
                0x0800735c       0xb8 /home/tree/toolchain/xpack-arm-none-eabi-gcc-14.2.1-1.1/bin/../lib/gcc/arm-none-eabi/14.2.1/../../../../arm-none-eabi/lib/thumb/v7e-m+fp/hard/libg_nano.a(libc_a-mprec.o)
                0x0800735c                __pow5mult
 .text.__lshift
                0x08007414       0xdc /home/tree/toolchain/xpack-arm-none-eabi-gcc-14.2.1-1.1/bin/../lib/gcc/arm-none-eabi/14.2.1/../../../../arm-none-eabi/lib/thumb/v7e-m+fp/hard/libg_nano.a(libc_a-mprec.o)
                0x08007414                __lshift
 .text.__mcmp   0x080074f0       0x36 /home/tree/toolchain/xpack-arm-none-eabi-gcc-14.2.1-1.1/bin/../lib/gcc/arm-none-eabi/14.2.1/../../../../arm-none-eabi/lib/thumb/v7e-m+fp/hard/libg_nano.a(libc_a-mprec.o)
                0x080074f0                __mcmp
 *fill*         0x08007526        0x2 
 .text.__mdiff  0x08007528      0x130 /home/tree/toolchain/xpack-arm-none-eabi-gcc-14.2.1-1.1/bin/../lib/gcc/arm-none-eabi/14.2.1/../../../../arm-none-eabi/lib/thumb/v7e-m+fp/hard/libg_nano.a(libc_a-mprec.o)
                0x08007528                __mdiff
 .text.__d2b    0x08007658       0xb0 /home/tree/toolchain/xpack-arm-none-eabi-gcc-14.2.1-1.1/bin/../lib/gcc/arm-none-eabi/14.2.1/../../../../arm-none-eabi/lib/thumb/v7e-m+fp/hard/libg_nano.a(libc_a-mprec.o)
                0x08007658                __d2b
 .text.__sflush_r
                0x08007708      0x104 /home/tree/toolchain/xpack-arm-none-eabi-gcc-14.2.1-1.1/bin/../lib/gcc/arm-none-eabi/14.2.1/../../../../arm-none-eabi/lib/thumb/v7e-m+fp/hard/libg_nano.a(libc_a-fflush.o)
                0x08007708                __sflush_r
 .text._fflush_r
                0x0800780c       0x50 /home/tree/toolchain/xpack-arm-none-eabi-gcc-14.2.1-1.1/bin/../lib/gcc/arm-none-eabi/14.2.1/../../../../arm-none-eabi/lib/thumb/v7e-m+fp/hard/libg_nano.a(libc_a-fflush.o)
                0x0800780c                _fflush_r
 .text._sbrk_r  0x0800785c       0x20 /home/tree/toolchain/xpack-arm-none-eabi-gcc-14.2.1-1.1/bin/../lib/gcc/arm-none-eabi/14.2.1/../../../../arm-none-eabi/lib/thumb/v7e-m+fp/hard/libg_nano.a(libc_a-sbrkr.o)
                0x0800785c                _sbrk_r
 .text.__assert_func
                0x0800787c       0x3c /home/tree/toolchain/xpack-arm-none-eabi-gcc-14.2.1-1.1/bin/../lib/gcc/arm-none-eabi/14.2.1/../../../../arm-none-eabi/lib/thumb/v7e-m+fp/hard/libg_nano.a(libc_a-assert.o)
                0x0800787c                __assert_func
 .text._calloc_r
                0x080078b8       0x28 /home/tree/toolchain/xpack-arm-none-eabi-gcc-14.2.1-1.1/bin/../lib/gcc/arm-none-eabi/14.2.1/../../../../arm-none-eabi/lib/thumb/v7e-m+fp/hard/libg_nano.a(libc_a-callocr.o)
                0x080078b8                _calloc_r
 .text.__ascii_mbtowc
                0x080078e0       0x24 /home/tree/toolchain/xpack-arm-none-eabi-gcc-14.2.1-1.1/bin/../lib/gcc/arm-none-eabi/14.2.1/../../../../arm-none-eabi/lib/thumb/v7e-m+fp/hard/libg_nano.a(libc_a-mbtowc_r.o)
                0x080078e0                __ascii_mbtowc
 .text.__ascii_wctomb
                0x08007904       0x1a /home/tree/toolchain/xpack-arm-none-eabi-gcc-14.2.1-1.1/bin/../lib/gcc/arm-none-eabi/14.2.1/../../../../arm-none-eabi/lib/thumb/v7e-m+fp/hard/libg_nano.a(libc_a-wctomb_r.o)
                0x08007904                __ascii_wctomb
 *fill*         0x0800791e        0x2 
 .text.fprintf  0x08007920       0x24 /home/tree/toolchain/xpack-arm-none-eabi-gcc-14.2.1-1.1/bin/../lib/gcc/arm-none-eabi/14.2.1/../../../../arm-none-eabi/lib/thumb/v7e-m+fp/hard/libg_nano.a(libc_a-fprintf.o)
                0x08007920                fprintf
                0x08007920                fiprintf
 .text.abort    0x08007944        0xe /home/tree/toolchain/xpack-arm-none-eabi-gcc-14.2.1-1.1/bin/../lib/gcc/arm-none-eabi/14.2.1/../../../../arm-none-eabi/lib/thumb/v7e-m+fp/hard/libg_nano.a(libc_a-abort.o)
                0x08007944                abort
 .text.__sfputc_r
                0x08007952       0x2e /home/tree/toolchain/xpack-arm-none-eabi-gcc-14.2.1-1.1/bin/../lib/gcc/arm-none-eabi/14.2.1/../../../../arm-none-eabi/lib/thumb/v7e-m+fp/hard/libg_nano.a(libc_a-nano-vfprintf.o)
 .text.__sfputs_r
                0x08007980       0x24 /home/tree/toolchain/xpack-arm-none-eabi-gcc-14.2.1-1.1/bin/../lib/gcc/arm-none-eabi/14.2.1/../../../../arm-none-eabi/lib/thumb/v7e-m+fp/hard/libg_nano.a(libc_a-nano-vfprintf.o)
                0x08007980                __sfputs_r
 .text._vfprintf_r
                0x080079a4      0x230 /home/tree/toolchain/xpack-arm-none-eabi-gcc-14.2.1-1.1/bin/../lib/gcc/arm-none-eabi/14.2.1/../../../../arm-none-eabi/lib/thumb/v7e-m+fp/hard/libg_nano.a(libc_a-nano-vfprintf.o)
                0x080079a4                _vfiprintf_r
                0x080079a4                _vfprintf_r
 .text.__swbuf_r
                0x08007bd4       0x7c /home/tree/toolchain/xpack-arm-none-eabi-gcc-14.2.1-1.1/bin/../lib/gcc/arm-none-eabi/14.2.1/../../../../arm-none-eabi/lib/thumb/v7e-m+fp/hard/libg_nano.a(libc_a-wbuf.o)
                0x08007bd4                __swbuf_r
 .text.__swsetup_r
                0x08007c50       0xa8 /home/tree/toolchain/xpack-arm-none-eabi-gcc-14.2.1-1.1/bin/../lib/gcc/arm-none-eabi/14.2.1/../../../../arm-none-eabi/lib/thumb/v7e-m+fp/hard/libg_nano.a(libc_a-wsetup.o)
                0x08007c50                __swsetup_r
 .text._raise_r
                0x08007cf8       0x50 /home/tree/toolchain/xpack-arm-none-eabi-gcc-14.2.1-1.1/bin/../lib/gcc/arm-none-eabi/14.2.1/../../../../arm-none-eabi/lib/thumb/v7e-m+fp/hard/libg_nano.a(libc_a-signal.o)
                0x08007cf8                _raise_r
 .text.raise    0x08007d48       0x10 /home/tree/toolchain/xpack-arm-none-eabi-gcc-14.2.1-1.1/bin/../lib/gcc/arm-none-eabi/14.2.1/../../../../arm-none-eabi/lib/thumb/v7e-m+fp/hard/libg_nano.a(libc_a-signal.o)
                0x08007d48                raise
 .text._kill_r  0x08007d58       0x24 /home/tree/toolchain/xpack-arm-none-eabi-gcc-14.2.1-1.1/bin/../lib/gcc/arm-none-eabi/14.2.1/../../../../arm-none-eabi/lib/thumb/v7e-m+fp/hard/libg_nano.a(libc_a-signalr.o)
                0x08007d58                _kill_r
 .text._getpid_r
                0x08007d7c        0x4 /home/tree/toolchain/xpack-arm-none-eabi-gcc-14.2.1-1.1/bin/../lib/gcc/arm-none-eabi/14.2.1/../../../../arm-none-eabi/lib/thumb/v7e-m+fp/hard/libg_nano.a(libc_a-signalr.o)
                0x08007d7c                _getpid_r
 .text.__swhatbuf_r
                0x08007d80       0x48 /home/tree/toolchain/xpack-arm-none-eabi-gcc-14.2.1-1.1/bin/../lib/gcc/arm-none-eabi/14.2.1/../../../../arm-none-eabi/lib/thumb/v7e-m+fp/hard/libg_nano.a(libc_a-makebuf.o)
                0x08007d80                __swhatbuf_r
 .text.__smakebuf_r
                0x08007dc8       0x72 /home/tree/toolchain/xpack-arm-none-eabi-gcc-14.2.1-1.1/bin/../lib/gcc/arm-none-eabi/14.2.1/../../../../arm-none-eabi/lib/thumb/v7e-m+fp/hard/libg_nano.a(libc_a-makebuf.o)
                0x08007dc8                __smakebuf_r
 *fill*         0x08007e3a        0x2 
 .text._fstat_r
                0x08007e3c       0x24 /home/tree/toolchain/xpack-arm-none-eabi-gcc-14.2.1-1.1/bin/../lib/gcc/arm-none-eabi/14.2.1/../../../../arm-none-eabi/lib/thumb/v7e-m+fp/hard/libg_nano.a(libc_a-fstatr.o)
                0x08007e3c                _fstat_r
 .text._isatty_r
                0x08007e60       0x20 /home/tree/toolchain/xpack-arm-none-eabi-gcc-14.2.1-1.1/bin/../lib/gcc/arm-none-eabi/14.2.1/../../../../arm-none-eabi/lib/thumb/v7e-m+fp/hard/libg_nano.a(libc_a-isattyr.o)
                0x08007e60                _isatty_r
 *(.glue_7)
 .glue_7        0x08007e80        0x0 linker stubs
 *(.glue_7t)
 .glue_7t       0x08007e80        0x0 linker stubs
 *(.eh_frame)
 .eh_frame      0x08007e80        0x0 /home/tree/toolchain/xpack-arm-none-eabi-gcc-14.2.1-1.1/bin/../lib/gcc/arm-none-eabi/14.2.1/thumb/v7e-m+fp/hard/crtbegin.o
 *(.init)
 .init          0x08007e80        0x4 /home/tree/toolchain/xpack-arm-none-eabi-gcc-14.2.1-1.1/bin/../lib/gcc/arm-none-eabi/14.2.1/thumb/v7e-m+fp/hard/crti.o
                0x08007e80                _init
 .init          0x08007e84        0x8 /home/tree/toolchain/xpack-arm-none-eabi-gcc-14.2.1-1.1/bin/../lib/gcc/arm-none-eabi/14.2.1/thumb/v7e-m+fp/hard/crtn.o
 *(.fini)
 .fini          0x08007e8c        0x4 /home/tree/toolchain/xpack-arm-none-eabi-gcc-14.2.1-1.1/bin/../lib/gcc/arm-none-eabi/14.2.1/thumb/v7e-m+fp/hard/crti.o
                0x08007e8c                _fini
 .fini          0x08007e90        0x8 /home/tree/toolchain/xpack-arm-none-eabi-gcc-14.2.1-1.1/bin/../lib/gcc/arm-none-eabi/14.2.1/thumb/v7e-m+fp/hard/crtn.o
                0x08007e98                        . = ALIGN (0x4)
                0x08007e98                        _etext = .

.vfp11_veneer   0x08007e98        0x0
 .vfp11_veneer  0x08007e98        0x0 linker stubs

.v4_bx          0x08007e98        0x0
 .v4_bx         0x08007e98        0x0 linker stubs

.iplt           0x08007e98        0x0
 .iplt          0x08007e98        0x0 /home/tree/toolchain/xpack-arm-none-eabi-gcc-14.2.1-1.1/bin/../lib/gcc/arm-none-eabi/14.2.1/thumb/v7e-m+fp/hard/crtbegin.o

.rodata         0x08007e98      0x4a4
                0x08007e98                        . = ALIGN (0x4)
 *(.rodata)
 *(.rodata*)
 .rodata.str1.4
                0x08007e98       0x3c CMakeFiles/Omnitrix.dir/Core/Src/freertos.c.obj
                                 0x18 (size before relaxing)
 .rodata.initTask_attributes
                0x08007ed4       0x24 CMakeFiles/Omnitrix.dir/Core/Src/freertos.c.obj
                0x08007ed4                initTask_attributes
 .rodata.defaultTask_attributes
                0x08007ef8       0x24 CMakeFiles/Omnitrix.dir/Core/Src/freertos.c.obj
                0x08007ef8                defaultTask_attributes
 .rodata.APBPrescTable
                0x08007f1c        0x8 CMakeFiles/Omnitrix.dir/Core/Src/system_stm32f4xx.c.obj
                0x08007f1c                APBPrescTable
 .rodata.AHBPrescTable
                0x08007f24       0x10 CMakeFiles/Omnitrix.dir/Core/Src/system_stm32f4xx.c.obj
                0x08007f24                AHBPrescTable
 .rodata.str1.4
                0x08007f34        0xc CMakeFiles/Omnitrix.dir/User/task/userTask.c.obj
 .rodata.attr_event
                0x08007f34       0x10 CMakeFiles/Omnitrix.dir/User/task/userTask.c.obj
                0x08007f34                attr_event
 .rodata.attr_led
                0x08007f44       0x24 CMakeFiles/Omnitrix.dir/User/task/userTask.c.obj
                0x08007f44                attr_led
 .rodata.flagBitshiftOffset.0
                0x08007f68        0x8 CMakeFiles/Omnitrix.dir/Drivers/STM32F4xx_HAL_Driver/Src/stm32f4xx_hal_dma.c.obj
 .rodata.vTaskStartScheduler.str1.4
                0x08007f70        0x5 CMakeFiles/Omnitrix.dir/Middlewares/Third_Party/FreeRTOS/Source/tasks.c.obj
 .rodata.prvCheckForValidListAndQueue.str1.4
                0x08007f70        0x5 CMakeFiles/Omnitrix.dir/Middlewares/Third_Party/FreeRTOS/Source/timers.c.obj
 .rodata.xTimerCreateTimerTask.str1.4
                0x08007f70        0x8 CMakeFiles/Omnitrix.dir/Middlewares/Third_Party/FreeRTOS/Source/timers.c.obj
 .rodata._printf_float.str1.1
                0x08007f70      0x1c5 /home/tree/toolchain/xpack-arm-none-eabi-gcc-14.2.1-1.1/bin/../lib/gcc/arm-none-eabi/14.2.1/../../../../arm-none-eabi/lib/thumb/v7e-m+fp/hard/libg_nano.a(libc_a-nano-vfprintf_float.o)
                                 0x12 (size before relaxing)
 .rodata._printf_i.str1.1
                0x08008135       0x22 /home/tree/toolchain/xpack-arm-none-eabi-gcc-14.2.1-1.1/bin/../lib/gcc/arm-none-eabi/14.2.1/../../../../arm-none-eabi/lib/thumb/v7e-m+fp/hard/libg_nano.a(libc_a-nano-vfprintf_i.o)
 .rodata._dtoa_r.str1.1
                0x08008135       0xb9 /home/tree/toolchain/xpack-arm-none-eabi-gcc-14.2.1-1.1/bin/../lib/gcc/arm-none-eabi/14.2.1/../../../../arm-none-eabi/lib/thumb/v7e-m+fp/hard/libg_nano.a(libc_a-dtoa.o)
 .rodata._Balloc.str1.1
                0x08008135       0x9a /home/tree/toolchain/xpack-arm-none-eabi-gcc-14.2.1-1.1/bin/../lib/gcc/arm-none-eabi/14.2.1/../../../../arm-none-eabi/lib/thumb/v7e-m+fp/hard/libg_nano.a(libc_a-mprec.o)
 .rodata.__multadd.str1.1
                0x08008135       0x11 /home/tree/toolchain/xpack-arm-none-eabi-gcc-14.2.1-1.1/bin/../lib/gcc/arm-none-eabi/14.2.1/../../../../arm-none-eabi/lib/thumb/v7e-m+fp/hard/libg_nano.a(libc_a-mprec.o)
 *fill*         0x08008135        0x3 
 .rodata.p05.0  0x08008138        0xc /home/tree/toolchain/xpack-arm-none-eabi-gcc-14.2.1-1.1/bin/../lib/gcc/arm-none-eabi/14.2.1/../../../../arm-none-eabi/lib/thumb/v7e-m+fp/hard/libg_nano.a(libc_a-mprec.o)
 *fill*         0x08008144        0x4 
 .rodata.__mprec_bigtens
                0x08008148       0x28 /home/tree/toolchain/xpack-arm-none-eabi-gcc-14.2.1-1.1/bin/../lib/gcc/arm-none-eabi/14.2.1/../../../../arm-none-eabi/lib/thumb/v7e-m+fp/hard/libg_nano.a(libc_a-mprec.o)
                0x08008148                __mprec_bigtens
 .rodata.__mprec_tens
                0x08008170       0xc8 /home/tree/toolchain/xpack-arm-none-eabi-gcc-14.2.1-1.1/bin/../lib/gcc/arm-none-eabi/14.2.1/../../../../arm-none-eabi/lib/thumb/v7e-m+fp/hard/libg_nano.a(libc_a-mprec.o)
                0x08008170                __mprec_tens
 .rodata._setlocale_r.str1.1
                0x08008238        0x9 /home/tree/toolchain/xpack-arm-none-eabi-gcc-14.2.1-1.1/bin/../lib/gcc/arm-none-eabi/14.2.1/../../../../arm-none-eabi/lib/thumb/v7e-m+fp/hard/libg_nano.a(libc_a-locale.o)
 .rodata.str1.1
                0x08008238        0x2 /home/tree/toolchain/xpack-arm-none-eabi-gcc-14.2.1-1.1/bin/../lib/gcc/arm-none-eabi/14.2.1/../../../../arm-none-eabi/lib/thumb/v7e-m+fp/hard/libg_nano.a(libc_a-locale.o)
 .rodata.__assert_func.str1.1
                0x08008238       0x3d /home/tree/toolchain/xpack-arm-none-eabi-gcc-14.2.1-1.1/bin/../lib/gcc/arm-none-eabi/14.2.1/../../../../arm-none-eabi/lib/thumb/v7e-m+fp/hard/libg_nano.a(libc_a-assert.o)
 .rodata._ctype_
                0x08008238      0x101 /home/tree/toolchain/xpack-arm-none-eabi-gcc-14.2.1-1.1/bin/../lib/gcc/arm-none-eabi/14.2.1/../../../../arm-none-eabi/lib/thumb/v7e-m+fp/hard/libg_nano.a(libc_a-ctype_.o)
                0x08008238                _ctype_
 .rodata._vfprintf_r.str1.1
                0x08008339       0x11 /home/tree/toolchain/xpack-arm-none-eabi-gcc-14.2.1-1.1/bin/../lib/gcc/arm-none-eabi/14.2.1/../../../../arm-none-eabi/lib/thumb/v7e-m+fp/hard/libg_nano.a(libc_a-nano-vfprintf.o)
                0x0800834c                        . = ALIGN (0x4)
 *fill*         0x08008339        0x3 

.ARM.extab      0x0800833c        0x0
                0x0800833c                        . = ALIGN (0x4)
 *(.ARM.extab* .gnu.linkonce.armextab.*)
                0x0800833c                        . = ALIGN (0x4)

.ARM            0x0800833c        0x8
                0x0800833c                        . = ALIGN (0x4)
                0x0800833c                        __exidx_start = .
 *(.ARM.exidx*)
 .ARM.exidx     0x0800833c        0x8 /home/tree/toolchain/xpack-arm-none-eabi-gcc-14.2.1-1.1/bin/../lib/gcc/arm-none-eabi/14.2.1/../../../../arm-none-eabi/lib/thumb/v7e-m+fp/hard/libg_nano.a(libc_a-memchr.o)
 .ARM.exidx     0x08008344        0x0 /home/tree/toolchain/xpack-arm-none-eabi-gcc-14.2.1-1.1/bin/../lib/gcc/arm-none-eabi/14.2.1/../../../../arm-none-eabi/lib/thumb/v7e-m+fp/hard/libg_nano.a(libc_a-strlen.o)
                                  0x8 (size before relaxing)
 .ARM.exidx.text.__udivmoddi4
                0x08008344        0x0 /home/tree/toolchain/xpack-arm-none-eabi-gcc-14.2.1-1.1/bin/../lib/gcc/arm-none-eabi/14.2.1/thumb/v7e-m+fp/hard/libgcc.a(_udivmoddi4.o)
                                  0x8 (size before relaxing)
                0x08008344                        __exidx_end = .
                0x08008344                        . = ALIGN (0x4)

.preinit_array  0x08008344        0x0
                0x08008344                        . = ALIGN (0x4)
                0x08008344                        PROVIDE (__preinit_array_start = .)
 *(.preinit_array*)
                0x08008344                        PROVIDE (__preinit_array_end = .)
                0x08008344                        . = ALIGN (0x4)

.init_array     0x08008344        0x4
                0x08008344                        . = ALIGN (0x4)
                0x08008344                        PROVIDE (__init_array_start = .)
 *(SORT_BY_NAME(.init_array.*))
 *(.init_array*)
 .init_array    0x08008344        0x4 /home/tree/toolchain/xpack-arm-none-eabi-gcc-14.2.1-1.1/bin/../lib/gcc/arm-none-eabi/14.2.1/thumb/v7e-m+fp/hard/crtbegin.o
                0x08008348                        PROVIDE (__init_array_end = .)
                0x08008348                        . = ALIGN (0x4)

.fini_array     0x08008348        0x4
                0x08008348                        . = ALIGN (0x4)
                0x08008348                        PROVIDE (__fini_array_start = .)
 *(SORT_BY_NAME(.fini_array.*))
 *(.fini_array*)
 .fini_array    0x08008348        0x4 /home/tree/toolchain/xpack-arm-none-eabi-gcc-14.2.1-1.1/bin/../lib/gcc/arm-none-eabi/14.2.1/thumb/v7e-m+fp/hard/crtbegin.o
                0x0800834c                        PROVIDE (__fini_array_end = .)
                0x0800834c                        . = ALIGN (0x4)
                0x0800834c                        _sidata = LOADADDR (.data)

.rel.dyn        0x0800834c        0x0
 .rel.iplt      0x0800834c        0x0 /home/tree/toolchain/xpack-arm-none-eabi-gcc-14.2.1-1.1/bin/../lib/gcc/arm-none-eabi/14.2.1/thumb/v7e-m+fp/hard/crtbegin.o

.data           0x20000000      0x1d8 load address 0x0800834c
                0x20000000                        . = ALIGN (0x4)
                0x20000000                        _sdata = .
 *(.data)
 *(.data*)
 .data.SystemCoreClock
                0x20000000        0x4 CMakeFiles/Omnitrix.dir/Core/Src/system_stm32f4xx.c.obj
                0x20000000                SystemCoreClock
 .data.uwTickFreq
                0x20000004        0x1 CMakeFiles/Omnitrix.dir/Drivers/STM32F4xx_HAL_Driver/Src/stm32f4xx_hal.c.obj
                0x20000004                uwTickFreq
 *fill*         0x20000005        0x3 
 .data.uwTickPrio
                0x20000008        0x4 CMakeFiles/Omnitrix.dir/Drivers/STM32F4xx_HAL_Driver/Src/stm32f4xx_hal.c.obj
                0x20000008                uwTickPrio
 .data.uxCriticalNesting
                0x2000000c        0x4 CMakeFiles/Omnitrix.dir/Middlewares/Third_Party/FreeRTOS/Source/portable/GCC/ARM_CM4F/port.c.obj
 .data.__sglue  0x20000010        0xc /home/tree/toolchain/xpack-arm-none-eabi-gcc-14.2.1-1.1/bin/../lib/gcc/arm-none-eabi/14.2.1/../../../../arm-none-eabi/lib/thumb/v7e-m+fp/hard/libg_nano.a(libc_a-findfp.o)
                0x20000010                __sglue
 .data._impure_ptr
                0x2000001c        0x4 /home/tree/toolchain/xpack-arm-none-eabi-gcc-14.2.1-1.1/bin/../lib/gcc/arm-none-eabi/14.2.1/../../../../arm-none-eabi/lib/thumb/v7e-m+fp/hard/libg_nano.a(libc_a-impure.o)
                0x2000001c                _impure_ptr
 .data._impure_data
                0x20000020       0x4c /home/tree/toolchain/xpack-arm-none-eabi-gcc-14.2.1-1.1/bin/../lib/gcc/arm-none-eabi/14.2.1/../../../../arm-none-eabi/lib/thumb/v7e-m+fp/hard/libg_nano.a(libc_a-impure.o)
                0x20000020                _impure_data
 .data.__global_locale
                0x2000006c      0x16c /home/tree/toolchain/xpack-arm-none-eabi-gcc-14.2.1-1.1/bin/../lib/gcc/arm-none-eabi/14.2.1/../../../../arm-none-eabi/lib/thumb/v7e-m+fp/hard/libg_nano.a(libc_a-locale.o)
                0x2000006c                __global_locale
 *(.RamFunc)
 *(.RamFunc*)
                0x200001d8                        . = ALIGN (0x4)

.igot.plt       0x200001d8        0x0 load address 0x08008524
 .igot.plt      0x200001d8        0x0 /home/tree/toolchain/xpack-arm-none-eabi-gcc-14.2.1-1.1/bin/../lib/gcc/arm-none-eabi/14.2.1/thumb/v7e-m+fp/hard/crtbegin.o

.tdata          0x200001d8        0x0 load address 0x08008524
 *(.tdata .tdata.* .gnu.linkonce.td.*)
                0x200001d8                        . = ALIGN (0x4)
                0x200001d8                        _edata = .
                [!provide]                        PROVIDE (__data_end = .)
                [!provide]                        PROVIDE (__tdata_end = .)
                [!provide]                        PROVIDE (__tdata_start = ADDR (.tdata))
                [!provide]                        PROVIDE (__tdata_size = (__tdata_end - __tdata_start))
                [!provide]                        PROVIDE (__data_start = ADDR (.data))
                [!provide]                        PROVIDE (__data_size = (__data_end - __data_start))
                [!provide]                        PROVIDE (__tdata_source = LOADADDR (.tdata))
                [!provide]                        PROVIDE (__tdata_source_end = (LOADADDR (.tdata) + SIZEOF (.tdata)))
                [!provide]                        PROVIDE (__tdata_source_size = (__tdata_source_end - __tdata_source))
                [!provide]                        PROVIDE (__data_source = LOADADDR (.data))
                [!provide]                        PROVIDE (__data_source_end = __tdata_source_end)
                [!provide]                        PROVIDE (__data_source_size = (__data_source_end - __data_source))

.tbss           0x200001d8        0x0 load address 0x08008524
                0x200001d8                        _sbss = .
                0x200001d8                        __bss_start__ = _sbss
 *(.tbss .tbss.*)
                0x200001d8                        . = ALIGN (0x4)
                [!provide]                        PROVIDE (__tbss_end = .)
                [!provide]                        PROVIDE (__tbss_start = ADDR (.tbss))
                [!provide]                        PROVIDE (__tbss_size = (__tbss_end - __tbss_start))
                [!provide]                        PROVIDE (__tbss_offset = (ADDR (.tbss) - ADDR (.tdata)))
                [!provide]                        PROVIDE (__tls_base = __tdata_start)
                [!provide]                        PROVIDE (__tls_end = __tbss_end)
                [!provide]                        PROVIDE (__tls_size = (__tls_end - __tls_base))
                [!provide]                        PROVIDE (__tls_align = MAX (ALIGNOF (.tdata), ALIGNOF (.tbss)))
                [!provide]                        PROVIDE (__tls_size_align = (((__tls_size + __tls_align) - 0x1) & ~ ((__tls_align - 0x1))))
                [!provide]                        PROVIDE (__arm32_tls_tcb_offset = MAX (0x8, __tls_align))
                [!provide]                        PROVIDE (__arm64_tls_tcb_offset = MAX (0x10, __tls_align))

.bss            0x200001d8     0x4ce0 load address 0x08008524
 *(.bss)
 *(.bss*)
 .bss.completed.1
                0x200001d8        0x1 /home/tree/toolchain/xpack-arm-none-eabi-gcc-14.2.1-1.1/bin/../lib/gcc/arm-none-eabi/14.2.1/thumb/v7e-m+fp/hard/crtbegin.o
 *fill*         0x200001d9        0x3 
 .bss.object.0  0x200001dc       0x18 /home/tree/toolchain/xpack-arm-none-eabi-gcc-14.2.1-1.1/bin/../lib/gcc/arm-none-eabi/14.2.1/thumb/v7e-m+fp/hard/crtbegin.o
 .bss.hdma_adc1
                0x200001f4       0x60 CMakeFiles/Omnitrix.dir/Core/Src/adc.c.obj
                0x200001f4                hdma_adc1
 .bss.hadc1     0x20000254       0x48 CMakeFiles/Omnitrix.dir/Core/Src/adc.c.obj
                0x20000254                hadc1
 .bss.initTaskHandle
                0x2000029c        0x4 CMakeFiles/Omnitrix.dir/Core/Src/freertos.c.obj
                0x2000029c                initTaskHandle
 .bss.defaultTaskHandle
                0x200002a0        0x4 CMakeFiles/Omnitrix.dir/Core/Src/freertos.c.obj
                0x200002a0                defaultTaskHandle
 .bss.hrtc      0x200002a4       0x20 CMakeFiles/Omnitrix.dir/Core/Src/rtc.c.obj
                0x200002a4                hrtc
 .bss.hspi1     0x200002c4       0x58 CMakeFiles/Omnitrix.dir/Core/Src/spi.c.obj
                0x200002c4                hspi1
 .bss.__sbrk_heap_end
                0x2000031c        0x4 CMakeFiles/Omnitrix.dir/Core/Src/sysmem.c.obj
 .bss.htim1     0x20000320       0x48 CMakeFiles/Omnitrix.dir/Core/Src/tim.c.obj
                0x20000320                htim1
 .bss.huart6    0x20000368       0x48 CMakeFiles/Omnitrix.dir/Core/Src/usart.c.obj
                0x20000368                huart6
 .bss.huart1    0x200003b0       0x48 CMakeFiles/Omnitrix.dir/Core/Src/usart.c.obj
                0x200003b0                huart1
 .bss.a         0x200003f8        0x4 CMakeFiles/Omnitrix.dir/User/task/ledTask.c.obj
                0x200003f8                a
 .bss.task_struct
                0x200003fc       0x1c CMakeFiles/Omnitrix.dir/User/task/userTask.c.obj
                0x200003fc                task_struct
 .bss.uwTick    0x20000418        0x4 CMakeFiles/Omnitrix.dir/Drivers/STM32F4xx_HAL_Driver/Src/stm32f4xx_hal.c.obj
                0x20000418                uwTick
 .bss.Timer_Stack.0
                0x2000041c      0x400 CMakeFiles/Omnitrix.dir/Middlewares/Third_Party/FreeRTOS/Source/CMSIS_RTOS_V2/cmsis_os2.c.obj
 .bss.Timer_TCB.1
                0x2000081c       0x5c CMakeFiles/Omnitrix.dir/Middlewares/Third_Party/FreeRTOS/Source/CMSIS_RTOS_V2/cmsis_os2.c.obj
 .bss.Idle_Stack.2
                0x20000878      0x200 CMakeFiles/Omnitrix.dir/Middlewares/Third_Party/FreeRTOS/Source/CMSIS_RTOS_V2/cmsis_os2.c.obj
 .bss.Idle_TCB.3
                0x20000a78       0x5c CMakeFiles/Omnitrix.dir/Middlewares/Third_Party/FreeRTOS/Source/CMSIS_RTOS_V2/cmsis_os2.c.obj
 .bss.KernelState
                0x20000ad4        0x4 CMakeFiles/Omnitrix.dir/Middlewares/Third_Party/FreeRTOS/Source/CMSIS_RTOS_V2/cmsis_os2.c.obj
 .bss.ulMaxPRIGROUPValue
                0x20000ad8        0x4 CMakeFiles/Omnitrix.dir/Middlewares/Third_Party/FreeRTOS/Source/portable/GCC/ARM_CM4F/port.c.obj
 .bss.ucMaxSysCallPriority
                0x20000adc        0x1 CMakeFiles/Omnitrix.dir/Middlewares/Third_Party/FreeRTOS/Source/portable/GCC/ARM_CM4F/port.c.obj
 *fill*         0x20000add        0x3 
 .bss.xBlockAllocatedBit
                0x20000ae0        0x4 CMakeFiles/Omnitrix.dir/Middlewares/Third_Party/FreeRTOS/Source/portable/MemMang/heap_4.c.obj
 .bss.xNumberOfSuccessfulFrees
                0x20000ae4        0x4 CMakeFiles/Omnitrix.dir/Middlewares/Third_Party/FreeRTOS/Source/portable/MemMang/heap_4.c.obj
 .bss.xNumberOfSuccessfulAllocations
                0x20000ae8        0x4 CMakeFiles/Omnitrix.dir/Middlewares/Third_Party/FreeRTOS/Source/portable/MemMang/heap_4.c.obj
 .bss.xMinimumEverFreeBytesRemaining
                0x20000aec        0x4 CMakeFiles/Omnitrix.dir/Middlewares/Third_Party/FreeRTOS/Source/portable/MemMang/heap_4.c.obj
 .bss.xFreeBytesRemaining
                0x20000af0        0x4 CMakeFiles/Omnitrix.dir/Middlewares/Third_Party/FreeRTOS/Source/portable/MemMang/heap_4.c.obj
 .bss.pxEnd     0x20000af4        0x4 CMakeFiles/Omnitrix.dir/Middlewares/Third_Party/FreeRTOS/Source/portable/MemMang/heap_4.c.obj
 .bss.xStart    0x20000af8        0x8 CMakeFiles/Omnitrix.dir/Middlewares/Third_Party/FreeRTOS/Source/portable/MemMang/heap_4.c.obj
 .bss.ucHeap    0x20000b00     0x3c00 CMakeFiles/Omnitrix.dir/Middlewares/Third_Party/FreeRTOS/Source/portable/MemMang/heap_4.c.obj
 .bss.xQueueRegistry
                0x20004700       0x40 CMakeFiles/Omnitrix.dir/Middlewares/Third_Party/FreeRTOS/Source/queue.c.obj
                0x20004700                xQueueRegistry
 .bss.uxSchedulerSuspended
                0x20004740        0x4 CMakeFiles/Omnitrix.dir/Middlewares/Third_Party/FreeRTOS/Source/tasks.c.obj
 .bss.xIdleTaskHandle
                0x20004744        0x4 CMakeFiles/Omnitrix.dir/Middlewares/Third_Party/FreeRTOS/Source/tasks.c.obj
 .bss.xNextTaskUnblockTime
                0x20004748        0x4 CMakeFiles/Omnitrix.dir/Middlewares/Third_Party/FreeRTOS/Source/tasks.c.obj
 .bss.uxTaskNumber
                0x2000474c        0x4 CMakeFiles/Omnitrix.dir/Middlewares/Third_Party/FreeRTOS/Source/tasks.c.obj
 .bss.xNumOfOverflows
                0x20004750        0x4 CMakeFiles/Omnitrix.dir/Middlewares/Third_Party/FreeRTOS/Source/tasks.c.obj
 .bss.xYieldPending
                0x20004754        0x4 CMakeFiles/Omnitrix.dir/Middlewares/Third_Party/FreeRTOS/Source/tasks.c.obj
 .bss.xPendedTicks
                0x20004758        0x4 CMakeFiles/Omnitrix.dir/Middlewares/Third_Party/FreeRTOS/Source/tasks.c.obj
 .bss.xSchedulerRunning
                0x2000475c        0x4 CMakeFiles/Omnitrix.dir/Middlewares/Third_Party/FreeRTOS/Source/tasks.c.obj
 .bss.uxTopReadyPriority
                0x20004760        0x4 CMakeFiles/Omnitrix.dir/Middlewares/Third_Party/FreeRTOS/Source/tasks.c.obj
 .bss.xTickCount
                0x20004764        0x4 CMakeFiles/Omnitrix.dir/Middlewares/Third_Party/FreeRTOS/Source/tasks.c.obj
 .bss.uxCurrentNumberOfTasks
                0x20004768        0x4 CMakeFiles/Omnitrix.dir/Middlewares/Third_Party/FreeRTOS/Source/tasks.c.obj
 .bss.xSuspendedTaskList
                0x2000476c       0x14 CMakeFiles/Omnitrix.dir/Middlewares/Third_Party/FreeRTOS/Source/tasks.c.obj
 .bss.uxDeletedTasksWaitingCleanUp
                0x20004780        0x4 CMakeFiles/Omnitrix.dir/Middlewares/Third_Party/FreeRTOS/Source/tasks.c.obj
 .bss.xTasksWaitingTermination
                0x20004784       0x14 CMakeFiles/Omnitrix.dir/Middlewares/Third_Party/FreeRTOS/Source/tasks.c.obj
 .bss.xPendingReadyList
                0x20004798       0x14 CMakeFiles/Omnitrix.dir/Middlewares/Third_Party/FreeRTOS/Source/tasks.c.obj
 .bss.pxOverflowDelayedTaskList
                0x200047ac        0x4 CMakeFiles/Omnitrix.dir/Middlewares/Third_Party/FreeRTOS/Source/tasks.c.obj
 .bss.pxDelayedTaskList
                0x200047b0        0x4 CMakeFiles/Omnitrix.dir/Middlewares/Third_Party/FreeRTOS/Source/tasks.c.obj
 .bss.xDelayedTaskList2
                0x200047b4       0x14 CMakeFiles/Omnitrix.dir/Middlewares/Third_Party/FreeRTOS/Source/tasks.c.obj
 .bss.xDelayedTaskList1
                0x200047c8       0x14 CMakeFiles/Omnitrix.dir/Middlewares/Third_Party/FreeRTOS/Source/tasks.c.obj
 .bss.pxReadyTasksLists
                0x200047dc      0x460 CMakeFiles/Omnitrix.dir/Middlewares/Third_Party/FreeRTOS/Source/tasks.c.obj
 .bss.pxCurrentTCB
                0x20004c3c        0x4 CMakeFiles/Omnitrix.dir/Middlewares/Third_Party/FreeRTOS/Source/tasks.c.obj
                0x20004c3c                pxCurrentTCB
 .bss.xStaticTimerQueue.0
                0x20004c40       0x50 CMakeFiles/Omnitrix.dir/Middlewares/Third_Party/FreeRTOS/Source/timers.c.obj
 .bss.ucStaticTimerQueueStorage.1
                0x20004c90       0xa0 CMakeFiles/Omnitrix.dir/Middlewares/Third_Party/FreeRTOS/Source/timers.c.obj
 .bss.xLastTime.2
                0x20004d30        0x4 CMakeFiles/Omnitrix.dir/Middlewares/Third_Party/FreeRTOS/Source/timers.c.obj
 .bss.xTimerTaskHandle
                0x20004d34        0x4 CMakeFiles/Omnitrix.dir/Middlewares/Third_Party/FreeRTOS/Source/timers.c.obj
 .bss.xTimerQueue
                0x20004d38        0x4 CMakeFiles/Omnitrix.dir/Middlewares/Third_Party/FreeRTOS/Source/timers.c.obj
 .bss.pxOverflowTimerList
                0x20004d3c        0x4 CMakeFiles/Omnitrix.dir/Middlewares/Third_Party/FreeRTOS/Source/timers.c.obj
 .bss.pxCurrentTimerList
                0x20004d40        0x4 CMakeFiles/Omnitrix.dir/Middlewares/Third_Party/FreeRTOS/Source/timers.c.obj
 .bss.xActiveTimerList2
                0x20004d44       0x14 CMakeFiles/Omnitrix.dir/Middlewares/Third_Party/FreeRTOS/Source/timers.c.obj
 .bss.xActiveTimerList1
                0x20004d58       0x14 CMakeFiles/Omnitrix.dir/Middlewares/Third_Party/FreeRTOS/Source/timers.c.obj
 .bss.__sf      0x20004d6c      0x138 /home/tree/toolchain/xpack-arm-none-eabi-gcc-14.2.1-1.1/bin/../lib/gcc/arm-none-eabi/14.2.1/../../../../arm-none-eabi/lib/thumb/v7e-m+fp/hard/libg_nano.a(libc_a-findfp.o)
                0x20004d6c                __sf
 .bss.__stdio_exit_handler
                0x20004ea4        0x4 /home/tree/toolchain/xpack-arm-none-eabi-gcc-14.2.1-1.1/bin/../lib/gcc/arm-none-eabi/14.2.1/../../../../arm-none-eabi/lib/thumb/v7e-m+fp/hard/libg_nano.a(libc_a-findfp.o)
                0x20004ea4                __stdio_exit_handler
 .bss.errno     0x20004ea8        0x4 /home/tree/toolchain/xpack-arm-none-eabi-gcc-14.2.1-1.1/bin/../lib/gcc/arm-none-eabi/14.2.1/../../../../arm-none-eabi/lib/thumb/v7e-m+fp/hard/libg_nano.a(libc_a-reent.o)
                0x20004ea8                errno
 .bss.__lock___malloc_recursive_mutex
                0x20004eac        0x1 /home/tree/toolchain/xpack-arm-none-eabi-gcc-14.2.1-1.1/bin/../lib/gcc/arm-none-eabi/14.2.1/../../../../arm-none-eabi/lib/thumb/v7e-m+fp/hard/libg_nano.a(libc_a-lock.o)